#
# Autogenerated by generate-bytecode-expectations.
#

---
wrap: no
test function name: f

---
snippet: "
  function* f() { }
  f();
"
frame size: 11
parameter count: 1
bytecode array length: 202
bytecodes: [
                B(Ldar), R(new_target),
                B(JumpIfUndefined), U8(21),
                B(ResumeGenerator), R(new_target),
                B(Star), R(1),
                B(LdaZero),
                B(TestEqualStrict), R(1), U8(0),
                B(JumpIfTrue), U8(53),
                B(LdaSmi), U8(76),
                B(Star), R(2),
                B(CallRuntime), U16(Runtime::kAbort), R(2), U8(1),
                B(LdaSmi), U8(-2),
                B(Star), R(1),
                B(CreateFunctionContext), U8(2),
                B(PushContext), R(0),
                B(Ldar), R(this),
                B(StaCurrentContextSlot), U8(4),
  /*   11 E> */ B(StackCheck),
                B(Mov), R(context), R(4),
  /*   11 E> */ B(LdrCurrentContextSlot), U8(4), R(6),
                B(Ldar), R(6),
                B(Mov), R(closure), R(5),
                B(CallRuntime), U16(Runtime::kCreateJSGeneratorObject), R(5), U8(2),
                B(StaCurrentContextSlot), U8(5),
                B(Star), R(5),
                B(LdrCurrentContextSlot), U8(5), R(6),
                B(LdaZero),
                B(SuspendGenerator), R(6),
                B(Ldar), R(5),
  /*   16 S> */ B(Return),
                B(LdaSmi), U8(-2),
                B(Star), R(1),
                B(CallRuntime), U16(Runtime::k_GeneratorGetInputOrDebugPos), R(6), U8(1),
                B(Star), R(7),
                B(CallRuntime), U16(Runtime::k_GeneratorGetResumeMode), R(6), U8(1),
                B(Star), R(8),
                B(LdaZero),
                B(TestEqualStrict), R(8), U8(0),
                B(JumpIfTrue), U8(32),
                B(LdaSmi), U8(2),
                B(TestEqualStrict), R(8), U8(0),
                B(JumpIfTrue), U8(22),
                B(Jump), U8(2),
                B(LdaTrue),
                B(Star), R(10),
                B(Mov), R(7), R(9),
                B(CallRuntime), U16(Runtime::k_CreateIterResultObject), R(9), U8(2),
                B(Star), R(3),
                B(LdaZero),
                B(Star), R(2),
                B(Jump), U8(35),
                B(Ldar), R(7),
  /*   11 E> */ B(Throw),
                B(LdrUndefined), R(5),
                B(LdaTrue),
                B(Star), R(6),
                B(CallRuntime), U16(Runtime::k_CreateIterResultObject), R(5), U8(2),
                B(Star), R(3),
                B(LdaSmi), U8(1),
                B(Star), R(2),
                B(Jump), U8(14),
                B(LdaSmi), U8(-1),
                B(Star), R(2),
                B(Jump), U8(8),
                B(Star), R(3),
                B(LdaSmi), U8(2),
                B(Star), R(2),
                B(CallRuntime), U16(Runtime::kInterpreterClearPendingMessage), R(0), U8(0),
                B(Star), R(4),
                B(LdrCurrentContextSlot), U8(5), R(5),
                B(CallRuntime), U16(Runtime::k_GeneratorClose), R(5), U8(1),
                B(CallRuntime), U16(Runtime::kInterpreterSetPendingMessage), R(4), U8(1),
                B(LdaZero),
                B(TestEqualStrict), R(2), U8(0),
                B(JumpIfTrue), U8(18),
                B(LdaSmi), U8(1),
                B(TestEqualStrict), R(2), U8(0),
                B(JumpIfTrue), U8(14),
                B(LdaSmi), U8(2),
                B(TestEqualStrict), R(2), U8(0),
                B(JumpIfTrue), U8(10),
                B(Jump), U8(11),
                B(Ldar), R(3),
  /*   16 S> */ B(Return),
                B(Ldar), R(3),
  /*   16 S> */ B(Return),
                B(Ldar), R(3),
                B(ReThrow),
                B(LdaUndefined),
  /*   16 S> */ B(Return),
]
constant pool: [
]
handlers: [
  [39, 137, 143],
]

---
snippet: "
  function* f() { yield 42 }
  f();
"
frame size: 11
parameter count: 1
bytecode array length: 298
bytecodes: [
                B(Ldar), R(new_target),
                B(JumpIfUndefined), U8(28),
                B(ResumeGenerator), R(new_target),
                B(Star), R(1),
                B(LdaZero),
                B(TestEqualStrict), R(1), U8(0),
                B(JumpIfTrue), U8(60),
                B(LdaSmi), U8(1),
                B(TestEqualStrict), R(1), U8(0),
                B(JumpIfTrueConstant), U8(0),
                B(LdaSmi), U8(76),
                B(Star), R(2),
                B(CallRuntime), U16(Runtime::kAbort), R(2), U8(1),
                B(LdaSmi), U8(-2),
                B(Star), R(1),
                B(CreateFunctionContext), U8(2),
                B(PushContext), R(0),
                B(Ldar), R(this),
                B(StaCurrentContextSlot), U8(4),
  /*   11 E> */ B(StackCheck),
                B(Mov), R(context), R(4),
  /*   11 E> */ B(LdrCurrentContextSlot), U8(4), R(6),
                B(Ldar), R(6),
                B(Mov), R(closure), R(5),
                B(CallRuntime), U16(Runtime::kCreateJSGeneratorObject), R(5), U8(2),
                B(StaCurrentContextSlot), U8(5),
                B(Star), R(5),
                B(LdrCurrentContextSlot), U8(5), R(6),
                B(LdaZero),
                B(SuspendGenerator), R(6),
                B(Ldar), R(5),
  /*   25 S> */ B(Return),
                B(LdaSmi), U8(-2),
                B(Star), R(1),
                B(CallRuntime), U16(Runtime::k_GeneratorGetInputOrDebugPos), R(6), U8(1),
                B(Star), R(7),
                B(CallRuntime), U16(Runtime::k_GeneratorGetResumeMode), R(6), U8(1),
                B(Star), R(8),
                B(LdaZero),
                B(TestEqualStrict), R(8), U8(0),
                B(JumpIfTrue), U8(32),
                B(LdaSmi), U8(2),
                B(TestEqualStrict), R(8), U8(0),
                B(JumpIfTrue), U8(22),
                B(Jump), U8(2),
                B(LdaTrue),
                B(Star), R(10),
                B(Mov), R(7), R(9),
                B(CallRuntime), U16(Runtime::k_CreateIterResultObject), R(9), U8(2),
                B(Star), R(3),
                B(LdaZero),
                B(Star), R(2),
                B(Jump), U8(114),
                B(Ldar), R(7),
  /*   11 E> */ B(Throw),
  /*   16 S> */ B(LdaSmi), U8(42),
                B(Star), R(5),
                B(LdaFalse),
                B(Star), R(6),
                B(CallRuntime), U16(Runtime::k_CreateIterResultObject), R(5), U8(2),
                B(Star), R(5),
                B(LdrCurrentContextSlot), U8(5), R(6),
                B(LdaSmi), U8(1),
                B(SuspendGenerator), R(6),
                B(Ldar), R(5),
  /*   25 S> */ B(Return),
                B(LdaSmi), U8(-2),
                B(Star), R(1),
                B(CallRuntime), U16(Runtime::k_GeneratorGetInputOrDebugPos), R(6), U8(1),
                B(Star), R(7),
                B(CallRuntime), U16(Runtime::k_GeneratorGetResumeMode), R(6), U8(1),
                B(Star), R(8),
                B(LdaZero),
                B(TestEqualStrict), R(8), U8(0),
                B(JumpIfTrue), U8(33),
                B(LdaSmi), U8(2),
                B(TestEqualStrict), R(8), U8(0),
                B(JumpIfTrue), U8(23),
                B(Jump), U8(2),
                B(LdaTrue),
                B(Star), R(10),
                B(Mov), R(7), R(9),
                B(CallRuntime), U16(Runtime::k_CreateIterResultObject), R(9), U8(2),
                B(Star), R(3),
                B(LdaSmi), U8(1),
                B(Star), R(2),
                B(Jump), U8(35),
                B(Ldar), R(7),
  /*   16 E> */ B(Throw),
                B(LdrUndefined), R(5),
                B(LdaTrue),
                B(Star), R(6),
                B(CallRuntime), U16(Runtime::k_CreateIterResultObject), R(5), U8(2),
                B(Star), R(3),
                B(LdaSmi), U8(2),
                B(Star), R(2),
                B(Jump), U8(14),
                B(LdaSmi), U8(-1),
                B(Star), R(2),
                B(Jump), U8(8),
                B(Star), R(3),
                B(LdaSmi), U8(3),
                B(Star), R(2),
                B(CallRuntime), U16(Runtime::kInterpreterClearPendingMessage), R(0), U8(0),
                B(Star), R(4),
                B(LdrCurrentContextSlot), U8(5), R(5),
                B(CallRuntime), U16(Runtime::k_GeneratorClose), R(5), U8(1),
                B(CallRuntime), U16(Runtime::kInterpreterSetPendingMessage), R(4), U8(1),
                B(LdaZero),
                B(TestEqualStrict), R(2), U8(0),
                B(JumpIfTrue), U8(25),
                B(LdaSmi), U8(1),
                B(TestEqualStrict), R(2), U8(0),
                B(JumpIfTrue), U8(21),
                B(LdaSmi), U8(2),
                B(TestEqualStrict), R(2), U8(0),
                B(JumpIfTrue), U8(17),
                B(LdaSmi), U8(3),
                B(TestEqualStrict), R(2), U8(0),
                B(JumpIfTrue), U8(13),
                B(Jump), U8(14),
                B(Ldar), R(3),
  /*   25 S> */ B(Return),
                B(Ldar), R(3),
  /*   25 S> */ B(Return),
                B(Ldar), R(3),
  /*   25 S> */ B(Return),
                B(Ldar), R(3),
                B(ReThrow),
                B(LdaUndefined),
  /*   25 S> */ B(Return),
]
constant pool: [
  Smi [131],
]
handlers: [
  [46, 223, 229],
]

---
snippet: "
  function* f() { for (let x of [42]) yield x }
  f();
"
frame size: 18
parameter count: 1
bytecode array length: 773
bytecodes: [
                B(Ldar), R(new_target),
                B(JumpIfUndefined), U8(28),
                B(ResumeGenerator), R(new_target),
                B(Star), R(4),
                B(LdaZero),
                B(TestEqualStrict), R(4), U8(0),
                B(JumpIfTrue), U8(60),
                B(LdaSmi), U8(1),
                B(TestEqualStrict), R(4), U8(0),
                B(JumpIfTrueConstant), U8(3),
                B(LdaSmi), U8(76),
                B(Star), R(5),
                B(CallRuntime), U16(Runtime::kAbort), R(5), U8(1),
                B(LdaSmi), U8(-2),
                B(Star), R(4),
                B(CreateFunctionContext), U8(9),
                B(PushContext), R(0),
                B(Ldar), R(this),
                B(StaCurrentContextSlot), U8(4),
  /*   11 E> */ B(StackCheck),
                B(Mov), R(context), R(7),
  /*   11 E> */ B(LdrCurrentContextSlot), U8(4), R(9),
                B(Ldar), R(9),
                B(Mov), R(closure), R(8),
                B(CallRuntime), U16(Runtime::kCreateJSGeneratorObject), R(8), U8(2),
                B(StaCurrentContextSlot), U8(5),
                B(Star), R(8),
                B(LdrCurrentContextSlot), U8(5), R(9),
                B(LdaZero),
                B(SuspendGenerator), R(9),
                B(Ldar), R(8),
  /*   44 S> */ B(Return),
                B(LdaSmi), U8(-2),
                B(Star), R(4),
                B(CallRuntime), U16(Runtime::k_GeneratorGetInputOrDebugPos), R(9), U8(1),
                B(Star), R(10),
                B(CallRuntime), U16(Runtime::k_GeneratorGetResumeMode), R(9), U8(1),
                B(Star), R(11),
                B(LdaZero),
                B(TestEqualStrict), R(11), U8(0),
                B(JumpIfTrue), U8(32),
                B(LdaSmi), U8(2),
                B(TestEqualStrict), R(11), U8(0),
                B(JumpIfTrue), U8(22),
                B(Jump), U8(2),
                B(LdaTrue),
                B(Star), R(13),
                B(Mov), R(10), R(12),
                B(CallRuntime), U16(Runtime::k_CreateIterResultObject), R(12), U8(2),
                B(Star), R(6),
                B(LdaZero),
                B(Star), R(5),
                B(JumpConstant), U8(19),
                B(Ldar), R(10),
  /*   11 E> */ B(Throw),
                B(Ldar), R(closure),
                B(CreateBlockContext), U8(0),
                B(PushContext), R(1),
                B(LdaTheHole),
                B(StaCurrentContextSlot), U8(4),
                B(LdaZero),
                B(StaContextSlot), R(1), U8(9), U8(0),
                B(Mov), R(context), R(10),
                B(Mov), R(context), R(11),
  /*   30 S> */ B(CreateArrayLiteral), U8(1), U8(0), U8(9),
                B(Star), R(13),
                B(LdaConstant), U8(2),
  /*   30 E> */ B(LdrKeyedProperty), R(13), U8(4), R(12),
  /*   30 E> */ B(CallProperty), R(12), R(13), U8(1), U8(2),
  /*   30 E> */ B(StaContextSlot), R(1), U8(7), U8(0),
                B(LdaSmi), U8(-2),
                B(TestEqual), R(4), U8(0),
                B(JumpIfTrue), U8(18),
                B(LdaSmi), U8(1),
                B(TestEqualStrict), R(4), U8(0),
                B(JumpIfTrueConstant), U8(8),
                B(LdaSmi), U8(76),
                B(Star), R(12),
                B(CallRuntime), U16(Runtime::kAbort), R(12), U8(1),
  /*   27 S> */ B(LdrContextSlot), R(1), U8(7), U8(0), R(14),
                B(LdrNamedProperty), R(14), U8(4), U8(8), R(13),
  /*   27 E> */ B(CallProperty), R(13), R(14), U8(1), U8(6),
  /*   27 E> */ B(StaContextSlot), R(1), U8(8), U8(0),
                B(Star), R(12),
                B(InvokeIntrinsic), U8(Runtime::k_IsJSReceiver), R(12), U8(1),
                B(ToBooleanLogicalNot),
                B(JumpIfFalse), U8(12),
                B(LdrContextSlot), R(1), U8(8), U8(0), R(12),
                B(CallRuntime), U16(Runtime::kThrowIteratorResultNotAnObject), R(12), U8(1),
                B(LdrContextSlot), R(1), U8(8), U8(0), R(12),
                B(LdaNamedProperty), R(12), U8(5), U8(10),
                B(JumpIfToBooleanTrueConstant), U8(9),
                B(LdrContextSlot), R(1), U8(8), U8(0), R(12),
                B(LdaNamedProperty), R(12), U8(6), U8(12),
                B(StaContextSlot), R(1), U8(10), U8(0),
                B(LdaSmi), U8(2),
                B(StaContextSlot), R(1), U8(9), U8(0),
                B(LdaContextSlot), R(1), U8(10), U8(0),
                B(StaContextSlot), R(1), U8(6), U8(0),
  /*   16 E> */ B(StackCheck),
                B(Ldar), R(closure),
                B(CreateBlockContext), U8(7),
                B(PushContext), R(2),
                B(LdaTheHole),
                B(StaCurrentContextSlot), U8(4),
                B(LdaContextSlot), R(1), U8(6), U8(0),
                B(StaCurrentContextSlot), U8(4),
  /*   36 S> */ B(LdrCurrentContextSlot), U8(4), R(12),
                B(LdaFalse),
                B(Star), R(13),
                B(CallRuntime), U16(Runtime::k_CreateIterResultObject), R(12), U8(2),
                B(Star), R(12),
                B(LdrContextSlot), R(1), U8(5), U8(0), R(13),
                B(LdaSmi), U8(1),
                B(SuspendGenerator), R(13),
                B(Ldar), R(12),
  /*   44 S> */ B(Return),
                B(LdaSmi), U8(-2),
                B(Star), R(4),
                B(CallRuntime), U16(Runtime::k_GeneratorGetInputOrDebugPos), R(13), U8(1),
                B(Star), R(14),
                B(CallRuntime), U16(Runtime::k_GeneratorGetResumeMode), R(13), U8(1),
                B(Star), R(15),
                B(LdaZero),
                B(TestEqualStrict), R(15), U8(0),
                B(JumpIfTrue), U8(44),
                B(LdaSmi), U8(2),
                B(TestEqualStrict), R(15), U8(0),
                B(JumpIfTrue), U8(34),
                B(Jump), U8(2),
                B(LdaTrue),
                B(Star), R(17),
                B(Mov), R(14), R(16),
                B(CallRuntime), U16(Runtime::k_CreateIterResultObject), R(16), U8(2),
                B(PopContext), R(2),
                B(PopContext), R(2),
                B(PopContext), R(2),
                B(PopContext), R(2),
                B(PopContext), R(2),
                B(PopContext), R(2),
                B(Star), R(9),
                B(LdaZero),
                B(Star), R(8),
                B(Jump), U8(72),
                B(Ldar), R(14),
  /*   36 E> */ B(Throw),
                B(PopContext), R(2),
                B(LdaZero),
                B(StaContextSlot), R(1), U8(9), U8(0),
                B(Wide), B(JumpLoop), U16(-214), U16(0),
                B(Jump), U8(42),
                B(Star), R(12),
                B(Ldar), R(closure),
                B(CreateCatchContext), R(12), U8(10), U8(11),
                B(Star), R(11),
                B(PushContext), R(2),
                B(LdrContextSlot), R(0), U8(9), U8(0), R(12),
                B(LdaSmi), U8(2),
                B(TestEqualStrict), R(12), U8(14),
                B(JumpIfFalse), U8(8),
                B(LdaSmi), U8(1),
                B(StaContextSlot), R(0), U8(9), U8(0),
                B(LdrCurrentContextSlot), U8(4), R(12),
                B(CallRuntime), U16(Runtime::kReThrow), R(12), U8(1),
                B(PopContext), R(2),
                B(LdaSmi), U8(-1),
                B(Star), R(8),
                B(Jump), U8(8),
                B(Star), R(9),
                B(LdaSmi), U8(1),
                B(Star), R(8),
                B(CallRuntime), U16(Runtime::kInterpreterClearPendingMessage), R(0), U8(0),
                B(Star), R(10),
                B(LdrContextSlot), R(1), U8(9), U8(0), R(11),
                B(LdaZero),
                B(TestEqualStrict), R(11), U8(15),
                B(JumpIfTrueConstant), U8(17),
                B(LdrContextSlot), R(1), U8(7), U8(0), R(11),
                B(LdaUndefined),
                B(TestEqualStrict), R(11), U8(16),
                B(JumpIfTrueConstant), U8(18),
                B(LdrContextSlot), R(1), U8(7), U8(0), R(11),
                B(LdaNamedProperty), R(11), U8(12), U8(17),
                B(StaContextSlot), R(1), U8(11), U8(0),
                B(LdrContextSlot), R(1), U8(11), U8(0), R(11),
                B(LdaNull),
                B(TestEqual), R(11), U8(19),
                B(JumpIfFalse), U8(4),
                B(JumpConstant), U8(16),
                B(LdrContextSlot), R(1), U8(9), U8(0), R(11),
                B(LdaSmi), U8(1),
                B(TestEqualStrict), R(11), U8(20),
                B(JumpIfFalse), U8(76),
                B(LdaContextSlot), R(1), U8(11), U8(0),
                B(TypeOf),
                B(Star), R(11),
                B(LdaConstant), U8(13),
                B(TestEqualStrict), R(11), U8(21),
                B(JumpIfFalse), U8(4),
                B(Jump), U8(18),
                B(Wide), B(LdaSmi), U16(130),
                B(Star), R(11),
                B(LdaConstant), U8(14),
                B(Star), R(12),
                B(CallRuntime), U16(Runtime::kNewTypeError), R(11), U8(2),
                B(Throw),
                B(Mov), R(context), R(11),
                B(LdrContextSlot), R(1), U8(11), U8(0), R(12),
                B(LdrContextSlot), R(1), U8(7), U8(0), R(13),
                B(InvokeIntrinsic), U8(Runtime::k_Call), R(12), U8(2),
                B(Jump), U8(23),
                B(Star), R(12),
                B(Ldar), R(closure),
                B(CreateCatchContext), R(12), U8(10), U8(15),
                B(Star), R(11),
                B(CallRuntime), U16(Runtime::kInterpreterClearPendingMessage), R(0), U8(0),
                B(Ldar), R(11),
                B(PushContext), R(2),
                B(PopContext), R(2),
                B(Jump), U8(43),
                B(LdrContextSlot), R(1), U8(11), U8(0), R(11),
                B(LdrContextSlot), R(1), U8(7), U8(0), R(12),
                B(InvokeIntrinsic), U8(Runtime::k_Call), R(11), U8(2),
                B(StaContextSlot), R(1), U8(12), U8(0),
                B(LdrContextSlot), R(1), U8(12), U8(0), R(11),
                B(InvokeIntrinsic), U8(Runtime::k_IsJSReceiver), R(11), U8(1),
                B(JumpIfToBooleanFalse), U8(4),
                B(Jump), U8(12),
                B(LdrContextSlot), R(1), U8(12), U8(0), R(11),
                B(CallRuntime), U16(Runtime::kThrowIteratorResultNotAnObject), R(11), U8(1),
                B(CallRuntime), U16(Runtime::kInterpreterSetPendingMessage), R(10), U8(1),
                B(LdaZero),
                B(TestEqualStrict), R(8), U8(0),
                B(JumpIfTrue), U8(11),
                B(LdaSmi), U8(1),
                B(TestEqualStrict), R(8), U8(0),
                B(JumpIfTrue), U8(17),
                B(Jump), U8(28),
                B(PopContext), R(1),
                B(PopContext), R(1),
                B(LdaSmi), U8(1),
                B(Star), R(5),
                B(Mov), R(9), R(6),
                B(Jump), U8(47),
                B(PopContext), R(1),
                B(PopContext), R(1),
                B(LdaSmi), U8(2),
                B(Star), R(5),
                B(Mov), R(9), R(6),
                B(Jump), U8(34),
                B(PopContext), R(1),
                B(LdrUndefined), R(8),
                B(LdaTrue),
                B(Star), R(9),
                B(CallRuntime), U16(Runtime::k_CreateIterResultObject), R(8), U8(2),
                B(Star), R(6),
                B(LdaSmi), U8(3),
                B(Star), R(5),
                B(Jump), U8(14),
                B(LdaSmi), U8(-1),
                B(Star), R(5),
                B(Jump), U8(8),
                B(Star), R(6),
                B(LdaSmi), U8(4),
                B(Star), R(5),
                B(CallRuntime), U16(Runtime::kInterpreterClearPendingMessage), R(0), U8(0),
                B(Star), R(7),
                B(LdrCurrentContextSlot), U8(5), R(8),
                B(CallRuntime), U16(Runtime::k_GeneratorClose), R(8), U8(1),
                B(CallRuntime), U16(Runtime::kInterpreterSetPendingMessage), R(7), U8(1),
                B(LdaZero),
                B(TestEqualStrict), R(5), U8(0),
                B(JumpIfTrue), U8(32),
                B(LdaSmi), U8(1),
                B(TestEqualStrict), R(5), U8(0),
                B(JumpIfTrue), U8(28),
                B(LdaSmi), U8(2),
                B(TestEqualStrict), R(5), U8(0),
                B(JumpIfTrue), U8(24),
                B(LdaSmi), U8(3),
                B(TestEqualStrict), R(5), U8(0),
                B(JumpIfTrue), U8(20),
                B(LdaSmi), U8(4),
                B(TestEqualStrict), R(5), U8(0),
                B(JumpIfTrue), U8(16),
                B(Jump), U8(17),
                B(Ldar), R(6),
  /*   44 S> */ B(Return),
                B(Ldar), R(6),
  /*   44 S> */ B(Return),
                B(Ldar), R(6),
                B(ReThrow),
                B(Ldar), R(6),
  /*   44 S> */ B(Return),
                B(Ldar), R(6),
                B(ReThrow),
                B(LdaUndefined),
  /*   44 S> */ B(Return),
]
constant pool: [
  FIXED_ARRAY_TYPE,
  FIXED_ARRAY_TYPE,
  SYMBOL_TYPE,
  Smi [148],
  ONE_BYTE_INTERNALIZED_STRING_TYPE ["next"],
  ONE_BYTE_INTERNALIZED_STRING_TYPE ["done"],
  ONE_BYTE_INTERNALIZED_STRING_TYPE ["value"],
  FIXED_ARRAY_TYPE,
  Smi [128],
  Smi [149],
  ONE_BYTE_INTERNALIZED_STRING_TYPE [".catch"],
  FIXED_ARRAY_TYPE,
  ONE_BYTE_INTERNALIZED_STRING_TYPE ["return"],
  ONE_BYTE_INTERNALIZED_STRING_TYPE ["function"],
  ONE_BYTE_INTERNALIZED_STRING_TYPE [""],
  FIXED_ARRAY_TYPE,
  Smi [129],
  Smi [166],
  Smi [155],
  Smi [579],
]
handlers: [
  [46, 688, 694],
  [143, 428, 434],
  [146, 386, 388],
  [542, 556, 558],
]

