#
# Autogenerated by generate-bytecode-expectations.
#

---
pool type: number
execute: yes
wrap: yes

---
snippet: "
  return 1.2;
"
frame size: 0
parameter count: 1
bytecode array length: 4
bytecodes: [
  /*   30 E> */ B(StackCheck),
  /*   34 S> */ B(LdaConstant), U8(0),
  /*   46 S> */ B(Return),
]
constant pool: [
  1.2,
]
handlers: [
]

---
snippet: "
  var a = 1.2; return 2.6;
"
frame size: 1
parameter count: 1
bytecode array length: 8
bytecodes: [
  /*   30 E> */ B(StackCheck),
  /*   42 S> */ B(LdaConstant), U8(0),
  /*   42 E> */ B(Star), R(0),
  /*   47 S> */ B(LdaConstant), U8(1),
  /*   59 S> */ B(Return),
]
constant pool: [
  1.2,
  2.6,
]
handlers: [
]

---
snippet: "
  var a = 3.14; return 3.14;
"
frame size: 1
parameter count: 1
bytecode array length: 8
bytecodes: [
  /*   30 E> */ B(StackCheck),
  /*   42 S> */ B(LdaConstant), U8(0),
  /*   42 E> */ B(Star), R(0),
  /*   48 S> */ B(LdaConstant), U8(1),
  /*   61 S> */ B(Return),
]
constant pool: [
  3.14,
  3.14,
]
handlers: [
]

---
snippet: "
  var a;
  a = 1.414;
  a = 1.414;
  a = 1.414;
  a = 1.414;
  a = 1.414;
  a = 1.414;
  a = 1.414;
  a = 1.414;
  a = 1.414;
  a = 1.414;
  a = 1.414;
  a = 1.414;
  a = 1.414;
  a = 1.414;
  a = 1.414;
  a = 1.414;
  a = 1.414;
  a = 1.414;
  a = 1.414;
  a = 1.414;
  a = 1.414;
  a = 1.414;
  a = 1.414;
  a = 1.414;
  a = 1.414;
  a = 1.414;
  a = 1.414;
  a = 1.414;
  a = 1.414;
  a = 1.414;
  a = 1.414;
  a = 1.414;
  a = 1.414;
  a = 1.414;
  a = 1.414;
  a = 1.414;
  a = 1.414;
  a = 1.414;
  a = 1.414;
  a = 1.414;
  a = 1.414;
  a = 1.414;
  a = 1.414;
  a = 1.414;
  a = 1.414;
  a = 1.414;
  a = 1.414;
  a = 1.414;
  a = 1.414;
  a = 1.414;
  a = 1.414;
  a = 1.414;
  a = 1.414;
  a = 1.414;
  a = 1.414;
  a = 1.414;
  a = 1.414;
  a = 1.414;
  a = 1.414;
  a = 1.414;
  a = 1.414;
  a = 1.414;
  a = 1.414;
  a = 1.414;
  a = 1.414;
  a = 1.414;
  a = 1.414;
  a = 1.414;
  a = 1.414;
  a = 1.414;
  a = 1.414;
  a = 1.414;
  a = 1.414;
  a = 1.414;
  a = 1.414;
  a = 1.414;
  a = 1.414;
  a = 1.414;
  a = 1.414;
  a = 1.414;
  a = 1.414;
  a = 1.414;
  a = 1.414;
  a = 1.414;
  a = 1.414;
  a = 1.414;
  a = 1.414;
  a = 1.414;
  a = 1.414;
  a = 1.414;
  a = 1.414;
  a = 1.414;
  a = 1.414;
  a = 1.414;
  a = 1.414;
  a = 1.414;
  a = 1.414;
  a = 1.414;
  a = 1.414;
  a = 1.414;
  a = 1.414;
  a = 1.414;
  a = 1.414;
  a = 1.414;
  a = 1.414;
  a = 1.414;
  a = 1.414;
  a = 1.414;
  a = 1.414;
  a = 1.414;
  a = 1.414;
  a = 1.414;
  a = 1.414;
  a = 1.414;
  a = 1.414;
  a = 1.414;
  a = 1.414;
  a = 1.414;
  a = 1.414;
  a = 1.414;
  a = 1.414;
  a = 1.414;
  a = 1.414;
  a = 1.414;
  a = 1.414;
  a = 1.414;
  a = 1.414;
  a = 1.414;
  a = 1.414;
  a = 1.414;
  a = 1.414;
  a = 1.414;
  a = 1.414;
  a = 1.414;
  a = 1.414;
  a = 1.414;
  a = 1.414;
  a = 1.414;
  a = 1.414;
  a = 1.414;
  a = 1.414;
  a = 1.414;
  a = 1.414;
  a = 1.414;
  a = 1.414;
  a = 1.414;
  a = 1.414;
  a = 1.414;
  a = 1.414;
  a = 1.414;
  a = 1.414;
  a = 1.414;
  a = 1.414;
  a = 1.414;
  a = 1.414;
  a = 1.414;
  a = 1.414;
  a = 1.414;
  a = 1.414;
  a = 1.414;
  a = 1.414;
  a = 1.414;
  a = 1.414;
  a = 1.414;
  a = 1.414;
  a = 1.414;
  a = 1.414;
  a = 1.414;
  a = 1.414;
  a = 1.414;
  a = 1.414;
  a = 1.414;
  a = 1.414;
  a = 1.414;
  a = 1.414;
  a = 1.414;
  a = 1.414;
  a = 1.414;
  a = 1.414;
  a = 1.414;
  a = 1.414;
  a = 1.414;
  a = 1.414;
  a = 1.414;
  a = 1.414;
  a = 1.414;
  a = 1.414;
  a = 1.414;
  a = 1.414;
  a = 1.414;
  a = 1.414;
  a = 1.414;
  a = 1.414;
  a = 1.414;
  a = 1.414;
  a = 1.414;
  a = 1.414;
  a = 1.414;
  a = 1.414;
  a = 1.414;
  a = 1.414;
  a = 1.414;
  a = 1.414;
  a = 1.414;
  a = 1.414;
  a = 1.414;
  a = 1.414;
  a = 1.414;
  a = 1.414;
  a = 1.414;
  a = 1.414;
  a = 1.414;
  a = 1.414;
  a = 1.414;
  a = 1.414;
  a = 1.414;
  a = 1.414;
  a = 1.414;
  a = 1.414;
  a = 1.414;
  a = 1.414;
  a = 1.414;
  a = 1.414;
  a = 1.414;
  a = 1.414;
  a = 1.414;
  a = 1.414;
  a = 1.414;
  a = 1.414;
  a = 1.414;
  a = 1.414;
  a = 1.414;
  a = 1.414;
  a = 1.414;
  a = 1.414;
  a = 1.414;
  a = 1.414;
  a = 1.414;
  a = 1.414;
  a = 1.414;
  a = 1.414;
  a = 1.414;
  a = 1.414;
  a = 1.414;
  a = 1.414;
  a = 1.414;
  a = 1.414;
  a = 1.414;
  a = 1.414;
  a = 1.414;
  a = 1.414;
  a = 1.414;
  a = 1.414;
  a = 1.414;
  a = 1.414;
  a = 1.414; a = 3.14;
"
frame size: 1
parameter count: 1
bytecode array length: 1033
bytecodes: [
  /*   30 E> */ B(StackCheck),
  /*   41 S> */ B(LdaConstant), U8(0),
  /*   43 E> */ B(Star), R(0),
  /*   52 S> */ B(LdaConstant), U8(1),
  /*   54 E> */ B(Star), R(0),
  /*   63 S> */ B(LdaConstant), U8(2),
  /*   65 E> */ B(Star), R(0),
  /*   74 S> */ B(LdaConstant), U8(3),
  /*   76 E> */ B(Star), R(0),
  /*   85 S> */ B(LdaConstant), U8(4),
  /*   87 E> */ B(Star), R(0),
  /*   96 S> */ B(LdaConstant), U8(5),
  /*   98 E> */ B(Star), R(0),
  /*  107 S> */ B(LdaConstant), U8(6),
  /*  109 E> */ B(Star), R(0),
  /*  118 S> */ B(LdaConstant), U8(7),
  /*  120 E> */ B(Star), R(0),
  /*  129 S> */ B(LdaConstant), U8(8),
  /*  131 E> */ B(Star), R(0),
  /*  140 S> */ B(LdaConstant), U8(9),
  /*  142 E> */ B(Star), R(0),
  /*  151 S> */ B(LdaConstant), U8(10),
  /*  153 E> */ B(Star), R(0),
  /*  162 S> */ B(LdaConstant), U8(11),
  /*  164 E> */ B(Star), R(0),
  /*  173 S> */ B(LdaConstant), U8(12),
  /*  175 E> */ B(Star), R(0),
  /*  184 S> */ B(LdaConstant), U8(13),
  /*  186 E> */ B(Star), R(0),
  /*  195 S> */ B(LdaConstant), U8(14),
  /*  197 E> */ B(Star), R(0),
  /*  206 S> */ B(LdaConstant), U8(15),
  /*  208 E> */ B(Star), R(0),
  /*  217 S> */ B(LdaConstant), U8(16),
  /*  219 E> */ B(Star), R(0),
  /*  228 S> */ B(LdaConstant), U8(17),
  /*  230 E> */ B(Star), R(0),
  /*  239 S> */ B(LdaConstant), U8(18),
  /*  241 E> */ B(Star), R(0),
  /*  250 S> */ B(LdaConstant), U8(19),
  /*  252 E> */ B(Star), R(0),
  /*  261 S> */ B(LdaConstant), U8(20),
  /*  263 E> */ B(Star), R(0),
  /*  272 S> */ B(LdaConstant), U8(21),
  /*  274 E> */ B(Star), R(0),
  /*  283 S> */ B(LdaConstant), U8(22),
  /*  285 E> */ B(Star), R(0),
  /*  294 S> */ B(LdaConstant), U8(23),
  /*  296 E> */ B(Star), R(0),
  /*  305 S> */ B(LdaConstant), U8(24),
  /*  307 E> */ B(Star), R(0),
  /*  316 S> */ B(LdaConstant), U8(25),
  /*  318 E> */ B(Star), R(0),
  /*  327 S> */ B(LdaConstant), U8(26),
  /*  329 E> */ B(Star), R(0),
  /*  338 S> */ B(LdaConstant), U8(27),
  /*  340 E> */ B(Star), R(0),
  /*  349 S> */ B(LdaConstant), U8(28),
  /*  351 E> */ B(Star), R(0),
  /*  360 S> */ B(LdaConstant), U8(29),
  /*  362 E> */ B(Star), R(0),
  /*  371 S> */ B(LdaConstant), U8(30),
  /*  373 E> */ B(Star), R(0),
  /*  382 S> */ B(LdaConstant), U8(31),
  /*  384 E> */ B(Star), R(0),
  /*  393 S> */ B(LdaConstant), U8(32),
  /*  395 E> */ B(Star), R(0),
  /*  404 S> */ B(LdaConstant), U8(33),
  /*  406 E> */ B(Star), R(0),
  /*  415 S> */ B(LdaConstant), U8(34),
  /*  417 E> */ B(Star), R(0),
  /*  426 S> */ B(LdaConstant), U8(35),
  /*  428 E> */ B(Star), R(0),
  /*  437 S> */ B(LdaConstant), U8(36),
  /*  439 E> */ B(Star), R(0),
  /*  448 S> */ B(LdaConstant), U8(37),
  /*  450 E> */ B(Star), R(0),
  /*  459 S> */ B(LdaConstant), U8(38),
  /*  461 E> */ B(Star), R(0),
  /*  470 S> */ B(LdaConstant), U8(39),
  /*  472 E> */ B(Star), R(0),
  /*  481 S> */ B(LdaConstant), U8(40),
  /*  483 E> */ B(Star), R(0),
  /*  492 S> */ B(LdaConstant), U8(41),
  /*  494 E> */ B(Star), R(0),
  /*  503 S> */ B(LdaConstant), U8(42),
  /*  505 E> */ B(Star), R(0),
  /*  514 S> */ B(LdaConstant), U8(43),
  /*  516 E> */ B(Star), R(0),
  /*  525 S> */ B(LdaConstant), U8(44),
  /*  527 E> */ B(Star), R(0),
  /*  536 S> */ B(LdaConstant), U8(45),
  /*  538 E> */ B(Star), R(0),
  /*  547 S> */ B(LdaConstant), U8(46),
  /*  549 E> */ B(Star), R(0),
  /*  558 S> */ B(LdaConstant), U8(47),
  /*  560 E> */ B(Star), R(0),
  /*  569 S> */ B(LdaConstant), U8(48),
  /*  571 E> */ B(Star), R(0),
  /*  580 S> */ B(LdaConstant), U8(49),
  /*  582 E> */ B(Star), R(0),
  /*  591 S> */ B(LdaConstant), U8(50),
  /*  593 E> */ B(Star), R(0),
  /*  602 S> */ B(LdaConstant), U8(51),
  /*  604 E> */ B(Star), R(0),
  /*  613 S> */ B(LdaConstant), U8(52),
  /*  615 E> */ B(Star), R(0),
  /*  624 S> */ B(LdaConstant), U8(53),
  /*  626 E> */ B(Star), R(0),
  /*  635 S> */ B(LdaConstant), U8(54),
  /*  637 E> */ B(Star), R(0),
  /*  646 S> */ B(LdaConstant), U8(55),
  /*  648 E> */ B(Star), R(0),
  /*  657 S> */ B(LdaConstant), U8(56),
  /*  659 E> */ B(Star), R(0),
  /*  668 S> */ B(LdaConstant), U8(57),
  /*  670 E> */ B(Star), R(0),
  /*  679 S> */ B(LdaConstant), U8(58),
  /*  681 E> */ B(Star), R(0),
  /*  690 S> */ B(LdaConstant), U8(59),
  /*  692 E> */ B(Star), R(0),
  /*  701 S> */ B(LdaConstant), U8(60),
  /*  703 E> */ B(Star), R(0),
  /*  712 S> */ B(LdaConstant), U8(61),
  /*  714 E> */ B(Star), R(0),
  /*  723 S> */ B(LdaConstant), U8(62),
  /*  725 E> */ B(Star), R(0),
  /*  734 S> */ B(LdaConstant), U8(63),
  /*  736 E> */ B(Star), R(0),
  /*  745 S> */ B(LdaConstant), U8(64),
  /*  747 E> */ B(Star), R(0),
  /*  756 S> */ B(LdaConstant), U8(65),
  /*  758 E> */ B(Star), R(0),
  /*  767 S> */ B(LdaConstant), U8(66),
  /*  769 E> */ B(Star), R(0),
  /*  778 S> */ B(LdaConstant), U8(67),
  /*  780 E> */ B(Star), R(0),
  /*  789 S> */ B(LdaConstant), U8(68),
  /*  791 E> */ B(Star), R(0),
  /*  800 S> */ B(LdaConstant), U8(69),
  /*  802 E> */ B(Star), R(0),
  /*  811 S> */ B(LdaConstant), U8(70),
  /*  813 E> */ B(Star), R(0),
  /*  822 S> */ B(LdaConstant), U8(71),
  /*  824 E> */ B(Star), R(0),
  /*  833 S> */ B(LdaConstant), U8(72),
  /*  835 E> */ B(Star), R(0),
  /*  844 S> */ B(LdaConstant), U8(73),
  /*  846 E> */ B(Star), R(0),
  /*  855 S> */ B(LdaConstant), U8(74),
  /*  857 E> */ B(Star), R(0),
  /*  866 S> */ B(LdaConstant), U8(75),
  /*  868 E> */ B(Star), R(0),
  /*  877 S> */ B(LdaConstant), U8(76),
  /*  879 E> */ B(Star), R(0),
  /*  888 S> */ B(LdaConstant), U8(77),
  /*  890 E> */ B(Star), R(0),
  /*  899 S> */ B(LdaConstant), U8(78),
  /*  901 E> */ B(Star), R(0),
  /*  910 S> */ B(LdaConstant), U8(79),
  /*  912 E> */ B(Star), R(0),
  /*  921 S> */ B(LdaConstant), U8(80),
  /*  923 E> */ B(Star), R(0),
  /*  932 S> */ B(LdaConstant), U8(81),
  /*  934 E> */ B(Star), R(0),
  /*  943 S> */ B(LdaConstant), U8(82),
  /*  945 E> */ B(Star), R(0),
  /*  954 S> */ B(LdaConstant), U8(83),
  /*  956 E> */ B(Star), R(0),
  /*  965 S> */ B(LdaConstant), U8(84),
  /*  967 E> */ B(Star), R(0),
  /*  976 S> */ B(LdaConstant), U8(85),
  /*  978 E> */ B(Star), R(0),
  /*  987 S> */ B(LdaConstant), U8(86),
  /*  989 E> */ B(Star), R(0),
  /*  998 S> */ B(LdaConstant), U8(87),
  /* 1000 E> */ B(Star), R(0),
  /* 1009 S> */ B(LdaConstant), U8(88),
  /* 1011 E> */ B(Star), R(0),
  /* 1020 S> */ B(LdaConstant), U8(89),
  /* 1022 E> */ B(Star), R(0),
  /* 1031 S> */ B(LdaConstant), U8(90),
  /* 1033 E> */ B(Star), R(0),
  /* 1042 S> */ B(LdaConstant), U8(91),
  /* 1044 E> */ B(Star), R(0),
  /* 1053 S> */ B(LdaConstant), U8(92),
  /* 1055 E> */ B(Star), R(0),
  /* 1064 S> */ B(LdaConstant), U8(93),
  /* 1066 E> */ B(Star), R(0),
  /* 1075 S> */ B(LdaConstant), U8(94),
  /* 1077 E> */ B(Star), R(0),
  /* 1086 S> */ B(LdaConstant), U8(95),
  /* 1088 E> */ B(Star), R(0),
  /* 1097 S> */ B(LdaConstant), U8(96),
  /* 1099 E> */ B(Star), R(0),
  /* 1108 S> */ B(LdaConstant), U8(97),
  /* 1110 E> */ B(Star), R(0),
  /* 1119 S> */ B(LdaConstant), U8(98),
  /* 1121 E> */ B(Star), R(0),
  /* 1130 S> */ B(LdaConstant), U8(99),
  /* 1132 E> */ B(Star), R(0),
  /* 1141 S> */ B(LdaConstant), U8(100),
  /* 1143 E> */ B(Star), R(0),
  /* 1152 S> */ B(LdaConstant), U8(101),
  /* 1154 E> */ B(Star), R(0),
  /* 1163 S> */ B(LdaConstant), U8(102),
  /* 1165 E> */ B(Star), R(0),
  /* 1174 S> */ B(LdaConstant), U8(103),
  /* 1176 E> */ B(Star), R(0),
  /* 1185 S> */ B(LdaConstant), U8(104),
  /* 1187 E> */ B(Star), R(0),
  /* 1196 S> */ B(LdaConstant), U8(105),
  /* 1198 E> */ B(Star), R(0),
  /* 1207 S> */ B(LdaConstant), U8(106),
  /* 1209 E> */ B(Star), R(0),
  /* 1218 S> */ B(LdaConstant), U8(107),
  /* 1220 E> */ B(Star), R(0),
  /* 1229 S> */ B(LdaConstant), U8(108),
  /* 1231 E> */ B(Star), R(0),
  /* 1240 S> */ B(LdaConstant), U8(109),
  /* 1242 E> */ B(Star), R(0),
  /* 1251 S> */ B(LdaConstant), U8(110),
  /* 1253 E> */ B(Star), R(0),
  /* 1262 S> */ B(LdaConstant), U8(111),
  /* 1264 E> */ B(Star), R(0),
  /* 1273 S> */ B(LdaConstant), U8(112),
  /* 1275 E> */ B(Star), R(0),
  /* 1284 S> */ B(LdaConstant), U8(113),
  /* 1286 E> */ B(Star), R(0),
  /* 1295 S> */ B(LdaConstant), U8(114),
  /* 1297 E> */ B(Star), R(0),
  /* 1306 S> */ B(LdaConstant), U8(115),
  /* 1308 E> */ B(Star), R(0),
  /* 1317 S> */ B(LdaConstant), U8(116),
  /* 1319 E> */ B(Star), R(0),
  /* 1328 S> */ B(LdaConstant), U8(117),
  /* 1330 E> */ B(Star), R(0),
  /* 1339 S> */ B(LdaConstant), U8(118),
  /* 1341 E> */ B(Star), R(0),
  /* 1350 S> */ B(LdaConstant), U8(119),
  /* 1352 E> */ B(Star), R(0),
  /* 1361 S> */ B(LdaConstant), U8(120),
  /* 1363 E> */ B(Star), R(0),
  /* 1372 S> */ B(LdaConstant), U8(121),
  /* 1374 E> */ B(Star), R(0),
  /* 1383 S> */ B(LdaConstant), U8(122),
  /* 1385 E> */ B(Star), R(0),
  /* 1394 S> */ B(LdaConstant), U8(123),
  /* 1396 E> */ B(Star), R(0),
  /* 1405 S> */ B(LdaConstant), U8(124),
  /* 1407 E> */ B(Star), R(0),
  /* 1416 S> */ B(LdaConstant), U8(125),
  /* 1418 E> */ B(Star), R(0),
  /* 1427 S> */ B(LdaConstant), U8(126),
  /* 1429 E> */ B(Star), R(0),
  /* 1438 S> */ B(LdaConstant), U8(127),
  /* 1440 E> */ B(Star), R(0),
  /* 1449 S> */ B(LdaConstant), U8(128),
  /* 1451 E> */ B(Star), R(0),
  /* 1460 S> */ B(LdaConstant), U8(129),
  /* 1462 E> */ B(Star), R(0),
  /* 1471 S> */ B(LdaConstant), U8(130),
  /* 1473 E> */ B(Star), R(0),
  /* 1482 S> */ B(LdaConstant), U8(131),
  /* 1484 E> */ B(Star), R(0),
  /* 1493 S> */ B(LdaConstant), U8(132),
  /* 1495 E> */ B(Star), R(0),
  /* 1504 S> */ B(LdaConstant), U8(133),
  /* 1506 E> */ B(Star), R(0),
  /* 1515 S> */ B(LdaConstant), U8(134),
  /* 1517 E> */ B(Star), R(0),
  /* 1526 S> */ B(LdaConstant), U8(135),
  /* 1528 E> */ B(Star), R(0),
  /* 1537 S> */ B(LdaConstant), U8(136),
  /* 1539 E> */ B(Star), R(0),
  /* 1548 S> */ B(LdaConstant), U8(137),
  /* 1550 E> */ B(Star), R(0),
  /* 1559 S> */ B(LdaConstant), U8(138),
  /* 1561 E> */ B(Star), R(0),
  /* 1570 S> */ B(LdaConstant), U8(139),
  /* 1572 E> */ B(Star), R(0),
  /* 1581 S> */ B(LdaConstant), U8(140),
  /* 1583 E> */ B(Star), R(0),
  /* 1592 S> */ B(LdaConstant), U8(141),
  /* 1594 E> */ B(Star), R(0),
  /* 1603 S> */ B(LdaConstant), U8(142),
  /* 1605 E> */ B(Star), R(0),
  /* 1614 S> */ B(LdaConstant), U8(143),
  /* 1616 E> */ B(Star), R(0),
  /* 1625 S> */ B(LdaConstant), U8(144),
  /* 1627 E> */ B(Star), R(0),
  /* 1636 S> */ B(LdaConstant), U8(145),
  /* 1638 E> */ B(Star), R(0),
  /* 1647 S> */ B(LdaConstant), U8(146),
  /* 1649 E> */ B(Star), R(0),
  /* 1658 S> */ B(LdaConstant), U8(147),
  /* 1660 E> */ B(Star), R(0),
  /* 1669 S> */ B(LdaConstant), U8(148),
  /* 1671 E> */ B(Star), R(0),
  /* 1680 S> */ B(LdaConstant), U8(149),
  /* 1682 E> */ B(Star), R(0),
  /* 1691 S> */ B(LdaConstant), U8(150),
  /* 1693 E> */ B(Star), R(0),
  /* 1702 S> */ B(LdaConstant), U8(151),
  /* 1704 E> */ B(Star), R(0),
  /* 1713 S> */ B(LdaConstant), U8(152),
  /* 1715 E> */ B(Star), R(0),
  /* 1724 S> */ B(LdaConstant), U8(153),
  /* 1726 E> */ B(Star), R(0),
  /* 1735 S> */ B(LdaConstant), U8(154),
  /* 1737 E> */ B(Star), R(0),
  /* 1746 S> */ B(LdaConstant), U8(155),
  /* 1748 E> */ B(Star), R(0),
  /* 1757 S> */ B(LdaConstant), U8(156),
  /* 1759 E> */ B(Star), R(0),
  /* 1768 S> */ B(LdaConstant), U8(157),
  /* 1770 E> */ B(Star), R(0),
  /* 1779 S> */ B(LdaConstant), U8(158),
  /* 1781 E> */ B(Star), R(0),
  /* 1790 S> */ B(LdaConstant), U8(159),
  /* 1792 E> */ B(Star), R(0),
  /* 1801 S> */ B(LdaConstant), U8(160),
  /* 1803 E> */ B(Star), R(0),
  /* 1812 S> */ B(LdaConstant), U8(161),
  /* 1814 E> */ B(Star), R(0),
  /* 1823 S> */ B(LdaConstant), U8(162),
  /* 1825 E> */ B(Star), R(0),
  /* 1834 S> */ B(LdaConstant), U8(163),
  /* 1836 E> */ B(Star), R(0),
  /* 1845 S> */ B(LdaConstant), U8(164),
  /* 1847 E> */ B(Star), R(0),
  /* 1856 S> */ B(LdaConstant), U8(165),
  /* 1858 E> */ B(Star), R(0),
  /* 1867 S> */ B(LdaConstant), U8(166),
  /* 1869 E> */ B(Star), R(0),
  /* 1878 S> */ B(LdaConstant), U8(167),
  /* 1880 E> */ B(Star), R(0),
  /* 1889 S> */ B(LdaConstant), U8(168),
  /* 1891 E> */ B(Star), R(0),
  /* 1900 S> */ B(LdaConstant), U8(169),
  /* 1902 E> */ B(Star), R(0),
  /* 1911 S> */ B(LdaConstant), U8(170),
  /* 1913 E> */ B(Star), R(0),
  /* 1922 S> */ B(LdaConstant), U8(171),
  /* 1924 E> */ B(Star), R(0),
  /* 1933 S> */ B(LdaConstant), U8(172),
  /* 1935 E> */ B(Star), R(0),
  /* 1944 S> */ B(LdaConstant), U8(173),
  /* 1946 E> */ B(Star), R(0),
  /* 1955 S> */ B(LdaConstant), U8(174),
  /* 1957 E> */ B(Star), R(0),
  /* 1966 S> */ B(LdaConstant), U8(175),
  /* 1968 E> */ B(Star), R(0),
  /* 1977 S> */ B(LdaConstant), U8(176),
  /* 1979 E> */ B(Star), R(0),
  /* 1988 S> */ B(LdaConstant), U8(177),
  /* 1990 E> */ B(Star), R(0),
  /* 1999 S> */ B(LdaConstant), U8(178),
  /* 2001 E> */ B(Star), R(0),
  /* 2010 S> */ B(LdaConstant), U8(179),
  /* 2012 E> */ B(Star), R(0),
  /* 2021 S> */ B(LdaConstant), U8(180),
  /* 2023 E> */ B(Star), R(0),
  /* 2032 S> */ B(LdaConstant), U8(181),
  /* 2034 E> */ B(Star), R(0),
  /* 2043 S> */ B(LdaConstant), U8(182),
  /* 2045 E> */ B(Star), R(0),
  /* 2054 S> */ B(LdaConstant), U8(183),
  /* 2056 E> */ B(Star), R(0),
  /* 2065 S> */ B(LdaConstant), U8(184),
  /* 2067 E> */ B(Star), R(0),
  /* 2076 S> */ B(LdaConstant), U8(185),
  /* 2078 E> */ B(Star), R(0),
  /* 2087 S> */ B(LdaConstant), U8(186),
  /* 2089 E> */ B(Star), R(0),
  /* 2098 S> */ B(LdaConstant), U8(187),
  /* 2100 E> */ B(Star), R(0),
  /* 2109 S> */ B(LdaConstant), U8(188),
  /* 2111 E> */ B(Star), R(0),
  /* 2120 S> */ B(LdaConstant), U8(189),
  /* 2122 E> */ B(Star), R(0),
  /* 2131 S> */ B(LdaConstant), U8(190),
  /* 2133 E> */ B(Star), R(0),
  /* 2142 S> */ B(LdaConstant), U8(191),
  /* 2144 E> */ B(Star), R(0),
  /* 2153 S> */ B(LdaConstant), U8(192),
  /* 2155 E> */ B(Star), R(0),
  /* 2164 S> */ B(LdaConstant), U8(193),
  /* 2166 E> */ B(Star), R(0),
  /* 2175 S> */ B(LdaConstant), U8(194),
  /* 2177 E> */ B(Star), R(0),
  /* 2186 S> */ B(LdaConstant), U8(195),
  /* 2188 E> */ B(Star), R(0),
  /* 2197 S> */ B(LdaConstant), U8(196),
  /* 2199 E> */ B(Star), R(0),
  /* 2208 S> */ B(LdaConstant), U8(197),
  /* 2210 E> */ B(Star), R(0),
  /* 2219 S> */ B(LdaConstant), U8(198),
  /* 2221 E> */ B(Star), R(0),
  /* 2230 S> */ B(LdaConstant), U8(199),
  /* 2232 E> */ B(Star), R(0),
  /* 2241 S> */ B(LdaConstant), U8(200),
  /* 2243 E> */ B(Star), R(0),
  /* 2252 S> */ B(LdaConstant), U8(201),
  /* 2254 E> */ B(Star), R(0),
  /* 2263 S> */ B(LdaConstant), U8(202),
  /* 2265 E> */ B(Star), R(0),
  /* 2274 S> */ B(LdaConstant), U8(203),
  /* 2276 E> */ B(Star), R(0),
  /* 2285 S> */ B(LdaConstant), U8(204),
  /* 2287 E> */ B(Star), R(0),
  /* 2296 S> */ B(LdaConstant), U8(205),
  /* 2298 E> */ B(Star), R(0),
  /* 2307 S> */ B(LdaConstant), U8(206),
  /* 2309 E> */ B(Star), R(0),
  /* 2318 S> */ B(LdaConstant), U8(207),
  /* 2320 E> */ B(Star), R(0),
  /* 2329 S> */ B(LdaConstant), U8(208),
  /* 2331 E> */ B(Star), R(0),
  /* 2340 S> */ B(LdaConstant), U8(209),
  /* 2342 E> */ B(Star), R(0),
  /* 2351 S> */ B(LdaConstant), U8(210),
  /* 2353 E> */ B(Star), R(0),
  /* 2362 S> */ B(LdaConstant), U8(211),
  /* 2364 E> */ B(Star), R(0),
  /* 2373 S> */ B(LdaConstant), U8(212),
  /* 2375 E> */ B(Star), R(0),
  /* 2384 S> */ B(LdaConstant), U8(213),
  /* 2386 E> */ B(Star), R(0),
  /* 2395 S> */ B(LdaConstant), U8(214),
  /* 2397 E> */ B(Star), R(0),
  /* 2406 S> */ B(LdaConstant), U8(215),
  /* 2408 E> */ B(Star), R(0),
  /* 2417 S> */ B(LdaConstant), U8(216),
  /* 2419 E> */ B(Star), R(0),
  /* 2428 S> */ B(LdaConstant), U8(217),
  /* 2430 E> */ B(Star), R(0),
  /* 2439 S> */ B(LdaConstant), U8(218),
  /* 2441 E> */ B(Star), R(0),
  /* 2450 S> */ B(LdaConstant), U8(219),
  /* 2452 E> */ B(Star), R(0),
  /* 2461 S> */ B(LdaConstant), U8(220),
  /* 2463 E> */ B(Star), R(0),
  /* 2472 S> */ B(LdaConstant), U8(221),
  /* 2474 E> */ B(Star), R(0),
  /* 2483 S> */ B(LdaConstant), U8(222),
  /* 2485 E> */ B(Star), R(0),
  /* 2494 S> */ B(LdaConstant), U8(223),
  /* 2496 E> */ B(Star), R(0),
  /* 2505 S> */ B(LdaConstant), U8(224),
  /* 2507 E> */ B(Star), R(0),
  /* 2516 S> */ B(LdaConstant), U8(225),
  /* 2518 E> */ B(Star), R(0),
  /* 2527 S> */ B(LdaConstant), U8(226),
  /* 2529 E> */ B(Star), R(0),
  /* 2538 S> */ B(LdaConstant), U8(227),
  /* 2540 E> */ B(Star), R(0),
  /* 2549 S> */ B(LdaConstant), U8(228),
  /* 2551 E> */ B(Star), R(0),
  /* 2560 S> */ B(LdaConstant), U8(229),
  /* 2562 E> */ B(Star), R(0),
  /* 2571 S> */ B(LdaConstant), U8(230),
  /* 2573 E> */ B(Star), R(0),
  /* 2582 S> */ B(LdaConstant), U8(231),
  /* 2584 E> */ B(Star), R(0),
  /* 2593 S> */ B(LdaConstant), U8(232),
  /* 2595 E> */ B(Star), R(0),
  /* 2604 S> */ B(LdaConstant), U8(233),
  /* 2606 E> */ B(Star), R(0),
  /* 2615 S> */ B(LdaConstant), U8(234),
  /* 2617 E> */ B(Star), R(0),
  /* 2626 S> */ B(LdaConstant), U8(235),
  /* 2628 E> */ B(Star), R(0),
  /* 2637 S> */ B(LdaConstant), U8(236),
  /* 2639 E> */ B(Star), R(0),
  /* 2648 S> */ B(LdaConstant), U8(237),
  /* 2650 E> */ B(Star), R(0),
  /* 2659 S> */ B(LdaConstant), U8(238),
  /* 2661 E> */ B(Star), R(0),
  /* 2670 S> */ B(LdaConstant), U8(239),
  /* 2672 E> */ B(Star), R(0),
  /* 2681 S> */ B(LdaConstant), U8(240),
  /* 2683 E> */ B(Star), R(0),
  /* 2692 S> */ B(LdaConstant), U8(241),
  /* 2694 E> */ B(Star), R(0),
  /* 2703 S> */ B(LdaConstant), U8(242),
  /* 2705 E> */ B(Star), R(0),
  /* 2714 S> */ B(LdaConstant), U8(243),
  /* 2716 E> */ B(Star), R(0),
  /* 2725 S> */ B(LdaConstant), U8(244),
  /* 2727 E> */ B(Star), R(0),
  /* 2736 S> */ B(LdaConstant), U8(245),
  /* 2738 E> */ B(Star), R(0),
  /* 2747 S> */ B(LdaConstant), U8(246),
  /* 2749 E> */ B(Star), R(0),
  /* 2758 S> */ B(LdaConstant), U8(247),
  /* 2760 E> */ B(Star), R(0),
  /* 2769 S> */ B(LdaConstant), U8(248),
  /* 2771 E> */ B(Star), R(0),
  /* 2780 S> */ B(LdaConstant), U8(249),
  /* 2782 E> */ B(Star), R(0),
  /* 2791 S> */ B(LdaConstant), U8(250),
  /* 2793 E> */ B(Star), R(0),
  /* 2802 S> */ B(LdaConstant), U8(251),
  /* 2804 E> */ B(Star), R(0),
  /* 2813 S> */ B(LdaConstant), U8(252),
  /* 2815 E> */ B(Star), R(0),
  /* 2824 S> */ B(LdaConstant), U8(253),
  /* 2826 E> */ B(Star), R(0),
  /* 2835 S> */ B(LdaConstant), U8(254),
  /* 2837 E> */ B(Star), R(0),
  /* 2846 S> */ B(LdaConstant), U8(255),
  /* 2848 E> */ B(Star), R(0),
  /* 2857 S> */ B(Wide), B(LdaConstant), U16(256),
  /* 2859 E> */ B(Star), R(0),
                B(LdaUndefined),
  /* 2867 S> */ B(Return),
]
constant pool: [
  1.414,
  1.414,
  1.414,
  1.414,
  1.414,
  1.414,
  1.414,
  1.414,
  1.414,
  1.414,
  1.414,
  1.414,
  1.414,
  1.414,
  1.414,
  1.414,
  1.414,
  1.414,
  1.414,
  1.414,
  1.414,
  1.414,
  1.414,
  1.414,
  1.414,
  1.414,
  1.414,
  1.414,
  1.414,
  1.414,
  1.414,
  1.414,
  1.414,
  1.414,
  1.414,
  1.414,
  1.414,
  1.414,
  1.414,
  1.414,
  1.414,
  1.414,
  1.414,
  1.414,
  1.414,
  1.414,
  1.414,
  1.414,
  1.414,
  1.414,
  1.414,
  1.414,
  1.414,
  1.414,
  1.414,
  1.414,
  1.414,
  1.414,
  1.414,
  1.414,
  1.414,
  1.414,
  1.414,
  1.414,
  1.414,
  1.414,
  1.414,
  1.414,
  1.414,
  1.414,
  1.414,
  1.414,
  1.414,
  1.414,
  1.414,
  1.414,
  1.414,
  1.414,
  1.414,
  1.414,
  1.414,
  1.414,
  1.414,
  1.414,
  1.414,
  1.414,
  1.414,
  1.414,
  1.414,
  1.414,
  1.414,
  1.414,
  1.414,
  1.414,
  1.414,
  1.414,
  1.414,
  1.414,
  1.414,
  1.414,
  1.414,
  1.414,
  1.414,
  1.414,
  1.414,
  1.414,
  1.414,
  1.414,
  1.414,
  1.414,
  1.414,
  1.414,
  1.414,
  1.414,
  1.414,
  1.414,
  1.414,
  1.414,
  1.414,
  1.414,
  1.414,
  1.414,
  1.414,
  1.414,
  1.414,
  1.414,
  1.414,
  1.414,
  1.414,
  1.414,
  1.414,
  1.414,
  1.414,
  1.414,
  1.414,
  1.414,
  1.414,
  1.414,
  1.414,
  1.414,
  1.414,
  1.414,
  1.414,
  1.414,
  1.414,
  1.414,
  1.414,
  1.414,
  1.414,
  1.414,
  1.414,
  1.414,
  1.414,
  1.414,
  1.414,
  1.414,
  1.414,
  1.414,
  1.414,
  1.414,
  1.414,
  1.414,
  1.414,
  1.414,
  1.414,
  1.414,
  1.414,
  1.414,
  1.414,
  1.414,
  1.414,
  1.414,
  1.414,
  1.414,
  1.414,
  1.414,
  1.414,
  1.414,
  1.414,
  1.414,
  1.414,
  1.414,
  1.414,
  1.414,
  1.414,
  1.414,
  1.414,
  1.414,
  1.414,
  1.414,
  1.414,
  1.414,
  1.414,
  1.414,
  1.414,
  1.414,
  1.414,
  1.414,
  1.414,
  1.414,
  1.414,
  1.414,
  1.414,
  1.414,
  1.414,
  1.414,
  1.414,
  1.414,
  1.414,
  1.414,
  1.414,
  1.414,
  1.414,
  1.414,
  1.414,
  1.414,
  1.414,
  1.414,
  1.414,
  1.414,
  1.414,
  1.414,
  1.414,
  1.414,
  1.414,
  1.414,
  1.414,
  1.414,
  1.414,
  1.414,
  1.414,
  1.414,
  1.414,
  1.414,
  1.414,
  1.414,
  1.414,
  1.414,
  1.414,
  1.414,
  1.414,
  1.414,
  1.414,
  1.414,
  1.414,
  1.414,
  1.414,
  1.414,
  1.414,
  1.414,
  1.414,
  1.414,
  1.414,
  1.414,
  1.414,
  1.414,
  3.14,
]
handlers: [
]

