#
# Autogenerated by generate-bytecode-expectations.
#

---
pool type: number
execute: yes
wrap: yes

---
snippet: "
  var x = 0.1;
  var x = 0.1;
  var x = 0.1;
  var x = 0.1;
  var x = 0.1;
  var x = 0.1;
  var x = 0.1;
  var x = 0.1;
  var x = 0.1;
  var x = 0.1;
  var x = 0.1;
  var x = 0.1;
  var x = 0.1;
  var x = 0.1;
  var x = 0.1;
  var x = 0.1;
  var x = 0.1;
  var x = 0.1;
  var x = 0.1;
  var x = 0.1;
  var x = 0.1;
  var x = 0.1;
  var x = 0.1;
  var x = 0.1;
  var x = 0.1;
  var x = 0.1;
  var x = 0.1;
  var x = 0.1;
  var x = 0.1;
  var x = 0.1;
  var x = 0.1;
  var x = 0.1;
  var x = 0.1;
  var x = 0.1;
  var x = 0.1;
  var x = 0.1;
  var x = 0.1;
  var x = 0.1;
  var x = 0.1;
  var x = 0.1;
  var x = 0.1;
  var x = 0.1;
  var x = 0.1;
  var x = 0.1;
  var x = 0.1;
  var x = 0.1;
  var x = 0.1;
  var x = 0.1;
  var x = 0.1;
  var x = 0.1;
  var x = 0.1;
  var x = 0.1;
  var x = 0.1;
  var x = 0.1;
  var x = 0.1;
  var x = 0.1;
  var x = 0.1;
  var x = 0.1;
  var x = 0.1;
  var x = 0.1;
  var x = 0.1;
  var x = 0.1;
  var x = 0.1;
  var x = 0.1;
  var x = 0.1;
  var x = 0.1;
  var x = 0.1;
  var x = 0.1;
  var x = 0.1;
  var x = 0.1;
  var x = 0.1;
  var x = 0.1;
  var x = 0.1;
  var x = 0.1;
  var x = 0.1;
  var x = 0.1;
  var x = 0.1;
  var x = 0.1;
  var x = 0.1;
  var x = 0.1;
  var x = 0.1;
  var x = 0.1;
  var x = 0.1;
  var x = 0.1;
  var x = 0.1;
  var x = 0.1;
  var x = 0.1;
  var x = 0.1;
  var x = 0.1;
  var x = 0.1;
  var x = 0.1;
  var x = 0.1;
  var x = 0.1;
  var x = 0.1;
  var x = 0.1;
  var x = 0.1;
  var x = 0.1;
  var x = 0.1;
  var x = 0.1;
  var x = 0.1;
  var x = 0.1;
  var x = 0.1;
  var x = 0.1;
  var x = 0.1;
  var x = 0.1;
  var x = 0.1;
  var x = 0.1;
  var x = 0.1;
  var x = 0.1;
  var x = 0.1;
  var x = 0.1;
  var x = 0.1;
  var x = 0.1;
  var x = 0.1;
  var x = 0.1;
  var x = 0.1;
  var x = 0.1;
  var x = 0.1;
  var x = 0.1;
  var x = 0.1;
  var x = 0.1;
  var x = 0.1;
  var x = 0.1;
  var x = 0.1;
  var x = 0.1;
  var x = 0.1;
  var x = 0.1;
  var x = 0.1;
  var x = 0.1;
  var x = 0.1;
  var x = 0.1;
  var x = 0.1;
  var x = 0.1;
  var x = 0.1;
  var x = 0.1;
  var x = 0.1;
  var x = 0.1;
  var x = 0.1;
  var x = 0.1;
  var x = 0.1;
  var x = 0.1;
  var x = 0.1;
  var x = 0.1;
  var x = 0.1;
  var x = 0.1;
  var x = 0.1;
  var x = 0.1;
  var x = 0.1;
  var x = 0.1;
  var x = 0.1;
  var x = 0.1;
  var x = 0.1;
  var x = 0.1;
  var x = 0.1;
  var x = 0.1;
  var x = 0.1;
  var x = 0.1;
  var x = 0.1;
  var x = 0.1;
  var x = 0.1;
  var x = 0.1;
  var x = 0.1;
  var x = 0.1;
  var x = 0.1;
  var x = 0.1;
  var x = 0.1;
  var x = 0.1;
  var x = 0.1;
  var x = 0.1;
  var x = 0.1;
  var x = 0.1;
  var x = 0.1;
  var x = 0.1;
  var x = 0.1;
  var x = 0.1;
  var x = 0.1;
  var x = 0.1;
  var x = 0.1;
  var x = 0.1;
  var x = 0.1;
  var x = 0.1;
  var x = 0.1;
  var x = 0.1;
  var x = 0.1;
  var x = 0.1;
  var x = 0.1;
  var x = 0.1;
  var x = 0.1;
  var x = 0.1;
  var x = 0.1;
  var x = 0.1;
  var x = 0.1;
  var x = 0.1;
  var x = 0.1;
  var x = 0.1;
  var x = 0.1;
  var x = 0.1;
  var x = 0.1;
  var x = 0.1;
  var x = 0.1;
  var x = 0.1;
  var x = 0.1;
  var x = 0.1;
  var x = 0.1;
  var x = 0.1;
  var x = 0.1;
  var x = 0.1;
  var x = 0.1;
  var x = 0.1;
  var x = 0.1;
  var x = 0.1;
  var x = 0.1;
  var x = 0.1;
  var x = 0.1;
  var x = 0.1;
  var x = 0.1;
  var x = 0.1;
  var x = 0.1;
  var x = 0.1;
  var x = 0.1;
  var x = 0.1;
  var x = 0.1;
  var x = 0.1;
  var x = 0.1;
  var x = 0.1;
  var x = 0.1;
  var x = 0.1;
  var x = 0.1;
  var x = 0.1;
  var x = 0.1;
  var x = 0.1;
  var x = 0.1;
  var x = 0.1;
  var x = 0.1;
  var x = 0.1;
  var x = 0.1;
  var x = 0.1;
  var x = 0.1;
  var x = 0.1;
  var x = 0.1;
  var x = 0.1;
  var x = 0.1;
  var x = 0.1;
  var x = 0.1;
  var x = 0.1;
  var x = 0.1;
  var x = 0.1;
  var x = 0.1;
  var x = 0.1;
  var x = 0.1;
  var x = 0.1;
  var x = 0.1;
  var x = 0.1;
  var x = 0.1;
  var x = 0.1;
  var x = 0.1;
  var x = 0.2;
  var x = 0.2;
  var x = 0.2;
  var x = 0.2;
  var x = 0.2;
  var x = 0.2;
  var x = 0.2;
  var x = 0.2;
  var x = 0.2;
  var x = 0.2;
  var x = 0.2;
  var x = 0.2;
  var x = 0.2;
  var x = 0.2;
  var x = 0.2;
  var x = 0.2;
  var x = 0.2;
  var x = 0.2;
  var x = 0.2;
  var x = 0.2;
  var x = 0.2;
  var x = 0.2;
  var x = 0.2;
  var x = 0.2;
  var x = 0.2;
  var x = 0.2;
  var x = 0.2;
  var x = 0.2;
  var x = 0.2;
  var x = 0.2;
  var x = 0.2;
  var x = 0.2;
  var x = 0.3;
  var x = 0.3;
  var x = 0.3;
  var x = 0.3;
  var x = 0.3;
  var x = 0.3;
  var x = 0.3;
  var x = 0.3;
  var x = 0.3;
  var x = 0.3;
  var x = 0.3;
  var x = 0.3;
  var x = 0.3;
  var x = 0.3;
  var x = 0.3;
  var x = 0.3;
  var x = 0.4;
  var x = 0.4;
  var x = 0.4;
  var x = 0.4;
  var x = 0.4;
  var x = 0.4;
  var x = 0.4;
  var x = 0.4;
  for (var i = 0; i < 3; i++) {
    if (i == 1) continue;
    if (i == 2) break;
  }
  return 3;
"
frame size: 3
parameter count: 1
bytecode array length: 1422
bytecodes: [
  /*   30 E> */ B(StackCheck),
  /*   42 S> */ B(LdaConstant), U8(0),
  /*   42 E> */ B(Star), R(0),
  /*   55 S> */ B(LdaConstant), U8(1),
  /*   55 E> */ B(Star), R(0),
  /*   68 S> */ B(LdaConstant), U8(2),
  /*   68 E> */ B(Star), R(0),
  /*   81 S> */ B(LdaConstant), U8(3),
  /*   81 E> */ B(Star), R(0),
  /*   94 S> */ B(LdaConstant), U8(4),
  /*   94 E> */ B(Star), R(0),
  /*  107 S> */ B(LdaConstant), U8(5),
  /*  107 E> */ B(Star), R(0),
  /*  120 S> */ B(LdaConstant), U8(6),
  /*  120 E> */ B(Star), R(0),
  /*  133 S> */ B(LdaConstant), U8(7),
  /*  133 E> */ B(Star), R(0),
  /*  146 S> */ B(LdaConstant), U8(8),
  /*  146 E> */ B(Star), R(0),
  /*  159 S> */ B(LdaConstant), U8(9),
  /*  159 E> */ B(Star), R(0),
  /*  172 S> */ B(LdaConstant), U8(10),
  /*  172 E> */ B(Star), R(0),
  /*  185 S> */ B(LdaConstant), U8(11),
  /*  185 E> */ B(Star), R(0),
  /*  198 S> */ B(LdaConstant), U8(12),
  /*  198 E> */ B(Star), R(0),
  /*  211 S> */ B(LdaConstant), U8(13),
  /*  211 E> */ B(Star), R(0),
  /*  224 S> */ B(LdaConstant), U8(14),
  /*  224 E> */ B(Star), R(0),
  /*  237 S> */ B(LdaConstant), U8(15),
  /*  237 E> */ B(Star), R(0),
  /*  250 S> */ B(LdaConstant), U8(16),
  /*  250 E> */ B(Star), R(0),
  /*  263 S> */ B(LdaConstant), U8(17),
  /*  263 E> */ B(Star), R(0),
  /*  276 S> */ B(LdaConstant), U8(18),
  /*  276 E> */ B(Star), R(0),
  /*  289 S> */ B(LdaConstant), U8(19),
  /*  289 E> */ B(Star), R(0),
  /*  302 S> */ B(LdaConstant), U8(20),
  /*  302 E> */ B(Star), R(0),
  /*  315 S> */ B(LdaConstant), U8(21),
  /*  315 E> */ B(Star), R(0),
  /*  328 S> */ B(LdaConstant), U8(22),
  /*  328 E> */ B(Star), R(0),
  /*  341 S> */ B(LdaConstant), U8(23),
  /*  341 E> */ B(Star), R(0),
  /*  354 S> */ B(LdaConstant), U8(24),
  /*  354 E> */ B(Star), R(0),
  /*  367 S> */ B(LdaConstant), U8(25),
  /*  367 E> */ B(Star), R(0),
  /*  380 S> */ B(LdaConstant), U8(26),
  /*  380 E> */ B(Star), R(0),
  /*  393 S> */ B(LdaConstant), U8(27),
  /*  393 E> */ B(Star), R(0),
  /*  406 S> */ B(LdaConstant), U8(28),
  /*  406 E> */ B(Star), R(0),
  /*  419 S> */ B(LdaConstant), U8(29),
  /*  419 E> */ B(Star), R(0),
  /*  432 S> */ B(LdaConstant), U8(30),
  /*  432 E> */ B(Star), R(0),
  /*  445 S> */ B(LdaConstant), U8(31),
  /*  445 E> */ B(Star), R(0),
  /*  458 S> */ B(LdaConstant), U8(32),
  /*  458 E> */ B(Star), R(0),
  /*  471 S> */ B(LdaConstant), U8(33),
  /*  471 E> */ B(Star), R(0),
  /*  484 S> */ B(LdaConstant), U8(34),
  /*  484 E> */ B(Star), R(0),
  /*  497 S> */ B(LdaConstant), U8(35),
  /*  497 E> */ B(Star), R(0),
  /*  510 S> */ B(LdaConstant), U8(36),
  /*  510 E> */ B(Star), R(0),
  /*  523 S> */ B(LdaConstant), U8(37),
  /*  523 E> */ B(Star), R(0),
  /*  536 S> */ B(LdaConstant), U8(38),
  /*  536 E> */ B(Star), R(0),
  /*  549 S> */ B(LdaConstant), U8(39),
  /*  549 E> */ B(Star), R(0),
  /*  562 S> */ B(LdaConstant), U8(40),
  /*  562 E> */ B(Star), R(0),
  /*  575 S> */ B(LdaConstant), U8(41),
  /*  575 E> */ B(Star), R(0),
  /*  588 S> */ B(LdaConstant), U8(42),
  /*  588 E> */ B(Star), R(0),
  /*  601 S> */ B(LdaConstant), U8(43),
  /*  601 E> */ B(Star), R(0),
  /*  614 S> */ B(LdaConstant), U8(44),
  /*  614 E> */ B(Star), R(0),
  /*  627 S> */ B(LdaConstant), U8(45),
  /*  627 E> */ B(Star), R(0),
  /*  640 S> */ B(LdaConstant), U8(46),
  /*  640 E> */ B(Star), R(0),
  /*  653 S> */ B(LdaConstant), U8(47),
  /*  653 E> */ B(Star), R(0),
  /*  666 S> */ B(LdaConstant), U8(48),
  /*  666 E> */ B(Star), R(0),
  /*  679 S> */ B(LdaConstant), U8(49),
  /*  679 E> */ B(Star), R(0),
  /*  692 S> */ B(LdaConstant), U8(50),
  /*  692 E> */ B(Star), R(0),
  /*  705 S> */ B(LdaConstant), U8(51),
  /*  705 E> */ B(Star), R(0),
  /*  718 S> */ B(LdaConstant), U8(52),
  /*  718 E> */ B(Star), R(0),
  /*  731 S> */ B(LdaConstant), U8(53),
  /*  731 E> */ B(Star), R(0),
  /*  744 S> */ B(LdaConstant), U8(54),
  /*  744 E> */ B(Star), R(0),
  /*  757 S> */ B(LdaConstant), U8(55),
  /*  757 E> */ B(Star), R(0),
  /*  770 S> */ B(LdaConstant), U8(56),
  /*  770 E> */ B(Star), R(0),
  /*  783 S> */ B(LdaConstant), U8(57),
  /*  783 E> */ B(Star), R(0),
  /*  796 S> */ B(LdaConstant), U8(58),
  /*  796 E> */ B(Star), R(0),
  /*  809 S> */ B(LdaConstant), U8(59),
  /*  809 E> */ B(Star), R(0),
  /*  822 S> */ B(LdaConstant), U8(60),
  /*  822 E> */ B(Star), R(0),
  /*  835 S> */ B(LdaConstant), U8(61),
  /*  835 E> */ B(Star), R(0),
  /*  848 S> */ B(LdaConstant), U8(62),
  /*  848 E> */ B(Star), R(0),
  /*  861 S> */ B(LdaConstant), U8(63),
  /*  861 E> */ B(Star), R(0),
  /*  874 S> */ B(LdaConstant), U8(64),
  /*  874 E> */ B(Star), R(0),
  /*  887 S> */ B(LdaConstant), U8(65),
  /*  887 E> */ B(Star), R(0),
  /*  900 S> */ B(LdaConstant), U8(66),
  /*  900 E> */ B(Star), R(0),
  /*  913 S> */ B(LdaConstant), U8(67),
  /*  913 E> */ B(Star), R(0),
  /*  926 S> */ B(LdaConstant), U8(68),
  /*  926 E> */ B(Star), R(0),
  /*  939 S> */ B(LdaConstant), U8(69),
  /*  939 E> */ B(Star), R(0),
  /*  952 S> */ B(LdaConstant), U8(70),
  /*  952 E> */ B(Star), R(0),
  /*  965 S> */ B(LdaConstant), U8(71),
  /*  965 E> */ B(Star), R(0),
  /*  978 S> */ B(LdaConstant), U8(72),
  /*  978 E> */ B(Star), R(0),
  /*  991 S> */ B(LdaConstant), U8(73),
  /*  991 E> */ B(Star), R(0),
  /* 1004 S> */ B(LdaConstant), U8(74),
  /* 1004 E> */ B(Star), R(0),
  /* 1017 S> */ B(LdaConstant), U8(75),
  /* 1017 E> */ B(Star), R(0),
  /* 1030 S> */ B(LdaConstant), U8(76),
  /* 1030 E> */ B(Star), R(0),
  /* 1043 S> */ B(LdaConstant), U8(77),
  /* 1043 E> */ B(Star), R(0),
  /* 1056 S> */ B(LdaConstant), U8(78),
  /* 1056 E> */ B(Star), R(0),
  /* 1069 S> */ B(LdaConstant), U8(79),
  /* 1069 E> */ B(Star), R(0),
  /* 1082 S> */ B(LdaConstant), U8(80),
  /* 1082 E> */ B(Star), R(0),
  /* 1095 S> */ B(LdaConstant), U8(81),
  /* 1095 E> */ B(Star), R(0),
  /* 1108 S> */ B(LdaConstant), U8(82),
  /* 1108 E> */ B(Star), R(0),
  /* 1121 S> */ B(LdaConstant), U8(83),
  /* 1121 E> */ B(Star), R(0),
  /* 1134 S> */ B(LdaConstant), U8(84),
  /* 1134 E> */ B(Star), R(0),
  /* 1147 S> */ B(LdaConstant), U8(85),
  /* 1147 E> */ B(Star), R(0),
  /* 1160 S> */ B(LdaConstant), U8(86),
  /* 1160 E> */ B(Star), R(0),
  /* 1173 S> */ B(LdaConstant), U8(87),
  /* 1173 E> */ B(Star), R(0),
  /* 1186 S> */ B(LdaConstant), U8(88),
  /* 1186 E> */ B(Star), R(0),
  /* 1199 S> */ B(LdaConstant), U8(89),
  /* 1199 E> */ B(Star), R(0),
  /* 1212 S> */ B(LdaConstant), U8(90),
  /* 1212 E> */ B(Star), R(0),
  /* 1225 S> */ B(LdaConstant), U8(91),
  /* 1225 E> */ B(Star), R(0),
  /* 1238 S> */ B(LdaConstant), U8(92),
  /* 1238 E> */ B(Star), R(0),
  /* 1251 S> */ B(LdaConstant), U8(93),
  /* 1251 E> */ B(Star), R(0),
  /* 1264 S> */ B(LdaConstant), U8(94),
  /* 1264 E> */ B(Star), R(0),
  /* 1277 S> */ B(LdaConstant), U8(95),
  /* 1277 E> */ B(Star), R(0),
  /* 1290 S> */ B(LdaConstant), U8(96),
  /* 1290 E> */ B(Star), R(0),
  /* 1303 S> */ B(LdaConstant), U8(97),
  /* 1303 E> */ B(Star), R(0),
  /* 1316 S> */ B(LdaConstant), U8(98),
  /* 1316 E> */ B(Star), R(0),
  /* 1329 S> */ B(LdaConstant), U8(99),
  /* 1329 E> */ B(Star), R(0),
  /* 1342 S> */ B(LdaConstant), U8(100),
  /* 1342 E> */ B(Star), R(0),
  /* 1355 S> */ B(LdaConstant), U8(101),
  /* 1355 E> */ B(Star), R(0),
  /* 1368 S> */ B(LdaConstant), U8(102),
  /* 1368 E> */ B(Star), R(0),
  /* 1381 S> */ B(LdaConstant), U8(103),
  /* 1381 E> */ B(Star), R(0),
  /* 1394 S> */ B(LdaConstant), U8(104),
  /* 1394 E> */ B(Star), R(0),
  /* 1407 S> */ B(LdaConstant), U8(105),
  /* 1407 E> */ B(Star), R(0),
  /* 1420 S> */ B(LdaConstant), U8(106),
  /* 1420 E> */ B(Star), R(0),
  /* 1433 S> */ B(LdaConstant), U8(107),
  /* 1433 E> */ B(Star), R(0),
  /* 1446 S> */ B(LdaConstant), U8(108),
  /* 1446 E> */ B(Star), R(0),
  /* 1459 S> */ B(LdaConstant), U8(109),
  /* 1459 E> */ B(Star), R(0),
  /* 1472 S> */ B(LdaConstant), U8(110),
  /* 1472 E> */ B(Star), R(0),
  /* 1485 S> */ B(LdaConstant), U8(111),
  /* 1485 E> */ B(Star), R(0),
  /* 1498 S> */ B(LdaConstant), U8(112),
  /* 1498 E> */ B(Star), R(0),
  /* 1511 S> */ B(LdaConstant), U8(113),
  /* 1511 E> */ B(Star), R(0),
  /* 1524 S> */ B(LdaConstant), U8(114),
  /* 1524 E> */ B(Star), R(0),
  /* 1537 S> */ B(LdaConstant), U8(115),
  /* 1537 E> */ B(Star), R(0),
  /* 1550 S> */ B(LdaConstant), U8(116),
  /* 1550 E> */ B(Star), R(0),
  /* 1563 S> */ B(LdaConstant), U8(117),
  /* 1563 E> */ B(Star), R(0),
  /* 1576 S> */ B(LdaConstant), U8(118),
  /* 1576 E> */ B(Star), R(0),
  /* 1589 S> */ B(LdaConstant), U8(119),
  /* 1589 E> */ B(Star), R(0),
  /* 1602 S> */ B(LdaConstant), U8(120),
  /* 1602 E> */ B(Star), R(0),
  /* 1615 S> */ B(LdaConstant), U8(121),
  /* 1615 E> */ B(Star), R(0),
  /* 1628 S> */ B(LdaConstant), U8(122),
  /* 1628 E> */ B(Star), R(0),
  /* 1641 S> */ B(LdaConstant), U8(123),
  /* 1641 E> */ B(Star), R(0),
  /* 1654 S> */ B(LdaConstant), U8(124),
  /* 1654 E> */ B(Star), R(0),
  /* 1667 S> */ B(LdaConstant), U8(125),
  /* 1667 E> */ B(Star), R(0),
  /* 1680 S> */ B(LdaConstant), U8(126),
  /* 1680 E> */ B(Star), R(0),
  /* 1693 S> */ B(LdaConstant), U8(127),
  /* 1693 E> */ B(Star), R(0),
  /* 1706 S> */ B(LdaConstant), U8(128),
  /* 1706 E> */ B(Star), R(0),
  /* 1719 S> */ B(LdaConstant), U8(129),
  /* 1719 E> */ B(Star), R(0),
  /* 1732 S> */ B(LdaConstant), U8(130),
  /* 1732 E> */ B(Star), R(0),
  /* 1745 S> */ B(LdaConstant), U8(131),
  /* 1745 E> */ B(Star), R(0),
  /* 1758 S> */ B(LdaConstant), U8(132),
  /* 1758 E> */ B(Star), R(0),
  /* 1771 S> */ B(LdaConstant), U8(133),
  /* 1771 E> */ B(Star), R(0),
  /* 1784 S> */ B(LdaConstant), U8(134),
  /* 1784 E> */ B(Star), R(0),
  /* 1797 S> */ B(LdaConstant), U8(135),
  /* 1797 E> */ B(Star), R(0),
  /* 1810 S> */ B(LdaConstant), U8(136),
  /* 1810 E> */ B(Star), R(0),
  /* 1823 S> */ B(LdaConstant), U8(137),
  /* 1823 E> */ B(Star), R(0),
  /* 1836 S> */ B(LdaConstant), U8(138),
  /* 1836 E> */ B(Star), R(0),
  /* 1849 S> */ B(LdaConstant), U8(139),
  /* 1849 E> */ B(Star), R(0),
  /* 1862 S> */ B(LdaConstant), U8(140),
  /* 1862 E> */ B(Star), R(0),
  /* 1875 S> */ B(LdaConstant), U8(141),
  /* 1875 E> */ B(Star), R(0),
  /* 1888 S> */ B(LdaConstant), U8(142),
  /* 1888 E> */ B(Star), R(0),
  /* 1901 S> */ B(LdaConstant), U8(143),
  /* 1901 E> */ B(Star), R(0),
  /* 1914 S> */ B(LdaConstant), U8(144),
  /* 1914 E> */ B(Star), R(0),
  /* 1927 S> */ B(LdaConstant), U8(145),
  /* 1927 E> */ B(Star), R(0),
  /* 1940 S> */ B(LdaConstant), U8(146),
  /* 1940 E> */ B(Star), R(0),
  /* 1953 S> */ B(LdaConstant), U8(147),
  /* 1953 E> */ B(Star), R(0),
  /* 1966 S> */ B(LdaConstant), U8(148),
  /* 1966 E> */ B(Star), R(0),
  /* 1979 S> */ B(LdaConstant), U8(149),
  /* 1979 E> */ B(Star), R(0),
  /* 1992 S> */ B(LdaConstant), U8(150),
  /* 1992 E> */ B(Star), R(0),
  /* 2005 S> */ B(LdaConstant), U8(151),
  /* 2005 E> */ B(Star), R(0),
  /* 2018 S> */ B(LdaConstant), U8(152),
  /* 2018 E> */ B(Star), R(0),
  /* 2031 S> */ B(LdaConstant), U8(153),
  /* 2031 E> */ B(Star), R(0),
  /* 2044 S> */ B(LdaConstant), U8(154),
  /* 2044 E> */ B(Star), R(0),
  /* 2057 S> */ B(LdaConstant), U8(155),
  /* 2057 E> */ B(Star), R(0),
  /* 2070 S> */ B(LdaConstant), U8(156),
  /* 2070 E> */ B(Star), R(0),
  /* 2083 S> */ B(LdaConstant), U8(157),
  /* 2083 E> */ B(Star), R(0),
  /* 2096 S> */ B(LdaConstant), U8(158),
  /* 2096 E> */ B(Star), R(0),
  /* 2109 S> */ B(LdaConstant), U8(159),
  /* 2109 E> */ B(Star), R(0),
  /* 2122 S> */ B(LdaConstant), U8(160),
  /* 2122 E> */ B(Star), R(0),
  /* 2135 S> */ B(LdaConstant), U8(161),
  /* 2135 E> */ B(Star), R(0),
  /* 2148 S> */ B(LdaConstant), U8(162),
  /* 2148 E> */ B(Star), R(0),
  /* 2161 S> */ B(LdaConstant), U8(163),
  /* 2161 E> */ B(Star), R(0),
  /* 2174 S> */ B(LdaConstant), U8(164),
  /* 2174 E> */ B(Star), R(0),
  /* 2187 S> */ B(LdaConstant), U8(165),
  /* 2187 E> */ B(Star), R(0),
  /* 2200 S> */ B(LdaConstant), U8(166),
  /* 2200 E> */ B(Star), R(0),
  /* 2213 S> */ B(LdaConstant), U8(167),
  /* 2213 E> */ B(Star), R(0),
  /* 2226 S> */ B(LdaConstant), U8(168),
  /* 2226 E> */ B(Star), R(0),
  /* 2239 S> */ B(LdaConstant), U8(169),
  /* 2239 E> */ B(Star), R(0),
  /* 2252 S> */ B(LdaConstant), U8(170),
  /* 2252 E> */ B(Star), R(0),
  /* 2265 S> */ B(LdaConstant), U8(171),
  /* 2265 E> */ B(Star), R(0),
  /* 2278 S> */ B(LdaConstant), U8(172),
  /* 2278 E> */ B(Star), R(0),
  /* 2291 S> */ B(LdaConstant), U8(173),
  /* 2291 E> */ B(Star), R(0),
  /* 2304 S> */ B(LdaConstant), U8(174),
  /* 2304 E> */ B(Star), R(0),
  /* 2317 S> */ B(LdaConstant), U8(175),
  /* 2317 E> */ B(Star), R(0),
  /* 2330 S> */ B(LdaConstant), U8(176),
  /* 2330 E> */ B(Star), R(0),
  /* 2343 S> */ B(LdaConstant), U8(177),
  /* 2343 E> */ B(Star), R(0),
  /* 2356 S> */ B(LdaConstant), U8(178),
  /* 2356 E> */ B(Star), R(0),
  /* 2369 S> */ B(LdaConstant), U8(179),
  /* 2369 E> */ B(Star), R(0),
  /* 2382 S> */ B(LdaConstant), U8(180),
  /* 2382 E> */ B(Star), R(0),
  /* 2395 S> */ B(LdaConstant), U8(181),
  /* 2395 E> */ B(Star), R(0),
  /* 2408 S> */ B(LdaConstant), U8(182),
  /* 2408 E> */ B(Star), R(0),
  /* 2421 S> */ B(LdaConstant), U8(183),
  /* 2421 E> */ B(Star), R(0),
  /* 2434 S> */ B(LdaConstant), U8(184),
  /* 2434 E> */ B(Star), R(0),
  /* 2447 S> */ B(LdaConstant), U8(185),
  /* 2447 E> */ B(Star), R(0),
  /* 2460 S> */ B(LdaConstant), U8(186),
  /* 2460 E> */ B(Star), R(0),
  /* 2473 S> */ B(LdaConstant), U8(187),
  /* 2473 E> */ B(Star), R(0),
  /* 2486 S> */ B(LdaConstant), U8(188),
  /* 2486 E> */ B(Star), R(0),
  /* 2499 S> */ B(LdaConstant), U8(189),
  /* 2499 E> */ B(Star), R(0),
  /* 2512 S> */ B(LdaConstant), U8(190),
  /* 2512 E> */ B(Star), R(0),
  /* 2525 S> */ B(LdaConstant), U8(191),
  /* 2525 E> */ B(Star), R(0),
  /* 2538 S> */ B(LdaConstant), U8(192),
  /* 2538 E> */ B(Star), R(0),
  /* 2551 S> */ B(LdaConstant), U8(193),
  /* 2551 E> */ B(Star), R(0),
  /* 2564 S> */ B(LdaConstant), U8(194),
  /* 2564 E> */ B(Star), R(0),
  /* 2577 S> */ B(LdaConstant), U8(195),
  /* 2577 E> */ B(Star), R(0),
  /* 2590 S> */ B(LdaConstant), U8(196),
  /* 2590 E> */ B(Star), R(0),
  /* 2603 S> */ B(LdaConstant), U8(197),
  /* 2603 E> */ B(Star), R(0),
  /* 2616 S> */ B(LdaConstant), U8(198),
  /* 2616 E> */ B(Star), R(0),
  /* 2629 S> */ B(LdaConstant), U8(199),
  /* 2629 E> */ B(Star), R(0),
  /* 2642 S> */ B(LdaConstant), U8(200),
  /* 2642 E> */ B(Star), R(0),
  /* 2655 S> */ B(LdaConstant), U8(201),
  /* 2655 E> */ B(Star), R(0),
  /* 2668 S> */ B(LdaConstant), U8(202),
  /* 2668 E> */ B(Star), R(0),
  /* 2681 S> */ B(LdaConstant), U8(203),
  /* 2681 E> */ B(Star), R(0),
  /* 2694 S> */ B(LdaConstant), U8(204),
  /* 2694 E> */ B(Star), R(0),
  /* 2707 S> */ B(LdaConstant), U8(205),
  /* 2707 E> */ B(Star), R(0),
  /* 2720 S> */ B(LdaConstant), U8(206),
  /* 2720 E> */ B(Star), R(0),
  /* 2733 S> */ B(LdaConstant), U8(207),
  /* 2733 E> */ B(Star), R(0),
  /* 2746 S> */ B(LdaConstant), U8(208),
  /* 2746 E> */ B(Star), R(0),
  /* 2759 S> */ B(LdaConstant), U8(209),
  /* 2759 E> */ B(Star), R(0),
  /* 2772 S> */ B(LdaConstant), U8(210),
  /* 2772 E> */ B(Star), R(0),
  /* 2785 S> */ B(LdaConstant), U8(211),
  /* 2785 E> */ B(Star), R(0),
  /* 2798 S> */ B(LdaConstant), U8(212),
  /* 2798 E> */ B(Star), R(0),
  /* 2811 S> */ B(LdaConstant), U8(213),
  /* 2811 E> */ B(Star), R(0),
  /* 2824 S> */ B(LdaConstant), U8(214),
  /* 2824 E> */ B(Star), R(0),
  /* 2837 S> */ B(LdaConstant), U8(215),
  /* 2837 E> */ B(Star), R(0),
  /* 2850 S> */ B(LdaConstant), U8(216),
  /* 2850 E> */ B(Star), R(0),
  /* 2863 S> */ B(LdaConstant), U8(217),
  /* 2863 E> */ B(Star), R(0),
  /* 2876 S> */ B(LdaConstant), U8(218),
  /* 2876 E> */ B(Star), R(0),
  /* 2889 S> */ B(LdaConstant), U8(219),
  /* 2889 E> */ B(Star), R(0),
  /* 2902 S> */ B(LdaConstant), U8(220),
  /* 2902 E> */ B(Star), R(0),
  /* 2915 S> */ B(LdaConstant), U8(221),
  /* 2915 E> */ B(Star), R(0),
  /* 2928 S> */ B(LdaConstant), U8(222),
  /* 2928 E> */ B(Star), R(0),
  /* 2941 S> */ B(LdaConstant), U8(223),
  /* 2941 E> */ B(Star), R(0),
  /* 2954 S> */ B(LdaConstant), U8(224),
  /* 2954 E> */ B(Star), R(0),
  /* 2967 S> */ B(LdaConstant), U8(225),
  /* 2967 E> */ B(Star), R(0),
  /* 2980 S> */ B(LdaConstant), U8(226),
  /* 2980 E> */ B(Star), R(0),
  /* 2993 S> */ B(LdaConstant), U8(227),
  /* 2993 E> */ B(Star), R(0),
  /* 3006 S> */ B(LdaConstant), U8(228),
  /* 3006 E> */ B(Star), R(0),
  /* 3019 S> */ B(LdaConstant), U8(229),
  /* 3019 E> */ B(Star), R(0),
  /* 3032 S> */ B(LdaConstant), U8(230),
  /* 3032 E> */ B(Star), R(0),
  /* 3045 S> */ B(LdaConstant), U8(231),
  /* 3045 E> */ B(Star), R(0),
  /* 3058 S> */ B(LdaConstant), U8(232),
  /* 3058 E> */ B(Star), R(0),
  /* 3071 S> */ B(LdaConstant), U8(233),
  /* 3071 E> */ B(Star), R(0),
  /* 3084 S> */ B(LdaConstant), U8(234),
  /* 3084 E> */ B(Star), R(0),
  /* 3097 S> */ B(LdaConstant), U8(235),
  /* 3097 E> */ B(Star), R(0),
  /* 3110 S> */ B(LdaConstant), U8(236),
  /* 3110 E> */ B(Star), R(0),
  /* 3123 S> */ B(LdaConstant), U8(237),
  /* 3123 E> */ B(Star), R(0),
  /* 3136 S> */ B(LdaConstant), U8(238),
  /* 3136 E> */ B(Star), R(0),
  /* 3149 S> */ B(LdaConstant), U8(239),
  /* 3149 E> */ B(Star), R(0),
  /* 3162 S> */ B(LdaConstant), U8(240),
  /* 3162 E> */ B(Star), R(0),
  /* 3175 S> */ B(LdaConstant), U8(241),
  /* 3175 E> */ B(Star), R(0),
  /* 3188 S> */ B(LdaConstant), U8(242),
  /* 3188 E> */ B(Star), R(0),
  /* 3201 S> */ B(LdaConstant), U8(243),
  /* 3201 E> */ B(Star), R(0),
  /* 3214 S> */ B(LdaConstant), U8(244),
  /* 3214 E> */ B(Star), R(0),
  /* 3227 S> */ B(LdaConstant), U8(245),
  /* 3227 E> */ B(Star), R(0),
  /* 3240 S> */ B(LdaConstant), U8(246),
  /* 3240 E> */ B(Star), R(0),
  /* 3253 S> */ B(LdaConstant), U8(247),
  /* 3253 E> */ B(Star), R(0),
  /* 3266 S> */ B(LdaConstant), U8(248),
  /* 3266 E> */ B(Star), R(0),
  /* 3279 S> */ B(LdaConstant), U8(249),
  /* 3279 E> */ B(Star), R(0),
  /* 3292 S> */ B(LdaConstant), U8(250),
  /* 3292 E> */ B(Star), R(0),
  /* 3305 S> */ B(LdaConstant), U8(251),
  /* 3305 E> */ B(Star), R(0),
  /* 3318 S> */ B(LdaConstant), U8(252),
  /* 3318 E> */ B(Star), R(0),
  /* 3331 S> */ B(LdaConstant), U8(253),
  /* 3331 E> */ B(Star), R(0),
  /* 3344 S> */ B(LdaConstant), U8(254),
  /* 3344 E> */ B(Star), R(0),
  /* 3357 S> */ B(LdaConstant), U8(255),
  /* 3357 E> */ B(Star), R(0),
  /* 3370 S> */ B(Wide), B(LdaConstant), U16(256),
  /* 3370 E> */ B(Star), R(0),
  /* 3383 S> */ B(Wide), B(LdaConstant), U16(257),
  /* 3383 E> */ B(Star), R(0),
  /* 3396 S> */ B(Wide), B(LdaConstant), U16(258),
  /* 3396 E> */ B(Star), R(0),
  /* 3409 S> */ B(Wide), B(LdaConstant), U16(259),
  /* 3409 E> */ B(Star), R(0),
  /* 3422 S> */ B(Wide), B(LdaConstant), U16(260),
  /* 3422 E> */ B(Star), R(0),
  /* 3435 S> */ B(Wide), B(LdaConstant), U16(261),
  /* 3435 E> */ B(Star), R(0),
  /* 3448 S> */ B(Wide), B(LdaConstant), U16(262),
  /* 3448 E> */ B(Star), R(0),
  /* 3461 S> */ B(Wide), B(LdaConstant), U16(263),
  /* 3461 E> */ B(Star), R(0),
  /* 3474 S> */ B(Wide), B(LdaConstant), U16(264),
  /* 3474 E> */ B(Star), R(0),
  /* 3487 S> */ B(Wide), B(LdaConstant), U16(265),
  /* 3487 E> */ B(Star), R(0),
  /* 3500 S> */ B(Wide), B(LdaConstant), U16(266),
  /* 3500 E> */ B(Star), R(0),
  /* 3513 S> */ B(Wide), B(LdaConstant), U16(267),
  /* 3513 E> */ B(Star), R(0),
  /* 3526 S> */ B(Wide), B(LdaConstant), U16(268),
  /* 3526 E> */ B(Star), R(0),
  /* 3539 S> */ B(Wide), B(LdaConstant), U16(269),
  /* 3539 E> */ B(Star), R(0),
  /* 3552 S> */ B(Wide), B(LdaConstant), U16(270),
  /* 3552 E> */ B(Star), R(0),
  /* 3565 S> */ B(Wide), B(LdaConstant), U16(271),
  /* 3565 E> */ B(Star), R(0),
  /* 3578 S> */ B(Wide), B(LdaConstant), U16(272),
  /* 3578 E> */ B(Star), R(0),
  /* 3591 S> */ B(Wide), B(LdaConstant), U16(273),
  /* 3591 E> */ B(Star), R(0),
  /* 3604 S> */ B(Wide), B(LdaConstant), U16(274),
  /* 3604 E> */ B(Star), R(0),
  /* 3617 S> */ B(Wide), B(LdaConstant), U16(275),
  /* 3617 E> */ B(Star), R(0),
  /* 3630 S> */ B(Wide), B(LdaConstant), U16(276),
  /* 3630 E> */ B(Star), R(0),
  /* 3643 S> */ B(Wide), B(LdaConstant), U16(277),
  /* 3643 E> */ B(Star), R(0),
  /* 3656 S> */ B(Wide), B(LdaConstant), U16(278),
  /* 3656 E> */ B(Star), R(0),
  /* 3669 S> */ B(Wide), B(LdaConstant), U16(279),
  /* 3669 E> */ B(Star), R(0),
  /* 3682 S> */ B(Wide), B(LdaConstant), U16(280),
  /* 3682 E> */ B(Star), R(0),
  /* 3695 S> */ B(Wide), B(LdaConstant), U16(281),
  /* 3695 E> */ B(Star), R(0),
  /* 3708 S> */ B(Wide), B(LdaConstant), U16(282),
  /* 3708 E> */ B(Star), R(0),
  /* 3721 S> */ B(Wide), B(LdaConstant), U16(283),
  /* 3721 E> */ B(Star), R(0),
  /* 3734 S> */ B(Wide), B(LdaConstant), U16(284),
  /* 3734 E> */ B(Star), R(0),
  /* 3747 S> */ B(Wide), B(LdaConstant), U16(285),
  /* 3747 E> */ B(Star), R(0),
  /* 3760 S> */ B(Wide), B(LdaConstant), U16(286),
  /* 3760 E> */ B(Star), R(0),
  /* 3773 S> */ B(Wide), B(LdaConstant), U16(287),
  /* 3773 E> */ B(Star), R(0),
  /* 3786 S> */ B(Wide), B(LdaConstant), U16(288),
  /* 3786 E> */ B(Star), R(0),
  /* 3799 S> */ B(Wide), B(LdaConstant), U16(289),
  /* 3799 E> */ B(Star), R(0),
  /* 3812 S> */ B(Wide), B(LdaConstant), U16(290),
  /* 3812 E> */ B(Star), R(0),
  /* 3825 S> */ B(Wide), B(LdaConstant), U16(291),
  /* 3825 E> */ B(Star), R(0),
  /* 3838 S> */ B(Wide), B(LdaConstant), U16(292),
  /* 3838 E> */ B(Star), R(0),
  /* 3851 S> */ B(Wide), B(LdaConstant), U16(293),
  /* 3851 E> */ B(Star), R(0),
  /* 3864 S> */ B(Wide), B(LdaConstant), U16(294),
  /* 3864 E> */ B(Star), R(0),
  /* 3877 S> */ B(Wide), B(LdaConstant), U16(295),
  /* 3877 E> */ B(Star), R(0),
  /* 3890 S> */ B(Wide), B(LdaConstant), U16(296),
  /* 3890 E> */ B(Star), R(0),
  /* 3903 S> */ B(Wide), B(LdaConstant), U16(297),
  /* 3903 E> */ B(Star), R(0),
  /* 3916 S> */ B(Wide), B(LdaConstant), U16(298),
  /* 3916 E> */ B(Star), R(0),
  /* 3929 S> */ B(Wide), B(LdaConstant), U16(299),
  /* 3929 E> */ B(Star), R(0),
  /* 3942 S> */ B(Wide), B(LdaConstant), U16(300),
  /* 3942 E> */ B(Star), R(0),
  /* 3955 S> */ B(Wide), B(LdaConstant), U16(301),
  /* 3955 E> */ B(Star), R(0),
  /* 3968 S> */ B(Wide), B(LdaConstant), U16(302),
  /* 3968 E> */ B(Star), R(0),
  /* 3981 S> */ B(Wide), B(LdaConstant), U16(303),
  /* 3981 E> */ B(Star), R(0),
  /* 3994 S> */ B(Wide), B(LdaConstant), U16(304),
  /* 3994 E> */ B(Star), R(0),
  /* 4007 S> */ B(Wide), B(LdaConstant), U16(305),
  /* 4007 E> */ B(Star), R(0),
  /* 4020 S> */ B(Wide), B(LdaConstant), U16(306),
  /* 4020 E> */ B(Star), R(0),
  /* 4033 S> */ B(Wide), B(LdaConstant), U16(307),
  /* 4033 E> */ B(Star), R(0),
  /* 4046 S> */ B(Wide), B(LdaConstant), U16(308),
  /* 4046 E> */ B(Star), R(0),
  /* 4059 S> */ B(Wide), B(LdaConstant), U16(309),
  /* 4059 E> */ B(Star), R(0),
  /* 4072 S> */ B(Wide), B(LdaConstant), U16(310),
  /* 4072 E> */ B(Star), R(0),
  /* 4085 S> */ B(Wide), B(LdaConstant), U16(311),
  /* 4085 E> */ B(Star), R(0),
  /* 4103 S> */ B(LdaZero),
  /* 4103 E> */ B(Star), R(1),
  /* 4108 S> */ B(Ldar), R(1),
                B(Star), R(2),
                B(LdaSmi), U8(3),
  /* 4108 E> */ B(TestLessThan), R(2),
                B(Wide), B(JumpIfFalse), U16(46),
  /* 4090 E> */ B(StackCheck),
  /* 4122 S> */ B(Ldar), R(1),
                B(Star), R(2),
                B(LdaSmi), U8(1),
  /* 4128 E> */ B(TestEqual), R(2),
                B(Wide), B(JumpIfFalse), U16(7),
  /* 4134 S> */ B(Wide), B(Jump), U16(19),
  /* 4146 S> */ B(Ldar), R(1),
                B(Star), R(2),
                B(LdaSmi), U8(2),
  /* 4152 E> */ B(TestEqual), R(2),
                B(Wide), B(JumpIfFalse), U16(7),
  /* 4158 S> */ B(Wide), B(Jump), U16(13),
  /* 4114 S> */ B(Ldar), R(1),
                B(ToNumber),
                B(Star), R(2),
                B(Inc),
  /* 4114 E> */ B(Star), R(1),
                B(Jump), U8(-53),
  /* 4167 S> */ B(LdaSmi), U8(3),
  /* 4177 S> */ B(Return),
]
constant pool: [
  0.1,
  0.1,
  0.1,
  0.1,
  0.1,
  0.1,
  0.1,
  0.1,
  0.1,
  0.1,
  0.1,
  0.1,
  0.1,
  0.1,
  0.1,
  0.1,
  0.1,
  0.1,
  0.1,
  0.1,
  0.1,
  0.1,
  0.1,
  0.1,
  0.1,
  0.1,
  0.1,
  0.1,
  0.1,
  0.1,
  0.1,
  0.1,
  0.1,
  0.1,
  0.1,
  0.1,
  0.1,
  0.1,
  0.1,
  0.1,
  0.1,
  0.1,
  0.1,
  0.1,
  0.1,
  0.1,
  0.1,
  0.1,
  0.1,
  0.1,
  0.1,
  0.1,
  0.1,
  0.1,
  0.1,
  0.1,
  0.1,
  0.1,
  0.1,
  0.1,
  0.1,
  0.1,
  0.1,
  0.1,
  0.1,
  0.1,
  0.1,
  0.1,
  0.1,
  0.1,
  0.1,
  0.1,
  0.1,
  0.1,
  0.1,
  0.1,
  0.1,
  0.1,
  0.1,
  0.1,
  0.1,
  0.1,
  0.1,
  0.1,
  0.1,
  0.1,
  0.1,
  0.1,
  0.1,
  0.1,
  0.1,
  0.1,
  0.1,
  0.1,
  0.1,
  0.1,
  0.1,
  0.1,
  0.1,
  0.1,
  0.1,
  0.1,
  0.1,
  0.1,
  0.1,
  0.1,
  0.1,
  0.1,
  0.1,
  0.1,
  0.1,
  0.1,
  0.1,
  0.1,
  0.1,
  0.1,
  0.1,
  0.1,
  0.1,
  0.1,
  0.1,
  0.1,
  0.1,
  0.1,
  0.1,
  0.1,
  0.1,
  0.1,
  0.1,
  0.1,
  0.1,
  0.1,
  0.1,
  0.1,
  0.1,
  0.1,
  0.1,
  0.1,
  0.1,
  0.1,
  0.1,
  0.1,
  0.1,
  0.1,
  0.1,
  0.1,
  0.1,
  0.1,
  0.1,
  0.1,
  0.1,
  0.1,
  0.1,
  0.1,
  0.1,
  0.1,
  0.1,
  0.1,
  0.1,
  0.1,
  0.1,
  0.1,
  0.1,
  0.1,
  0.1,
  0.1,
  0.1,
  0.1,
  0.1,
  0.1,
  0.1,
  0.1,
  0.1,
  0.1,
  0.1,
  0.1,
  0.1,
  0.1,
  0.1,
  0.1,
  0.1,
  0.1,
  0.1,
  0.1,
  0.1,
  0.1,
  0.1,
  0.1,
  0.1,
  0.1,
  0.1,
  0.1,
  0.1,
  0.1,
  0.1,
  0.1,
  0.1,
  0.1,
  0.1,
  0.1,
  0.1,
  0.1,
  0.1,
  0.1,
  0.1,
  0.1,
  0.1,
  0.1,
  0.1,
  0.1,
  0.1,
  0.1,
  0.1,
  0.1,
  0.1,
  0.1,
  0.1,
  0.1,
  0.1,
  0.1,
  0.1,
  0.1,
  0.1,
  0.1,
  0.1,
  0.1,
  0.1,
  0.1,
  0.1,
  0.1,
  0.1,
  0.1,
  0.1,
  0.1,
  0.1,
  0.1,
  0.1,
  0.1,
  0.1,
  0.1,
  0.1,
  0.1,
  0.1,
  0.1,
  0.1,
  0.1,
  0.1,
  0.1,
  0.1,
  0.1,
  0.1,
  0.1,
  0.1,
  0.1,
  0.1,
  0.1,
  0.2,
  0.2,
  0.2,
  0.2,
  0.2,
  0.2,
  0.2,
  0.2,
  0.2,
  0.2,
  0.2,
  0.2,
  0.2,
  0.2,
  0.2,
  0.2,
  0.2,
  0.2,
  0.2,
  0.2,
  0.2,
  0.2,
  0.2,
  0.2,
  0.2,
  0.2,
  0.2,
  0.2,
  0.2,
  0.2,
  0.2,
  0.2,
  0.3,
  0.3,
  0.3,
  0.3,
  0.3,
  0.3,
  0.3,
  0.3,
  0.3,
  0.3,
  0.3,
  0.3,
  0.3,
  0.3,
  0.3,
  0.3,
  0.4,
  0.4,
  0.4,
  0.4,
  0.4,
  0.4,
  0.4,
  0.4,
]
handlers: [
]

