#
# Autogenerated by generate-bytecode-expectations.
#

---
pool type: string
execute: yes
wrap: no
test function name: f

---
snippet: "
  var a = 1;
  function f() { return a; }
  f()
"
frame size: 0
parameter count: 1
bytecode array length: 5
bytecodes: [
  /*   21 E> */ B(StackCheck),
  /*   26 S> */ B(LdaGlobal), U8(0), U8(1),
  /*   36 S> */ B(Return),
]
constant pool: [
  "a",
]
handlers: [
]

---
snippet: "
  function t() { }
  function f() { return t; }
  f()
"
frame size: 0
parameter count: 1
bytecode array length: 5
bytecodes: [
  /*   27 E> */ B(StackCheck),
  /*   32 S> */ B(LdaGlobal), U8(0), U8(1),
  /*   42 S> */ B(Return),
]
constant pool: [
  "t",
]
handlers: [
]

---
snippet: "
  a = 1;
  function f() { return a; }
  f()
"
frame size: 0
parameter count: 1
bytecode array length: 5
bytecodes: [
  /*   17 E> */ B(StackCheck),
  /*   22 S> */ B(LdaGlobal), U8(0), U8(1),
  /*   32 S> */ B(Return),
]
constant pool: [
  "a",
]
handlers: [
]

---
snippet: "
  a = 1;
  function f(b) {
    b.name;
    b.name;
    b.name;
    b.name;
    b.name;
    b.name;
    b.name;
    b.name;
    b.name;
    b.name;
    b.name;
    b.name;
    b.name;
    b.name;
    b.name;
    b.name;
    b.name;
    b.name;
    b.name;
    b.name;
    b.name;
    b.name;
    b.name;
    b.name;
    b.name;
    b.name;
    b.name;
    b.name;
    b.name;
    b.name;
    b.name;
    b.name;
    b.name;
    b.name;
    b.name;
    b.name;
    b.name;
    b.name;
    b.name;
    b.name;
    b.name;
    b.name;
    b.name;
    b.name;
    b.name;
    b.name;
    b.name;
    b.name;
    b.name;
    b.name;
    b.name;
    b.name;
    b.name;
    b.name;
    b.name;
    b.name;
    b.name;
    b.name;
    b.name;
    b.name;
    b.name;
    b.name;
    b.name;
    b.name;
    b.name;
    b.name;
    b.name;
    b.name;
    b.name;
    b.name;
    b.name;
    b.name;
    b.name;
    b.name;
    b.name;
    b.name;
    b.name;
    b.name;
    b.name;
    b.name;
    b.name;
    b.name;
    b.name;
    b.name;
    b.name;
    b.name;
    b.name;
    b.name;
    b.name;
    b.name;
    b.name;
    b.name;
    b.name;
    b.name;
    b.name;
    b.name;
    b.name;
    b.name;
    b.name;
    b.name;
    b.name;
    b.name;
    b.name;
    b.name;
    b.name;
    b.name;
    b.name;
    b.name;
    b.name;
    b.name;
    b.name;
    b.name;
    b.name;
    b.name;
    b.name;
    b.name;
    b.name;
    b.name;
    b.name;
    b.name;
    b.name;
    b.name;
    b.name;
    b.name;
    b.name;
    b.name;
    b.name;
    b.name;
    return a;
  }
  f({name: 1});
"
frame size: 1
parameter count: 2
bytecode array length: 1032
bytecodes: [
  /*   17 E> */ B(StackCheck),
  /*   25 S> */ B(Ldar), R(arg0),
                B(Star), R(0),
  /*   26 E> */ B(LoadIC), R(0), U8(0), U8(1),
  /*   35 S> */ B(Ldar), R(arg0),
                B(Star), R(0),
  /*   36 E> */ B(LoadIC), R(0), U8(0), U8(3),
  /*   45 S> */ B(Ldar), R(arg0),
                B(Star), R(0),
  /*   46 E> */ B(LoadIC), R(0), U8(0), U8(5),
  /*   55 S> */ B(Ldar), R(arg0),
                B(Star), R(0),
  /*   56 E> */ B(LoadIC), R(0), U8(0), U8(7),
  /*   65 S> */ B(Ldar), R(arg0),
                B(Star), R(0),
  /*   66 E> */ B(LoadIC), R(0), U8(0), U8(9),
  /*   75 S> */ B(Ldar), R(arg0),
                B(Star), R(0),
  /*   76 E> */ B(LoadIC), R(0), U8(0), U8(11),
  /*   85 S> */ B(Ldar), R(arg0),
                B(Star), R(0),
  /*   86 E> */ B(LoadIC), R(0), U8(0), U8(13),
  /*   95 S> */ B(Ldar), R(arg0),
                B(Star), R(0),
  /*   96 E> */ B(LoadIC), R(0), U8(0), U8(15),
  /*  105 S> */ B(Ldar), R(arg0),
                B(Star), R(0),
  /*  106 E> */ B(LoadIC), R(0), U8(0), U8(17),
  /*  115 S> */ B(Ldar), R(arg0),
                B(Star), R(0),
  /*  116 E> */ B(LoadIC), R(0), U8(0), U8(19),
  /*  125 S> */ B(Ldar), R(arg0),
                B(Star), R(0),
  /*  126 E> */ B(LoadIC), R(0), U8(0), U8(21),
  /*  135 S> */ B(Ldar), R(arg0),
                B(Star), R(0),
  /*  136 E> */ B(LoadIC), R(0), U8(0), U8(23),
  /*  145 S> */ B(Ldar), R(arg0),
                B(Star), R(0),
  /*  146 E> */ B(LoadIC), R(0), U8(0), U8(25),
  /*  155 S> */ B(Ldar), R(arg0),
                B(Star), R(0),
  /*  156 E> */ B(LoadIC), R(0), U8(0), U8(27),
  /*  165 S> */ B(Ldar), R(arg0),
                B(Star), R(0),
  /*  166 E> */ B(LoadIC), R(0), U8(0), U8(29),
  /*  175 S> */ B(Ldar), R(arg0),
                B(Star), R(0),
  /*  176 E> */ B(LoadIC), R(0), U8(0), U8(31),
  /*  185 S> */ B(Ldar), R(arg0),
                B(Star), R(0),
  /*  186 E> */ B(LoadIC), R(0), U8(0), U8(33),
  /*  195 S> */ B(Ldar), R(arg0),
                B(Star), R(0),
  /*  196 E> */ B(LoadIC), R(0), U8(0), U8(35),
  /*  205 S> */ B(Ldar), R(arg0),
                B(Star), R(0),
  /*  206 E> */ B(LoadIC), R(0), U8(0), U8(37),
  /*  215 S> */ B(Ldar), R(arg0),
                B(Star), R(0),
  /*  216 E> */ B(LoadIC), R(0), U8(0), U8(39),
  /*  225 S> */ B(Ldar), R(arg0),
                B(Star), R(0),
  /*  226 E> */ B(LoadIC), R(0), U8(0), U8(41),
  /*  235 S> */ B(Ldar), R(arg0),
                B(Star), R(0),
  /*  236 E> */ B(LoadIC), R(0), U8(0), U8(43),
  /*  245 S> */ B(Ldar), R(arg0),
                B(Star), R(0),
  /*  246 E> */ B(LoadIC), R(0), U8(0), U8(45),
  /*  255 S> */ B(Ldar), R(arg0),
                B(Star), R(0),
  /*  256 E> */ B(LoadIC), R(0), U8(0), U8(47),
  /*  265 S> */ B(Ldar), R(arg0),
                B(Star), R(0),
  /*  266 E> */ B(LoadIC), R(0), U8(0), U8(49),
  /*  275 S> */ B(Ldar), R(arg0),
                B(Star), R(0),
  /*  276 E> */ B(LoadIC), R(0), U8(0), U8(51),
  /*  285 S> */ B(Ldar), R(arg0),
                B(Star), R(0),
  /*  286 E> */ B(LoadIC), R(0), U8(0), U8(53),
  /*  295 S> */ B(Ldar), R(arg0),
                B(Star), R(0),
  /*  296 E> */ B(LoadIC), R(0), U8(0), U8(55),
  /*  305 S> */ B(Ldar), R(arg0),
                B(Star), R(0),
  /*  306 E> */ B(LoadIC), R(0), U8(0), U8(57),
  /*  315 S> */ B(Ldar), R(arg0),
                B(Star), R(0),
  /*  316 E> */ B(LoadIC), R(0), U8(0), U8(59),
  /*  325 S> */ B(Ldar), R(arg0),
                B(Star), R(0),
  /*  326 E> */ B(LoadIC), R(0), U8(0), U8(61),
  /*  335 S> */ B(Ldar), R(arg0),
                B(Star), R(0),
  /*  336 E> */ B(LoadIC), R(0), U8(0), U8(63),
  /*  345 S> */ B(Ldar), R(arg0),
                B(Star), R(0),
  /*  346 E> */ B(LoadIC), R(0), U8(0), U8(65),
  /*  355 S> */ B(Ldar), R(arg0),
                B(Star), R(0),
  /*  356 E> */ B(LoadIC), R(0), U8(0), U8(67),
  /*  365 S> */ B(Ldar), R(arg0),
                B(Star), R(0),
  /*  366 E> */ B(LoadIC), R(0), U8(0), U8(69),
  /*  375 S> */ B(Ldar), R(arg0),
                B(Star), R(0),
  /*  376 E> */ B(LoadIC), R(0), U8(0), U8(71),
  /*  385 S> */ B(Ldar), R(arg0),
                B(Star), R(0),
  /*  386 E> */ B(LoadIC), R(0), U8(0), U8(73),
  /*  395 S> */ B(Ldar), R(arg0),
                B(Star), R(0),
  /*  396 E> */ B(LoadIC), R(0), U8(0), U8(75),
  /*  405 S> */ B(Ldar), R(arg0),
                B(Star), R(0),
  /*  406 E> */ B(LoadIC), R(0), U8(0), U8(77),
  /*  415 S> */ B(Ldar), R(arg0),
                B(Star), R(0),
  /*  416 E> */ B(LoadIC), R(0), U8(0), U8(79),
  /*  425 S> */ B(Ldar), R(arg0),
                B(Star), R(0),
  /*  426 E> */ B(LoadIC), R(0), U8(0), U8(81),
  /*  435 S> */ B(Ldar), R(arg0),
                B(Star), R(0),
  /*  436 E> */ B(LoadIC), R(0), U8(0), U8(83),
  /*  445 S> */ B(Ldar), R(arg0),
                B(Star), R(0),
  /*  446 E> */ B(LoadIC), R(0), U8(0), U8(85),
  /*  455 S> */ B(Ldar), R(arg0),
                B(Star), R(0),
  /*  456 E> */ B(LoadIC), R(0), U8(0), U8(87),
  /*  465 S> */ B(Ldar), R(arg0),
                B(Star), R(0),
  /*  466 E> */ B(LoadIC), R(0), U8(0), U8(89),
  /*  475 S> */ B(Ldar), R(arg0),
                B(Star), R(0),
  /*  476 E> */ B(LoadIC), R(0), U8(0), U8(91),
  /*  485 S> */ B(Ldar), R(arg0),
                B(Star), R(0),
  /*  486 E> */ B(LoadIC), R(0), U8(0), U8(93),
  /*  495 S> */ B(Ldar), R(arg0),
                B(Star), R(0),
  /*  496 E> */ B(LoadIC), R(0), U8(0), U8(95),
  /*  505 S> */ B(Ldar), R(arg0),
                B(Star), R(0),
  /*  506 E> */ B(LoadIC), R(0), U8(0), U8(97),
  /*  515 S> */ B(Ldar), R(arg0),
                B(Star), R(0),
  /*  516 E> */ B(LoadIC), R(0), U8(0), U8(99),
  /*  525 S> */ B(Ldar), R(arg0),
                B(Star), R(0),
  /*  526 E> */ B(LoadIC), R(0), U8(0), U8(101),
  /*  535 S> */ B(Ldar), R(arg0),
                B(Star), R(0),
  /*  536 E> */ B(LoadIC), R(0), U8(0), U8(103),
  /*  545 S> */ B(Ldar), R(arg0),
                B(Star), R(0),
  /*  546 E> */ B(LoadIC), R(0), U8(0), U8(105),
  /*  555 S> */ B(Ldar), R(arg0),
                B(Star), R(0),
  /*  556 E> */ B(LoadIC), R(0), U8(0), U8(107),
  /*  565 S> */ B(Ldar), R(arg0),
                B(Star), R(0),
  /*  566 E> */ B(LoadIC), R(0), U8(0), U8(109),
  /*  575 S> */ B(Ldar), R(arg0),
                B(Star), R(0),
  /*  576 E> */ B(LoadIC), R(0), U8(0), U8(111),
  /*  585 S> */ B(Ldar), R(arg0),
                B(Star), R(0),
  /*  586 E> */ B(LoadIC), R(0), U8(0), U8(113),
  /*  595 S> */ B(Ldar), R(arg0),
                B(Star), R(0),
  /*  596 E> */ B(LoadIC), R(0), U8(0), U8(115),
  /*  605 S> */ B(Ldar), R(arg0),
                B(Star), R(0),
  /*  606 E> */ B(LoadIC), R(0), U8(0), U8(117),
  /*  615 S> */ B(Ldar), R(arg0),
                B(Star), R(0),
  /*  616 E> */ B(LoadIC), R(0), U8(0), U8(119),
  /*  625 S> */ B(Ldar), R(arg0),
                B(Star), R(0),
  /*  626 E> */ B(LoadIC), R(0), U8(0), U8(121),
  /*  635 S> */ B(Ldar), R(arg0),
                B(Star), R(0),
  /*  636 E> */ B(LoadIC), R(0), U8(0), U8(123),
  /*  645 S> */ B(Ldar), R(arg0),
                B(Star), R(0),
  /*  646 E> */ B(LoadIC), R(0), U8(0), U8(125),
  /*  655 S> */ B(Ldar), R(arg0),
                B(Star), R(0),
  /*  656 E> */ B(LoadIC), R(0), U8(0), U8(127),
  /*  665 S> */ B(Ldar), R(arg0),
                B(Star), R(0),
  /*  666 E> */ B(LoadIC), R(0), U8(0), U8(129),
  /*  675 S> */ B(Ldar), R(arg0),
                B(Star), R(0),
  /*  676 E> */ B(LoadIC), R(0), U8(0), U8(131),
  /*  685 S> */ B(Ldar), R(arg0),
                B(Star), R(0),
  /*  686 E> */ B(LoadIC), R(0), U8(0), U8(133),
  /*  695 S> */ B(Ldar), R(arg0),
                B(Star), R(0),
  /*  696 E> */ B(LoadIC), R(0), U8(0), U8(135),
  /*  705 S> */ B(Ldar), R(arg0),
                B(Star), R(0),
  /*  706 E> */ B(LoadIC), R(0), U8(0), U8(137),
  /*  715 S> */ B(Ldar), R(arg0),
                B(Star), R(0),
  /*  716 E> */ B(LoadIC), R(0), U8(0), U8(139),
  /*  725 S> */ B(Ldar), R(arg0),
                B(Star), R(0),
  /*  726 E> */ B(LoadIC), R(0), U8(0), U8(141),
  /*  735 S> */ B(Ldar), R(arg0),
                B(Star), R(0),
  /*  736 E> */ B(LoadIC), R(0), U8(0), U8(143),
  /*  745 S> */ B(Ldar), R(arg0),
                B(Star), R(0),
  /*  746 E> */ B(LoadIC), R(0), U8(0), U8(145),
  /*  755 S> */ B(Ldar), R(arg0),
                B(Star), R(0),
  /*  756 E> */ B(LoadIC), R(0), U8(0), U8(147),
  /*  765 S> */ B(Ldar), R(arg0),
                B(Star), R(0),
  /*  766 E> */ B(LoadIC), R(0), U8(0), U8(149),
  /*  775 S> */ B(Ldar), R(arg0),
                B(Star), R(0),
  /*  776 E> */ B(LoadIC), R(0), U8(0), U8(151),
  /*  785 S> */ B(Ldar), R(arg0),
                B(Star), R(0),
  /*  786 E> */ B(LoadIC), R(0), U8(0), U8(153),
  /*  795 S> */ B(Ldar), R(arg0),
                B(Star), R(0),
  /*  796 E> */ B(LoadIC), R(0), U8(0), U8(155),
  /*  805 S> */ B(Ldar), R(arg0),
                B(Star), R(0),
  /*  806 E> */ B(LoadIC), R(0), U8(0), U8(157),
  /*  815 S> */ B(Ldar), R(arg0),
                B(Star), R(0),
  /*  816 E> */ B(LoadIC), R(0), U8(0), U8(159),
  /*  825 S> */ B(Ldar), R(arg0),
                B(Star), R(0),
  /*  826 E> */ B(LoadIC), R(0), U8(0), U8(161),
  /*  835 S> */ B(Ldar), R(arg0),
                B(Star), R(0),
  /*  836 E> */ B(LoadIC), R(0), U8(0), U8(163),
  /*  845 S> */ B(Ldar), R(arg0),
                B(Star), R(0),
  /*  846 E> */ B(LoadIC), R(0), U8(0), U8(165),
  /*  855 S> */ B(Ldar), R(arg0),
                B(Star), R(0),
  /*  856 E> */ B(LoadIC), R(0), U8(0), U8(167),
  /*  865 S> */ B(Ldar), R(arg0),
                B(Star), R(0),
  /*  866 E> */ B(LoadIC), R(0), U8(0), U8(169),
  /*  875 S> */ B(Ldar), R(arg0),
                B(Star), R(0),
  /*  876 E> */ B(LoadIC), R(0), U8(0), U8(171),
  /*  885 S> */ B(Ldar), R(arg0),
                B(Star), R(0),
  /*  886 E> */ B(LoadIC), R(0), U8(0), U8(173),
  /*  895 S> */ B(Ldar), R(arg0),
                B(Star), R(0),
  /*  896 E> */ B(LoadIC), R(0), U8(0), U8(175),
  /*  905 S> */ B(Ldar), R(arg0),
                B(Star), R(0),
  /*  906 E> */ B(LoadIC), R(0), U8(0), U8(177),
  /*  915 S> */ B(Ldar), R(arg0),
                B(Star), R(0),
  /*  916 E> */ B(LoadIC), R(0), U8(0), U8(179),
  /*  925 S> */ B(Ldar), R(arg0),
                B(Star), R(0),
  /*  926 E> */ B(LoadIC), R(0), U8(0), U8(181),
  /*  935 S> */ B(Ldar), R(arg0),
                B(Star), R(0),
  /*  936 E> */ B(LoadIC), R(0), U8(0), U8(183),
  /*  945 S> */ B(Ldar), R(arg0),
                B(Star), R(0),
  /*  946 E> */ B(LoadIC), R(0), U8(0), U8(185),
  /*  955 S> */ B(Ldar), R(arg0),
                B(Star), R(0),
  /*  956 E> */ B(LoadIC), R(0), U8(0), U8(187),
  /*  965 S> */ B(Ldar), R(arg0),
                B(Star), R(0),
  /*  966 E> */ B(LoadIC), R(0), U8(0), U8(189),
  /*  975 S> */ B(Ldar), R(arg0),
                B(Star), R(0),
  /*  976 E> */ B(LoadIC), R(0), U8(0), U8(191),
  /*  985 S> */ B(Ldar), R(arg0),
                B(Star), R(0),
  /*  986 E> */ B(LoadIC), R(0), U8(0), U8(193),
  /*  995 S> */ B(Ldar), R(arg0),
                B(Star), R(0),
  /*  996 E> */ B(LoadIC), R(0), U8(0), U8(195),
  /* 1005 S> */ B(Ldar), R(arg0),
                B(Star), R(0),
  /* 1006 E> */ B(LoadIC), R(0), U8(0), U8(197),
  /* 1015 S> */ B(Ldar), R(arg0),
                B(Star), R(0),
  /* 1016 E> */ B(LoadIC), R(0), U8(0), U8(199),
  /* 1025 S> */ B(Ldar), R(arg0),
                B(Star), R(0),
  /* 1026 E> */ B(LoadIC), R(0), U8(0), U8(201),
  /* 1035 S> */ B(Ldar), R(arg0),
                B(Star), R(0),
  /* 1036 E> */ B(LoadIC), R(0), U8(0), U8(203),
  /* 1045 S> */ B(Ldar), R(arg0),
                B(Star), R(0),
  /* 1046 E> */ B(LoadIC), R(0), U8(0), U8(205),
  /* 1055 S> */ B(Ldar), R(arg0),
                B(Star), R(0),
  /* 1056 E> */ B(LoadIC), R(0), U8(0), U8(207),
  /* 1065 S> */ B(Ldar), R(arg0),
                B(Star), R(0),
  /* 1066 E> */ B(LoadIC), R(0), U8(0), U8(209),
  /* 1075 S> */ B(Ldar), R(arg0),
                B(Star), R(0),
  /* 1076 E> */ B(LoadIC), R(0), U8(0), U8(211),
  /* 1085 S> */ B(Ldar), R(arg0),
                B(Star), R(0),
  /* 1086 E> */ B(LoadIC), R(0), U8(0), U8(213),
  /* 1095 S> */ B(Ldar), R(arg0),
                B(Star), R(0),
  /* 1096 E> */ B(LoadIC), R(0), U8(0), U8(215),
  /* 1105 S> */ B(Ldar), R(arg0),
                B(Star), R(0),
  /* 1106 E> */ B(LoadIC), R(0), U8(0), U8(217),
  /* 1115 S> */ B(Ldar), R(arg0),
                B(Star), R(0),
  /* 1116 E> */ B(LoadIC), R(0), U8(0), U8(219),
  /* 1125 S> */ B(Ldar), R(arg0),
                B(Star), R(0),
  /* 1126 E> */ B(LoadIC), R(0), U8(0), U8(221),
  /* 1135 S> */ B(Ldar), R(arg0),
                B(Star), R(0),
  /* 1136 E> */ B(LoadIC), R(0), U8(0), U8(223),
  /* 1145 S> */ B(Ldar), R(arg0),
                B(Star), R(0),
  /* 1146 E> */ B(LoadIC), R(0), U8(0), U8(225),
  /* 1155 S> */ B(Ldar), R(arg0),
                B(Star), R(0),
  /* 1156 E> */ B(LoadIC), R(0), U8(0), U8(227),
  /* 1165 S> */ B(Ldar), R(arg0),
                B(Star), R(0),
  /* 1166 E> */ B(LoadIC), R(0), U8(0), U8(229),
  /* 1175 S> */ B(Ldar), R(arg0),
                B(Star), R(0),
  /* 1176 E> */ B(LoadIC), R(0), U8(0), U8(231),
  /* 1185 S> */ B(Ldar), R(arg0),
                B(Star), R(0),
  /* 1186 E> */ B(LoadIC), R(0), U8(0), U8(233),
  /* 1195 S> */ B(Ldar), R(arg0),
                B(Star), R(0),
  /* 1196 E> */ B(LoadIC), R(0), U8(0), U8(235),
  /* 1205 S> */ B(Ldar), R(arg0),
                B(Star), R(0),
  /* 1206 E> */ B(LoadIC), R(0), U8(0), U8(237),
  /* 1215 S> */ B(Ldar), R(arg0),
                B(Star), R(0),
  /* 1216 E> */ B(LoadIC), R(0), U8(0), U8(239),
  /* 1225 S> */ B(Ldar), R(arg0),
                B(Star), R(0),
  /* 1226 E> */ B(LoadIC), R(0), U8(0), U8(241),
  /* 1235 S> */ B(Ldar), R(arg0),
                B(Star), R(0),
  /* 1236 E> */ B(LoadIC), R(0), U8(0), U8(243),
  /* 1245 S> */ B(Ldar), R(arg0),
                B(Star), R(0),
  /* 1246 E> */ B(LoadIC), R(0), U8(0), U8(245),
  /* 1255 S> */ B(Ldar), R(arg0),
                B(Star), R(0),
  /* 1256 E> */ B(LoadIC), R(0), U8(0), U8(247),
  /* 1265 S> */ B(Ldar), R(arg0),
                B(Star), R(0),
  /* 1266 E> */ B(LoadIC), R(0), U8(0), U8(249),
  /* 1275 S> */ B(Ldar), R(arg0),
                B(Star), R(0),
  /* 1276 E> */ B(LoadIC), R(0), U8(0), U8(251),
  /* 1285 S> */ B(Ldar), R(arg0),
                B(Star), R(0),
  /* 1286 E> */ B(LoadIC), R(0), U8(0), U8(253),
  /* 1295 S> */ B(Ldar), R(arg0),
                B(Star), R(0),
  /* 1296 E> */ B(LoadIC), R(0), U8(0), U8(255),
  /* 1305 S> */ B(Wide), B(LdaGlobal), U16(1), U16(257),
  /* 1315 S> */ B(Return),
]
constant pool: [
  "name",
  "a",
]
handlers: [
]

