#
# Autogenerated by generate-bytecode-expectations.
#

---
pool type: mixed
execute: yes
wrap: yes

---
snippet: "
  var a;
  a = 1.23;
  a = 1.23;
  a = 1.23;
  a = 1.23;
  a = 1.23;
  a = 1.23;
  a = 1.23;
  a = 1.23;
  a = 1.23;
  a = 1.23;
  a = 1.23;
  a = 1.23;
  a = 1.23;
  a = 1.23;
  a = 1.23;
  a = 1.23;
  a = 1.23;
  a = 1.23;
  a = 1.23;
  a = 1.23;
  a = 1.23;
  a = 1.23;
  a = 1.23;
  a = 1.23;
  a = 1.23;
  a = 1.23;
  a = 1.23;
  a = 1.23;
  a = 1.23;
  a = 1.23;
  a = 1.23;
  a = 1.23;
  a = 1.23;
  a = 1.23;
  a = 1.23;
  a = 1.23;
  a = 1.23;
  a = 1.23;
  a = 1.23;
  a = 1.23;
  a = 1.23;
  a = 1.23;
  a = 1.23;
  a = 1.23;
  a = 1.23;
  a = 1.23;
  a = 1.23;
  a = 1.23;
  a = 1.23;
  a = 1.23;
  a = 1.23;
  a = 1.23;
  a = 1.23;
  a = 1.23;
  a = 1.23;
  a = 1.23;
  a = 1.23;
  a = 1.23;
  a = 1.23;
  a = 1.23;
  a = 1.23;
  a = 1.23;
  a = 1.23;
  a = 1.23;
  a = 1.23;
  a = 1.23;
  a = 1.23;
  a = 1.23;
  a = 1.23;
  a = 1.23;
  a = 1.23;
  a = 1.23;
  a = 1.23;
  a = 1.23;
  a = 1.23;
  a = 1.23;
  a = 1.23;
  a = 1.23;
  a = 1.23;
  a = 1.23;
  a = 1.23;
  a = 1.23;
  a = 1.23;
  a = 1.23;
  a = 1.23;
  a = 1.23;
  a = 1.23;
  a = 1.23;
  a = 1.23;
  a = 1.23;
  a = 1.23;
  a = 1.23;
  a = 1.23;
  a = 1.23;
  a = 1.23;
  a = 1.23;
  a = 1.23;
  a = 1.23;
  a = 1.23;
  a = 1.23;
  a = 1.23;
  a = 1.23;
  a = 1.23;
  a = 1.23;
  a = 1.23;
  a = 1.23;
  a = 1.23;
  a = 1.23;
  a = 1.23;
  a = 1.23;
  a = 1.23;
  a = 1.23;
  a = 1.23;
  a = 1.23;
  a = 1.23;
  a = 1.23;
  a = 1.23;
  a = 1.23;
  a = 1.23;
  a = 1.23;
  a = 1.23;
  a = 1.23;
  a = 1.23;
  a = 1.23;
  a = 1.23;
  a = 1.23;
  a = 1.23;
  a = 1.23;
  a = 1.23;
  a = 1.23;
  a = 1.23;
  a = 1.23;
  a = 1.23;
  a = 1.23;
  a = 1.23;
  a = 1.23;
  a = 1.23;
  a = 1.23;
  a = 1.23;
  a = 1.23;
  a = 1.23;
  a = 1.23;
  a = 1.23;
  a = 1.23;
  a = 1.23;
  a = 1.23;
  a = 1.23;
  a = 1.23;
  a = 1.23;
  a = 1.23;
  a = 1.23;
  a = 1.23;
  a = 1.23;
  a = 1.23;
  a = 1.23;
  a = 1.23;
  a = 1.23;
  a = 1.23;
  a = 1.23;
  a = 1.23;
  a = 1.23;
  a = 1.23;
  a = 1.23;
  a = 1.23;
  a = 1.23;
  a = 1.23;
  a = 1.23;
  a = 1.23;
  a = 1.23;
  a = 1.23;
  a = 1.23;
  a = 1.23;
  a = 1.23;
  a = 1.23;
  a = 1.23;
  a = 1.23;
  a = 1.23;
  a = 1.23;
  a = 1.23;
  a = 1.23;
  a = 1.23;
  a = 1.23;
  a = 1.23;
  a = 1.23;
  a = 1.23;
  a = 1.23;
  a = 1.23;
  a = 1.23;
  a = 1.23;
  a = 1.23;
  a = 1.23;
  a = 1.23;
  a = 1.23;
  a = 1.23;
  a = 1.23;
  a = 1.23;
  a = 1.23;
  a = 1.23;
  a = 1.23;
  a = 1.23;
  a = 1.23;
  a = 1.23;
  a = 1.23;
  a = 1.23;
  a = 1.23;
  a = 1.23;
  a = 1.23;
  a = 1.23;
  a = 1.23;
  a = 1.23;
  a = 1.23;
  a = 1.23;
  a = 1.23;
  a = 1.23;
  a = 1.23;
  a = 1.23;
  a = 1.23;
  a = 1.23;
  a = 1.23;
  a = 1.23;
  a = 1.23;
  a = 1.23;
  a = 1.23;
  a = 1.23;
  a = 1.23;
  a = 1.23;
  a = 1.23;
  a = 1.23;
  a = 1.23;
  a = 1.23;
  a = 1.23;
  a = 1.23;
  a = 1.23;
  a = 1.23;
  a = 1.23;
  a = 1.23;
  a = 1.23;
  a = 1.23;
  a = 1.23;
  a = 1.23;
  a = 1.23;
  a = 1.23;
  a = 1.23;
  a = 1.23;
  a = 1.23;
  a = 1.23;
  a = 1.23;
  a = 1.23;
  a = 1.23;
  a = 1.23;
  a = 1.23;
  a = 1.23;
  a = 1.23;
  a = 1.23;
  a = 1.23;
  a = 1.23;
  return { name: 'string', val: 9.2 };
"
frame size: 2
parameter count: 1
bytecode array length: 1035
bytecodes: [
  /*   30 E> */ B(StackCheck),
  /*   41 S> */ B(LdaConstant), U8(0),
  /*   43 E> */ B(Star), R(0),
  /*   51 S> */ B(LdaConstant), U8(1),
  /*   53 E> */ B(Star), R(0),
  /*   61 S> */ B(LdaConstant), U8(2),
  /*   63 E> */ B(Star), R(0),
  /*   71 S> */ B(LdaConstant), U8(3),
  /*   73 E> */ B(Star), R(0),
  /*   81 S> */ B(LdaConstant), U8(4),
  /*   83 E> */ B(Star), R(0),
  /*   91 S> */ B(LdaConstant), U8(5),
  /*   93 E> */ B(Star), R(0),
  /*  101 S> */ B(LdaConstant), U8(6),
  /*  103 E> */ B(Star), R(0),
  /*  111 S> */ B(LdaConstant), U8(7),
  /*  113 E> */ B(Star), R(0),
  /*  121 S> */ B(LdaConstant), U8(8),
  /*  123 E> */ B(Star), R(0),
  /*  131 S> */ B(LdaConstant), U8(9),
  /*  133 E> */ B(Star), R(0),
  /*  141 S> */ B(LdaConstant), U8(10),
  /*  143 E> */ B(Star), R(0),
  /*  151 S> */ B(LdaConstant), U8(11),
  /*  153 E> */ B(Star), R(0),
  /*  161 S> */ B(LdaConstant), U8(12),
  /*  163 E> */ B(Star), R(0),
  /*  171 S> */ B(LdaConstant), U8(13),
  /*  173 E> */ B(Star), R(0),
  /*  181 S> */ B(LdaConstant), U8(14),
  /*  183 E> */ B(Star), R(0),
  /*  191 S> */ B(LdaConstant), U8(15),
  /*  193 E> */ B(Star), R(0),
  /*  201 S> */ B(LdaConstant), U8(16),
  /*  203 E> */ B(Star), R(0),
  /*  211 S> */ B(LdaConstant), U8(17),
  /*  213 E> */ B(Star), R(0),
  /*  221 S> */ B(LdaConstant), U8(18),
  /*  223 E> */ B(Star), R(0),
  /*  231 S> */ B(LdaConstant), U8(19),
  /*  233 E> */ B(Star), R(0),
  /*  241 S> */ B(LdaConstant), U8(20),
  /*  243 E> */ B(Star), R(0),
  /*  251 S> */ B(LdaConstant), U8(21),
  /*  253 E> */ B(Star), R(0),
  /*  261 S> */ B(LdaConstant), U8(22),
  /*  263 E> */ B(Star), R(0),
  /*  271 S> */ B(LdaConstant), U8(23),
  /*  273 E> */ B(Star), R(0),
  /*  281 S> */ B(LdaConstant), U8(24),
  /*  283 E> */ B(Star), R(0),
  /*  291 S> */ B(LdaConstant), U8(25),
  /*  293 E> */ B(Star), R(0),
  /*  301 S> */ B(LdaConstant), U8(26),
  /*  303 E> */ B(Star), R(0),
  /*  311 S> */ B(LdaConstant), U8(27),
  /*  313 E> */ B(Star), R(0),
  /*  321 S> */ B(LdaConstant), U8(28),
  /*  323 E> */ B(Star), R(0),
  /*  331 S> */ B(LdaConstant), U8(29),
  /*  333 E> */ B(Star), R(0),
  /*  341 S> */ B(LdaConstant), U8(30),
  /*  343 E> */ B(Star), R(0),
  /*  351 S> */ B(LdaConstant), U8(31),
  /*  353 E> */ B(Star), R(0),
  /*  361 S> */ B(LdaConstant), U8(32),
  /*  363 E> */ B(Star), R(0),
  /*  371 S> */ B(LdaConstant), U8(33),
  /*  373 E> */ B(Star), R(0),
  /*  381 S> */ B(LdaConstant), U8(34),
  /*  383 E> */ B(Star), R(0),
  /*  391 S> */ B(LdaConstant), U8(35),
  /*  393 E> */ B(Star), R(0),
  /*  401 S> */ B(LdaConstant), U8(36),
  /*  403 E> */ B(Star), R(0),
  /*  411 S> */ B(LdaConstant), U8(37),
  /*  413 E> */ B(Star), R(0),
  /*  421 S> */ B(LdaConstant), U8(38),
  /*  423 E> */ B(Star), R(0),
  /*  431 S> */ B(LdaConstant), U8(39),
  /*  433 E> */ B(Star), R(0),
  /*  441 S> */ B(LdaConstant), U8(40),
  /*  443 E> */ B(Star), R(0),
  /*  451 S> */ B(LdaConstant), U8(41),
  /*  453 E> */ B(Star), R(0),
  /*  461 S> */ B(LdaConstant), U8(42),
  /*  463 E> */ B(Star), R(0),
  /*  471 S> */ B(LdaConstant), U8(43),
  /*  473 E> */ B(Star), R(0),
  /*  481 S> */ B(LdaConstant), U8(44),
  /*  483 E> */ B(Star), R(0),
  /*  491 S> */ B(LdaConstant), U8(45),
  /*  493 E> */ B(Star), R(0),
  /*  501 S> */ B(LdaConstant), U8(46),
  /*  503 E> */ B(Star), R(0),
  /*  511 S> */ B(LdaConstant), U8(47),
  /*  513 E> */ B(Star), R(0),
  /*  521 S> */ B(LdaConstant), U8(48),
  /*  523 E> */ B(Star), R(0),
  /*  531 S> */ B(LdaConstant), U8(49),
  /*  533 E> */ B(Star), R(0),
  /*  541 S> */ B(LdaConstant), U8(50),
  /*  543 E> */ B(Star), R(0),
  /*  551 S> */ B(LdaConstant), U8(51),
  /*  553 E> */ B(Star), R(0),
  /*  561 S> */ B(LdaConstant), U8(52),
  /*  563 E> */ B(Star), R(0),
  /*  571 S> */ B(LdaConstant), U8(53),
  /*  573 E> */ B(Star), R(0),
  /*  581 S> */ B(LdaConstant), U8(54),
  /*  583 E> */ B(Star), R(0),
  /*  591 S> */ B(LdaConstant), U8(55),
  /*  593 E> */ B(Star), R(0),
  /*  601 S> */ B(LdaConstant), U8(56),
  /*  603 E> */ B(Star), R(0),
  /*  611 S> */ B(LdaConstant), U8(57),
  /*  613 E> */ B(Star), R(0),
  /*  621 S> */ B(LdaConstant), U8(58),
  /*  623 E> */ B(Star), R(0),
  /*  631 S> */ B(LdaConstant), U8(59),
  /*  633 E> */ B(Star), R(0),
  /*  641 S> */ B(LdaConstant), U8(60),
  /*  643 E> */ B(Star), R(0),
  /*  651 S> */ B(LdaConstant), U8(61),
  /*  653 E> */ B(Star), R(0),
  /*  661 S> */ B(LdaConstant), U8(62),
  /*  663 E> */ B(Star), R(0),
  /*  671 S> */ B(LdaConstant), U8(63),
  /*  673 E> */ B(Star), R(0),
  /*  681 S> */ B(LdaConstant), U8(64),
  /*  683 E> */ B(Star), R(0),
  /*  691 S> */ B(LdaConstant), U8(65),
  /*  693 E> */ B(Star), R(0),
  /*  701 S> */ B(LdaConstant), U8(66),
  /*  703 E> */ B(Star), R(0),
  /*  711 S> */ B(LdaConstant), U8(67),
  /*  713 E> */ B(Star), R(0),
  /*  721 S> */ B(LdaConstant), U8(68),
  /*  723 E> */ B(Star), R(0),
  /*  731 S> */ B(LdaConstant), U8(69),
  /*  733 E> */ B(Star), R(0),
  /*  741 S> */ B(LdaConstant), U8(70),
  /*  743 E> */ B(Star), R(0),
  /*  751 S> */ B(LdaConstant), U8(71),
  /*  753 E> */ B(Star), R(0),
  /*  761 S> */ B(LdaConstant), U8(72),
  /*  763 E> */ B(Star), R(0),
  /*  771 S> */ B(LdaConstant), U8(73),
  /*  773 E> */ B(Star), R(0),
  /*  781 S> */ B(LdaConstant), U8(74),
  /*  783 E> */ B(Star), R(0),
  /*  791 S> */ B(LdaConstant), U8(75),
  /*  793 E> */ B(Star), R(0),
  /*  801 S> */ B(LdaConstant), U8(76),
  /*  803 E> */ B(Star), R(0),
  /*  811 S> */ B(LdaConstant), U8(77),
  /*  813 E> */ B(Star), R(0),
  /*  821 S> */ B(LdaConstant), U8(78),
  /*  823 E> */ B(Star), R(0),
  /*  831 S> */ B(LdaConstant), U8(79),
  /*  833 E> */ B(Star), R(0),
  /*  841 S> */ B(LdaConstant), U8(80),
  /*  843 E> */ B(Star), R(0),
  /*  851 S> */ B(LdaConstant), U8(81),
  /*  853 E> */ B(Star), R(0),
  /*  861 S> */ B(LdaConstant), U8(82),
  /*  863 E> */ B(Star), R(0),
  /*  871 S> */ B(LdaConstant), U8(83),
  /*  873 E> */ B(Star), R(0),
  /*  881 S> */ B(LdaConstant), U8(84),
  /*  883 E> */ B(Star), R(0),
  /*  891 S> */ B(LdaConstant), U8(85),
  /*  893 E> */ B(Star), R(0),
  /*  901 S> */ B(LdaConstant), U8(86),
  /*  903 E> */ B(Star), R(0),
  /*  911 S> */ B(LdaConstant), U8(87),
  /*  913 E> */ B(Star), R(0),
  /*  921 S> */ B(LdaConstant), U8(88),
  /*  923 E> */ B(Star), R(0),
  /*  931 S> */ B(LdaConstant), U8(89),
  /*  933 E> */ B(Star), R(0),
  /*  941 S> */ B(LdaConstant), U8(90),
  /*  943 E> */ B(Star), R(0),
  /*  951 S> */ B(LdaConstant), U8(91),
  /*  953 E> */ B(Star), R(0),
  /*  961 S> */ B(LdaConstant), U8(92),
  /*  963 E> */ B(Star), R(0),
  /*  971 S> */ B(LdaConstant), U8(93),
  /*  973 E> */ B(Star), R(0),
  /*  981 S> */ B(LdaConstant), U8(94),
  /*  983 E> */ B(Star), R(0),
  /*  991 S> */ B(LdaConstant), U8(95),
  /*  993 E> */ B(Star), R(0),
  /* 1001 S> */ B(LdaConstant), U8(96),
  /* 1003 E> */ B(Star), R(0),
  /* 1011 S> */ B(LdaConstant), U8(97),
  /* 1013 E> */ B(Star), R(0),
  /* 1021 S> */ B(LdaConstant), U8(98),
  /* 1023 E> */ B(Star), R(0),
  /* 1031 S> */ B(LdaConstant), U8(99),
  /* 1033 E> */ B(Star), R(0),
  /* 1041 S> */ B(LdaConstant), U8(100),
  /* 1043 E> */ B(Star), R(0),
  /* 1051 S> */ B(LdaConstant), U8(101),
  /* 1053 E> */ B(Star), R(0),
  /* 1061 S> */ B(LdaConstant), U8(102),
  /* 1063 E> */ B(Star), R(0),
  /* 1071 S> */ B(LdaConstant), U8(103),
  /* 1073 E> */ B(Star), R(0),
  /* 1081 S> */ B(LdaConstant), U8(104),
  /* 1083 E> */ B(Star), R(0),
  /* 1091 S> */ B(LdaConstant), U8(105),
  /* 1093 E> */ B(Star), R(0),
  /* 1101 S> */ B(LdaConstant), U8(106),
  /* 1103 E> */ B(Star), R(0),
  /* 1111 S> */ B(LdaConstant), U8(107),
  /* 1113 E> */ B(Star), R(0),
  /* 1121 S> */ B(LdaConstant), U8(108),
  /* 1123 E> */ B(Star), R(0),
  /* 1131 S> */ B(LdaConstant), U8(109),
  /* 1133 E> */ B(Star), R(0),
  /* 1141 S> */ B(LdaConstant), U8(110),
  /* 1143 E> */ B(Star), R(0),
  /* 1151 S> */ B(LdaConstant), U8(111),
  /* 1153 E> */ B(Star), R(0),
  /* 1161 S> */ B(LdaConstant), U8(112),
  /* 1163 E> */ B(Star), R(0),
  /* 1171 S> */ B(LdaConstant), U8(113),
  /* 1173 E> */ B(Star), R(0),
  /* 1181 S> */ B(LdaConstant), U8(114),
  /* 1183 E> */ B(Star), R(0),
  /* 1191 S> */ B(LdaConstant), U8(115),
  /* 1193 E> */ B(Star), R(0),
  /* 1201 S> */ B(LdaConstant), U8(116),
  /* 1203 E> */ B(Star), R(0),
  /* 1211 S> */ B(LdaConstant), U8(117),
  /* 1213 E> */ B(Star), R(0),
  /* 1221 S> */ B(LdaConstant), U8(118),
  /* 1223 E> */ B(Star), R(0),
  /* 1231 S> */ B(LdaConstant), U8(119),
  /* 1233 E> */ B(Star), R(0),
  /* 1241 S> */ B(LdaConstant), U8(120),
  /* 1243 E> */ B(Star), R(0),
  /* 1251 S> */ B(LdaConstant), U8(121),
  /* 1253 E> */ B(Star), R(0),
  /* 1261 S> */ B(LdaConstant), U8(122),
  /* 1263 E> */ B(Star), R(0),
  /* 1271 S> */ B(LdaConstant), U8(123),
  /* 1273 E> */ B(Star), R(0),
  /* 1281 S> */ B(LdaConstant), U8(124),
  /* 1283 E> */ B(Star), R(0),
  /* 1291 S> */ B(LdaConstant), U8(125),
  /* 1293 E> */ B(Star), R(0),
  /* 1301 S> */ B(LdaConstant), U8(126),
  /* 1303 E> */ B(Star), R(0),
  /* 1311 S> */ B(LdaConstant), U8(127),
  /* 1313 E> */ B(Star), R(0),
  /* 1321 S> */ B(LdaConstant), U8(128),
  /* 1323 E> */ B(Star), R(0),
  /* 1331 S> */ B(LdaConstant), U8(129),
  /* 1333 E> */ B(Star), R(0),
  /* 1341 S> */ B(LdaConstant), U8(130),
  /* 1343 E> */ B(Star), R(0),
  /* 1351 S> */ B(LdaConstant), U8(131),
  /* 1353 E> */ B(Star), R(0),
  /* 1361 S> */ B(LdaConstant), U8(132),
  /* 1363 E> */ B(Star), R(0),
  /* 1371 S> */ B(LdaConstant), U8(133),
  /* 1373 E> */ B(Star), R(0),
  /* 1381 S> */ B(LdaConstant), U8(134),
  /* 1383 E> */ B(Star), R(0),
  /* 1391 S> */ B(LdaConstant), U8(135),
  /* 1393 E> */ B(Star), R(0),
  /* 1401 S> */ B(LdaConstant), U8(136),
  /* 1403 E> */ B(Star), R(0),
  /* 1411 S> */ B(LdaConstant), U8(137),
  /* 1413 E> */ B(Star), R(0),
  /* 1421 S> */ B(LdaConstant), U8(138),
  /* 1423 E> */ B(Star), R(0),
  /* 1431 S> */ B(LdaConstant), U8(139),
  /* 1433 E> */ B(Star), R(0),
  /* 1441 S> */ B(LdaConstant), U8(140),
  /* 1443 E> */ B(Star), R(0),
  /* 1451 S> */ B(LdaConstant), U8(141),
  /* 1453 E> */ B(Star), R(0),
  /* 1461 S> */ B(LdaConstant), U8(142),
  /* 1463 E> */ B(Star), R(0),
  /* 1471 S> */ B(LdaConstant), U8(143),
  /* 1473 E> */ B(Star), R(0),
  /* 1481 S> */ B(LdaConstant), U8(144),
  /* 1483 E> */ B(Star), R(0),
  /* 1491 S> */ B(LdaConstant), U8(145),
  /* 1493 E> */ B(Star), R(0),
  /* 1501 S> */ B(LdaConstant), U8(146),
  /* 1503 E> */ B(Star), R(0),
  /* 1511 S> */ B(LdaConstant), U8(147),
  /* 1513 E> */ B(Star), R(0),
  /* 1521 S> */ B(LdaConstant), U8(148),
  /* 1523 E> */ B(Star), R(0),
  /* 1531 S> */ B(LdaConstant), U8(149),
  /* 1533 E> */ B(Star), R(0),
  /* 1541 S> */ B(LdaConstant), U8(150),
  /* 1543 E> */ B(Star), R(0),
  /* 1551 S> */ B(LdaConstant), U8(151),
  /* 1553 E> */ B(Star), R(0),
  /* 1561 S> */ B(LdaConstant), U8(152),
  /* 1563 E> */ B(Star), R(0),
  /* 1571 S> */ B(LdaConstant), U8(153),
  /* 1573 E> */ B(Star), R(0),
  /* 1581 S> */ B(LdaConstant), U8(154),
  /* 1583 E> */ B(Star), R(0),
  /* 1591 S> */ B(LdaConstant), U8(155),
  /* 1593 E> */ B(Star), R(0),
  /* 1601 S> */ B(LdaConstant), U8(156),
  /* 1603 E> */ B(Star), R(0),
  /* 1611 S> */ B(LdaConstant), U8(157),
  /* 1613 E> */ B(Star), R(0),
  /* 1621 S> */ B(LdaConstant), U8(158),
  /* 1623 E> */ B(Star), R(0),
  /* 1631 S> */ B(LdaConstant), U8(159),
  /* 1633 E> */ B(Star), R(0),
  /* 1641 S> */ B(LdaConstant), U8(160),
  /* 1643 E> */ B(Star), R(0),
  /* 1651 S> */ B(LdaConstant), U8(161),
  /* 1653 E> */ B(Star), R(0),
  /* 1661 S> */ B(LdaConstant), U8(162),
  /* 1663 E> */ B(Star), R(0),
  /* 1671 S> */ B(LdaConstant), U8(163),
  /* 1673 E> */ B(Star), R(0),
  /* 1681 S> */ B(LdaConstant), U8(164),
  /* 1683 E> */ B(Star), R(0),
  /* 1691 S> */ B(LdaConstant), U8(165),
  /* 1693 E> */ B(Star), R(0),
  /* 1701 S> */ B(LdaConstant), U8(166),
  /* 1703 E> */ B(Star), R(0),
  /* 1711 S> */ B(LdaConstant), U8(167),
  /* 1713 E> */ B(Star), R(0),
  /* 1721 S> */ B(LdaConstant), U8(168),
  /* 1723 E> */ B(Star), R(0),
  /* 1731 S> */ B(LdaConstant), U8(169),
  /* 1733 E> */ B(Star), R(0),
  /* 1741 S> */ B(LdaConstant), U8(170),
  /* 1743 E> */ B(Star), R(0),
  /* 1751 S> */ B(LdaConstant), U8(171),
  /* 1753 E> */ B(Star), R(0),
  /* 1761 S> */ B(LdaConstant), U8(172),
  /* 1763 E> */ B(Star), R(0),
  /* 1771 S> */ B(LdaConstant), U8(173),
  /* 1773 E> */ B(Star), R(0),
  /* 1781 S> */ B(LdaConstant), U8(174),
  /* 1783 E> */ B(Star), R(0),
  /* 1791 S> */ B(LdaConstant), U8(175),
  /* 1793 E> */ B(Star), R(0),
  /* 1801 S> */ B(LdaConstant), U8(176),
  /* 1803 E> */ B(Star), R(0),
  /* 1811 S> */ B(LdaConstant), U8(177),
  /* 1813 E> */ B(Star), R(0),
  /* 1821 S> */ B(LdaConstant), U8(178),
  /* 1823 E> */ B(Star), R(0),
  /* 1831 S> */ B(LdaConstant), U8(179),
  /* 1833 E> */ B(Star), R(0),
  /* 1841 S> */ B(LdaConstant), U8(180),
  /* 1843 E> */ B(Star), R(0),
  /* 1851 S> */ B(LdaConstant), U8(181),
  /* 1853 E> */ B(Star), R(0),
  /* 1861 S> */ B(LdaConstant), U8(182),
  /* 1863 E> */ B(Star), R(0),
  /* 1871 S> */ B(LdaConstant), U8(183),
  /* 1873 E> */ B(Star), R(0),
  /* 1881 S> */ B(LdaConstant), U8(184),
  /* 1883 E> */ B(Star), R(0),
  /* 1891 S> */ B(LdaConstant), U8(185),
  /* 1893 E> */ B(Star), R(0),
  /* 1901 S> */ B(LdaConstant), U8(186),
  /* 1903 E> */ B(Star), R(0),
  /* 1911 S> */ B(LdaConstant), U8(187),
  /* 1913 E> */ B(Star), R(0),
  /* 1921 S> */ B(LdaConstant), U8(188),
  /* 1923 E> */ B(Star), R(0),
  /* 1931 S> */ B(LdaConstant), U8(189),
  /* 1933 E> */ B(Star), R(0),
  /* 1941 S> */ B(LdaConstant), U8(190),
  /* 1943 E> */ B(Star), R(0),
  /* 1951 S> */ B(LdaConstant), U8(191),
  /* 1953 E> */ B(Star), R(0),
  /* 1961 S> */ B(LdaConstant), U8(192),
  /* 1963 E> */ B(Star), R(0),
  /* 1971 S> */ B(LdaConstant), U8(193),
  /* 1973 E> */ B(Star), R(0),
  /* 1981 S> */ B(LdaConstant), U8(194),
  /* 1983 E> */ B(Star), R(0),
  /* 1991 S> */ B(LdaConstant), U8(195),
  /* 1993 E> */ B(Star), R(0),
  /* 2001 S> */ B(LdaConstant), U8(196),
  /* 2003 E> */ B(Star), R(0),
  /* 2011 S> */ B(LdaConstant), U8(197),
  /* 2013 E> */ B(Star), R(0),
  /* 2021 S> */ B(LdaConstant), U8(198),
  /* 2023 E> */ B(Star), R(0),
  /* 2031 S> */ B(LdaConstant), U8(199),
  /* 2033 E> */ B(Star), R(0),
  /* 2041 S> */ B(LdaConstant), U8(200),
  /* 2043 E> */ B(Star), R(0),
  /* 2051 S> */ B(LdaConstant), U8(201),
  /* 2053 E> */ B(Star), R(0),
  /* 2061 S> */ B(LdaConstant), U8(202),
  /* 2063 E> */ B(Star), R(0),
  /* 2071 S> */ B(LdaConstant), U8(203),
  /* 2073 E> */ B(Star), R(0),
  /* 2081 S> */ B(LdaConstant), U8(204),
  /* 2083 E> */ B(Star), R(0),
  /* 2091 S> */ B(LdaConstant), U8(205),
  /* 2093 E> */ B(Star), R(0),
  /* 2101 S> */ B(LdaConstant), U8(206),
  /* 2103 E> */ B(Star), R(0),
  /* 2111 S> */ B(LdaConstant), U8(207),
  /* 2113 E> */ B(Star), R(0),
  /* 2121 S> */ B(LdaConstant), U8(208),
  /* 2123 E> */ B(Star), R(0),
  /* 2131 S> */ B(LdaConstant), U8(209),
  /* 2133 E> */ B(Star), R(0),
  /* 2141 S> */ B(LdaConstant), U8(210),
  /* 2143 E> */ B(Star), R(0),
  /* 2151 S> */ B(LdaConstant), U8(211),
  /* 2153 E> */ B(Star), R(0),
  /* 2161 S> */ B(LdaConstant), U8(212),
  /* 2163 E> */ B(Star), R(0),
  /* 2171 S> */ B(LdaConstant), U8(213),
  /* 2173 E> */ B(Star), R(0),
  /* 2181 S> */ B(LdaConstant), U8(214),
  /* 2183 E> */ B(Star), R(0),
  /* 2191 S> */ B(LdaConstant), U8(215),
  /* 2193 E> */ B(Star), R(0),
  /* 2201 S> */ B(LdaConstant), U8(216),
  /* 2203 E> */ B(Star), R(0),
  /* 2211 S> */ B(LdaConstant), U8(217),
  /* 2213 E> */ B(Star), R(0),
  /* 2221 S> */ B(LdaConstant), U8(218),
  /* 2223 E> */ B(Star), R(0),
  /* 2231 S> */ B(LdaConstant), U8(219),
  /* 2233 E> */ B(Star), R(0),
  /* 2241 S> */ B(LdaConstant), U8(220),
  /* 2243 E> */ B(Star), R(0),
  /* 2251 S> */ B(LdaConstant), U8(221),
  /* 2253 E> */ B(Star), R(0),
  /* 2261 S> */ B(LdaConstant), U8(222),
  /* 2263 E> */ B(Star), R(0),
  /* 2271 S> */ B(LdaConstant), U8(223),
  /* 2273 E> */ B(Star), R(0),
  /* 2281 S> */ B(LdaConstant), U8(224),
  /* 2283 E> */ B(Star), R(0),
  /* 2291 S> */ B(LdaConstant), U8(225),
  /* 2293 E> */ B(Star), R(0),
  /* 2301 S> */ B(LdaConstant), U8(226),
  /* 2303 E> */ B(Star), R(0),
  /* 2311 S> */ B(LdaConstant), U8(227),
  /* 2313 E> */ B(Star), R(0),
  /* 2321 S> */ B(LdaConstant), U8(228),
  /* 2323 E> */ B(Star), R(0),
  /* 2331 S> */ B(LdaConstant), U8(229),
  /* 2333 E> */ B(Star), R(0),
  /* 2341 S> */ B(LdaConstant), U8(230),
  /* 2343 E> */ B(Star), R(0),
  /* 2351 S> */ B(LdaConstant), U8(231),
  /* 2353 E> */ B(Star), R(0),
  /* 2361 S> */ B(LdaConstant), U8(232),
  /* 2363 E> */ B(Star), R(0),
  /* 2371 S> */ B(LdaConstant), U8(233),
  /* 2373 E> */ B(Star), R(0),
  /* 2381 S> */ B(LdaConstant), U8(234),
  /* 2383 E> */ B(Star), R(0),
  /* 2391 S> */ B(LdaConstant), U8(235),
  /* 2393 E> */ B(Star), R(0),
  /* 2401 S> */ B(LdaConstant), U8(236),
  /* 2403 E> */ B(Star), R(0),
  /* 2411 S> */ B(LdaConstant), U8(237),
  /* 2413 E> */ B(Star), R(0),
  /* 2421 S> */ B(LdaConstant), U8(238),
  /* 2423 E> */ B(Star), R(0),
  /* 2431 S> */ B(LdaConstant), U8(239),
  /* 2433 E> */ B(Star), R(0),
  /* 2441 S> */ B(LdaConstant), U8(240),
  /* 2443 E> */ B(Star), R(0),
  /* 2451 S> */ B(LdaConstant), U8(241),
  /* 2453 E> */ B(Star), R(0),
  /* 2461 S> */ B(LdaConstant), U8(242),
  /* 2463 E> */ B(Star), R(0),
  /* 2471 S> */ B(LdaConstant), U8(243),
  /* 2473 E> */ B(Star), R(0),
  /* 2481 S> */ B(LdaConstant), U8(244),
  /* 2483 E> */ B(Star), R(0),
  /* 2491 S> */ B(LdaConstant), U8(245),
  /* 2493 E> */ B(Star), R(0),
  /* 2501 S> */ B(LdaConstant), U8(246),
  /* 2503 E> */ B(Star), R(0),
  /* 2511 S> */ B(LdaConstant), U8(247),
  /* 2513 E> */ B(Star), R(0),
  /* 2521 S> */ B(LdaConstant), U8(248),
  /* 2523 E> */ B(Star), R(0),
  /* 2531 S> */ B(LdaConstant), U8(249),
  /* 2533 E> */ B(Star), R(0),
  /* 2541 S> */ B(LdaConstant), U8(250),
  /* 2543 E> */ B(Star), R(0),
  /* 2551 S> */ B(LdaConstant), U8(251),
  /* 2553 E> */ B(Star), R(0),
  /* 2561 S> */ B(LdaConstant), U8(252),
  /* 2563 E> */ B(Star), R(0),
  /* 2571 S> */ B(LdaConstant), U8(253),
  /* 2573 E> */ B(Star), R(0),
  /* 2581 S> */ B(LdaConstant), U8(254),
  /* 2583 E> */ B(Star), R(0),
  /* 2591 S> */ B(LdaConstant), U8(255),
  /* 2593 E> */ B(Star), R(0),
  /* 2601 S> */ B(Wide), B(CreateObjectLiteral), U16(256), U16(0), U8(1),
                B(Star), R(1),
  /* 2638 S> */ B(Return),
]
constant pool: [
  InstanceType::HEAP_NUMBER_TYPE,
  InstanceType::HEAP_NUMBER_TYPE,
  InstanceType::HEAP_NUMBER_TYPE,
  InstanceType::HEAP_NUMBER_TYPE,
  InstanceType::HEAP_NUMBER_TYPE,
  InstanceType::HEAP_NUMBER_TYPE,
  InstanceType::HEAP_NUMBER_TYPE,
  InstanceType::HEAP_NUMBER_TYPE,
  InstanceType::HEAP_NUMBER_TYPE,
  InstanceType::HEAP_NUMBER_TYPE,
  InstanceType::HEAP_NUMBER_TYPE,
  InstanceType::HEAP_NUMBER_TYPE,
  InstanceType::HEAP_NUMBER_TYPE,
  InstanceType::HEAP_NUMBER_TYPE,
  InstanceType::HEAP_NUMBER_TYPE,
  InstanceType::HEAP_NUMBER_TYPE,
  InstanceType::HEAP_NUMBER_TYPE,
  InstanceType::HEAP_NUMBER_TYPE,
  InstanceType::HEAP_NUMBER_TYPE,
  InstanceType::HEAP_NUMBER_TYPE,
  InstanceType::HEAP_NUMBER_TYPE,
  InstanceType::HEAP_NUMBER_TYPE,
  InstanceType::HEAP_NUMBER_TYPE,
  InstanceType::HEAP_NUMBER_TYPE,
  InstanceType::HEAP_NUMBER_TYPE,
  InstanceType::HEAP_NUMBER_TYPE,
  InstanceType::HEAP_NUMBER_TYPE,
  InstanceType::HEAP_NUMBER_TYPE,
  InstanceType::HEAP_NUMBER_TYPE,
  InstanceType::HEAP_NUMBER_TYPE,
  InstanceType::HEAP_NUMBER_TYPE,
  InstanceType::HEAP_NUMBER_TYPE,
  InstanceType::HEAP_NUMBER_TYPE,
  InstanceType::HEAP_NUMBER_TYPE,
  InstanceType::HEAP_NUMBER_TYPE,
  InstanceType::HEAP_NUMBER_TYPE,
  InstanceType::HEAP_NUMBER_TYPE,
  InstanceType::HEAP_NUMBER_TYPE,
  InstanceType::HEAP_NUMBER_TYPE,
  InstanceType::HEAP_NUMBER_TYPE,
  InstanceType::HEAP_NUMBER_TYPE,
  InstanceType::HEAP_NUMBER_TYPE,
  InstanceType::HEAP_NUMBER_TYPE,
  InstanceType::HEAP_NUMBER_TYPE,
  InstanceType::HEAP_NUMBER_TYPE,
  InstanceType::HEAP_NUMBER_TYPE,
  InstanceType::HEAP_NUMBER_TYPE,
  InstanceType::HEAP_NUMBER_TYPE,
  InstanceType::HEAP_NUMBER_TYPE,
  InstanceType::HEAP_NUMBER_TYPE,
  InstanceType::HEAP_NUMBER_TYPE,
  InstanceType::HEAP_NUMBER_TYPE,
  InstanceType::HEAP_NUMBER_TYPE,
  InstanceType::HEAP_NUMBER_TYPE,
  InstanceType::HEAP_NUMBER_TYPE,
  InstanceType::HEAP_NUMBER_TYPE,
  InstanceType::HEAP_NUMBER_TYPE,
  InstanceType::HEAP_NUMBER_TYPE,
  InstanceType::HEAP_NUMBER_TYPE,
  InstanceType::HEAP_NUMBER_TYPE,
  InstanceType::HEAP_NUMBER_TYPE,
  InstanceType::HEAP_NUMBER_TYPE,
  InstanceType::HEAP_NUMBER_TYPE,
  InstanceType::HEAP_NUMBER_TYPE,
  InstanceType::HEAP_NUMBER_TYPE,
  InstanceType::HEAP_NUMBER_TYPE,
  InstanceType::HEAP_NUMBER_TYPE,
  InstanceType::HEAP_NUMBER_TYPE,
  InstanceType::HEAP_NUMBER_TYPE,
  InstanceType::HEAP_NUMBER_TYPE,
  InstanceType::HEAP_NUMBER_TYPE,
  InstanceType::HEAP_NUMBER_TYPE,
  InstanceType::HEAP_NUMBER_TYPE,
  InstanceType::HEAP_NUMBER_TYPE,
  InstanceType::HEAP_NUMBER_TYPE,
  InstanceType::HEAP_NUMBER_TYPE,
  InstanceType::HEAP_NUMBER_TYPE,
  InstanceType::HEAP_NUMBER_TYPE,
  InstanceType::HEAP_NUMBER_TYPE,
  InstanceType::HEAP_NUMBER_TYPE,
  InstanceType::HEAP_NUMBER_TYPE,
  InstanceType::HEAP_NUMBER_TYPE,
  InstanceType::HEAP_NUMBER_TYPE,
  InstanceType::HEAP_NUMBER_TYPE,
  InstanceType::HEAP_NUMBER_TYPE,
  InstanceType::HEAP_NUMBER_TYPE,
  InstanceType::HEAP_NUMBER_TYPE,
  InstanceType::HEAP_NUMBER_TYPE,
  InstanceType::HEAP_NUMBER_TYPE,
  InstanceType::HEAP_NUMBER_TYPE,
  InstanceType::HEAP_NUMBER_TYPE,
  InstanceType::HEAP_NUMBER_TYPE,
  InstanceType::HEAP_NUMBER_TYPE,
  InstanceType::HEAP_NUMBER_TYPE,
  InstanceType::HEAP_NUMBER_TYPE,
  InstanceType::HEAP_NUMBER_TYPE,
  InstanceType::HEAP_NUMBER_TYPE,
  InstanceType::HEAP_NUMBER_TYPE,
  InstanceType::HEAP_NUMBER_TYPE,
  InstanceType::HEAP_NUMBER_TYPE,
  InstanceType::HEAP_NUMBER_TYPE,
  InstanceType::HEAP_NUMBER_TYPE,
  InstanceType::HEAP_NUMBER_TYPE,
  InstanceType::HEAP_NUMBER_TYPE,
  InstanceType::HEAP_NUMBER_TYPE,
  InstanceType::HEAP_NUMBER_TYPE,
  InstanceType::HEAP_NUMBER_TYPE,
  InstanceType::HEAP_NUMBER_TYPE,
  InstanceType::HEAP_NUMBER_TYPE,
  InstanceType::HEAP_NUMBER_TYPE,
  InstanceType::HEAP_NUMBER_TYPE,
  InstanceType::HEAP_NUMBER_TYPE,
  InstanceType::HEAP_NUMBER_TYPE,
  InstanceType::HEAP_NUMBER_TYPE,
  InstanceType::HEAP_NUMBER_TYPE,
  InstanceType::HEAP_NUMBER_TYPE,
  InstanceType::HEAP_NUMBER_TYPE,
  InstanceType::HEAP_NUMBER_TYPE,
  InstanceType::HEAP_NUMBER_TYPE,
  InstanceType::HEAP_NUMBER_TYPE,
  InstanceType::HEAP_NUMBER_TYPE,
  InstanceType::HEAP_NUMBER_TYPE,
  InstanceType::HEAP_NUMBER_TYPE,
  InstanceType::HEAP_NUMBER_TYPE,
  InstanceType::HEAP_NUMBER_TYPE,
  InstanceType::HEAP_NUMBER_TYPE,
  InstanceType::HEAP_NUMBER_TYPE,
  InstanceType::HEAP_NUMBER_TYPE,
  InstanceType::HEAP_NUMBER_TYPE,
  InstanceType::HEAP_NUMBER_TYPE,
  InstanceType::HEAP_NUMBER_TYPE,
  InstanceType::HEAP_NUMBER_TYPE,
  InstanceType::HEAP_NUMBER_TYPE,
  InstanceType::HEAP_NUMBER_TYPE,
  InstanceType::HEAP_NUMBER_TYPE,
  InstanceType::HEAP_NUMBER_TYPE,
  InstanceType::HEAP_NUMBER_TYPE,
  InstanceType::HEAP_NUMBER_TYPE,
  InstanceType::HEAP_NUMBER_TYPE,
  InstanceType::HEAP_NUMBER_TYPE,
  InstanceType::HEAP_NUMBER_TYPE,
  InstanceType::HEAP_NUMBER_TYPE,
  InstanceType::HEAP_NUMBER_TYPE,
  InstanceType::HEAP_NUMBER_TYPE,
  InstanceType::HEAP_NUMBER_TYPE,
  InstanceType::HEAP_NUMBER_TYPE,
  InstanceType::HEAP_NUMBER_TYPE,
  InstanceType::HEAP_NUMBER_TYPE,
  InstanceType::HEAP_NUMBER_TYPE,
  InstanceType::HEAP_NUMBER_TYPE,
  InstanceType::HEAP_NUMBER_TYPE,
  InstanceType::HEAP_NUMBER_TYPE,
  InstanceType::HEAP_NUMBER_TYPE,
  InstanceType::HEAP_NUMBER_TYPE,
  InstanceType::HEAP_NUMBER_TYPE,
  InstanceType::HEAP_NUMBER_TYPE,
  InstanceType::HEAP_NUMBER_TYPE,
  InstanceType::HEAP_NUMBER_TYPE,
  InstanceType::HEAP_NUMBER_TYPE,
  InstanceType::HEAP_NUMBER_TYPE,
  InstanceType::HEAP_NUMBER_TYPE,
  InstanceType::HEAP_NUMBER_TYPE,
  InstanceType::HEAP_NUMBER_TYPE,
  InstanceType::HEAP_NUMBER_TYPE,
  InstanceType::HEAP_NUMBER_TYPE,
  InstanceType::HEAP_NUMBER_TYPE,
  InstanceType::HEAP_NUMBER_TYPE,
  InstanceType::HEAP_NUMBER_TYPE,
  InstanceType::HEAP_NUMBER_TYPE,
  InstanceType::HEAP_NUMBER_TYPE,
  InstanceType::HEAP_NUMBER_TYPE,
  InstanceType::HEAP_NUMBER_TYPE,
  InstanceType::HEAP_NUMBER_TYPE,
  InstanceType::HEAP_NUMBER_TYPE,
  InstanceType::HEAP_NUMBER_TYPE,
  InstanceType::HEAP_NUMBER_TYPE,
  InstanceType::HEAP_NUMBER_TYPE,
  InstanceType::HEAP_NUMBER_TYPE,
  InstanceType::HEAP_NUMBER_TYPE,
  InstanceType::HEAP_NUMBER_TYPE,
  InstanceType::HEAP_NUMBER_TYPE,
  InstanceType::HEAP_NUMBER_TYPE,
  InstanceType::HEAP_NUMBER_TYPE,
  InstanceType::HEAP_NUMBER_TYPE,
  InstanceType::HEAP_NUMBER_TYPE,
  InstanceType::HEAP_NUMBER_TYPE,
  InstanceType::HEAP_NUMBER_TYPE,
  InstanceType::HEAP_NUMBER_TYPE,
  InstanceType::HEAP_NUMBER_TYPE,
  InstanceType::HEAP_NUMBER_TYPE,
  InstanceType::HEAP_NUMBER_TYPE,
  InstanceType::HEAP_NUMBER_TYPE,
  InstanceType::HEAP_NUMBER_TYPE,
  InstanceType::HEAP_NUMBER_TYPE,
  InstanceType::HEAP_NUMBER_TYPE,
  InstanceType::HEAP_NUMBER_TYPE,
  InstanceType::HEAP_NUMBER_TYPE,
  InstanceType::HEAP_NUMBER_TYPE,
  InstanceType::HEAP_NUMBER_TYPE,
  InstanceType::HEAP_NUMBER_TYPE,
  InstanceType::HEAP_NUMBER_TYPE,
  InstanceType::HEAP_NUMBER_TYPE,
  InstanceType::HEAP_NUMBER_TYPE,
  InstanceType::HEAP_NUMBER_TYPE,
  InstanceType::HEAP_NUMBER_TYPE,
  InstanceType::HEAP_NUMBER_TYPE,
  InstanceType::HEAP_NUMBER_TYPE,
  InstanceType::HEAP_NUMBER_TYPE,
  InstanceType::HEAP_NUMBER_TYPE,
  InstanceType::HEAP_NUMBER_TYPE,
  InstanceType::HEAP_NUMBER_TYPE,
  InstanceType::HEAP_NUMBER_TYPE,
  InstanceType::HEAP_NUMBER_TYPE,
  InstanceType::HEAP_NUMBER_TYPE,
  InstanceType::HEAP_NUMBER_TYPE,
  InstanceType::HEAP_NUMBER_TYPE,
  InstanceType::HEAP_NUMBER_TYPE,
  InstanceType::HEAP_NUMBER_TYPE,
  InstanceType::HEAP_NUMBER_TYPE,
  InstanceType::HEAP_NUMBER_TYPE,
  InstanceType::HEAP_NUMBER_TYPE,
  InstanceType::HEAP_NUMBER_TYPE,
  InstanceType::HEAP_NUMBER_TYPE,
  InstanceType::HEAP_NUMBER_TYPE,
  InstanceType::HEAP_NUMBER_TYPE,
  InstanceType::HEAP_NUMBER_TYPE,
  InstanceType::HEAP_NUMBER_TYPE,
  InstanceType::HEAP_NUMBER_TYPE,
  InstanceType::HEAP_NUMBER_TYPE,
  InstanceType::HEAP_NUMBER_TYPE,
  InstanceType::HEAP_NUMBER_TYPE,
  InstanceType::HEAP_NUMBER_TYPE,
  InstanceType::HEAP_NUMBER_TYPE,
  InstanceType::HEAP_NUMBER_TYPE,
  InstanceType::HEAP_NUMBER_TYPE,
  InstanceType::HEAP_NUMBER_TYPE,
  InstanceType::HEAP_NUMBER_TYPE,
  InstanceType::HEAP_NUMBER_TYPE,
  InstanceType::HEAP_NUMBER_TYPE,
  InstanceType::HEAP_NUMBER_TYPE,
  InstanceType::HEAP_NUMBER_TYPE,
  InstanceType::HEAP_NUMBER_TYPE,
  InstanceType::HEAP_NUMBER_TYPE,
  InstanceType::HEAP_NUMBER_TYPE,
  InstanceType::HEAP_NUMBER_TYPE,
  InstanceType::HEAP_NUMBER_TYPE,
  InstanceType::HEAP_NUMBER_TYPE,
  InstanceType::HEAP_NUMBER_TYPE,
  InstanceType::HEAP_NUMBER_TYPE,
  InstanceType::HEAP_NUMBER_TYPE,
  InstanceType::HEAP_NUMBER_TYPE,
  InstanceType::HEAP_NUMBER_TYPE,
  InstanceType::HEAP_NUMBER_TYPE,
  InstanceType::HEAP_NUMBER_TYPE,
  InstanceType::HEAP_NUMBER_TYPE,
  InstanceType::HEAP_NUMBER_TYPE,
  InstanceType::FIXED_ARRAY_TYPE,
]
handlers: [
]

