#
# Autogenerated by generate-bytecode-expectations.
#

---
pool type: string
execute: yes
wrap: no
test function name: f

---
snippet: "
  var a = 1;
  function f() { a = 2; }
  f();
"
frame size: 0
parameter count: 1
bytecode array length: 8
bytecodes: [
  /*   21 E> */ B(StackCheck),
  /*   26 S> */ B(LdaSmi), U8(2),
  /*   28 E> */ B(StaGlobalSloppy), U8(0), U8(1),
                B(LdaUndefined),
  /*   33 S> */ B(Return),
]
constant pool: [
  "a",
]
handlers: [
]

---
snippet: "
  var a = \"test\"; function f(b) { a = b; }
  f(\"global\");
"
frame size: 0
parameter count: 2
bytecode array length: 8
bytecodes: [
  /*   26 E> */ B(StackCheck),
  /*   32 S> */ B(Ldar), R(arg0),
  /*   34 E> */ B(StaGlobalSloppy), U8(0), U8(1),
                B(LdaUndefined),
  /*   39 S> */ B(Return),
]
constant pool: [
  "a",
]
handlers: [
]

---
snippet: "
  'use strict'; var a = 1;
  function f() { a = 2; }
  f();
"
frame size: 0
parameter count: 1
bytecode array length: 8
bytecodes: [
  /*   35 E> */ B(StackCheck),
  /*   40 S> */ B(LdaSmi), U8(2),
  /*   42 E> */ B(StaGlobalStrict), U8(0), U8(1),
                B(LdaUndefined),
  /*   47 S> */ B(Return),
]
constant pool: [
  "a",
]
handlers: [
]

---
snippet: "
  a = 1;
  function f() { a = 2; }
  f();
"
frame size: 0
parameter count: 1
bytecode array length: 8
bytecodes: [
  /*   17 E> */ B(StackCheck),
  /*   22 S> */ B(LdaSmi), U8(2),
  /*   24 E> */ B(StaGlobalSloppy), U8(0), U8(1),
                B(LdaUndefined),
  /*   29 S> */ B(Return),
]
constant pool: [
  "a",
]
handlers: [
]

---
snippet: "
  a = 1;
  function f(b) {
    b.name;
    b.name;
    b.name;
    b.name;
    b.name;
    b.name;
    b.name;
    b.name;
    b.name;
    b.name;
    b.name;
    b.name;
    b.name;
    b.name;
    b.name;
    b.name;
    b.name;
    b.name;
    b.name;
    b.name;
    b.name;
    b.name;
    b.name;
    b.name;
    b.name;
    b.name;
    b.name;
    b.name;
    b.name;
    b.name;
    b.name;
    b.name;
    b.name;
    b.name;
    b.name;
    b.name;
    b.name;
    b.name;
    b.name;
    b.name;
    b.name;
    b.name;
    b.name;
    b.name;
    b.name;
    b.name;
    b.name;
    b.name;
    b.name;
    b.name;
    b.name;
    b.name;
    b.name;
    b.name;
    b.name;
    b.name;
    b.name;
    b.name;
    b.name;
    b.name;
    b.name;
    b.name;
    b.name;
    b.name;
    b.name;
    b.name;
    b.name;
    b.name;
    b.name;
    b.name;
    b.name;
    b.name;
    b.name;
    b.name;
    b.name;
    b.name;
    b.name;
    b.name;
    b.name;
    b.name;
    b.name;
    b.name;
    b.name;
    b.name;
    b.name;
    b.name;
    b.name;
    b.name;
    b.name;
    b.name;
    b.name;
    b.name;
    b.name;
    b.name;
    b.name;
    b.name;
    b.name;
    b.name;
    b.name;
    b.name;
    b.name;
    b.name;
    b.name;
    b.name;
    b.name;
    b.name;
    b.name;
    b.name;
    b.name;
    b.name;
    b.name;
    b.name;
    b.name;
    b.name;
    b.name;
    b.name;
    b.name;
    b.name;
    b.name;
    b.name;
    b.name;
    b.name;
    b.name;
    b.name;
    b.name;
    b.name;
    b.name;
    b.name;
    a = 2;
  }
  f({name: 1});
"
frame size: 1
parameter count: 2
bytecode array length: 1035
bytecodes: [
  /*   17 E> */ B(StackCheck),
  /*   25 S> */ B(Ldar), R(arg0),
                B(Star), R(0),
  /*   26 E> */ B(LoadIC), R(0), U8(0), U8(1),
  /*   35 S> */ B(Ldar), R(arg0),
                B(Star), R(0),
  /*   36 E> */ B(LoadIC), R(0), U8(0), U8(3),
  /*   45 S> */ B(Ldar), R(arg0),
                B(Star), R(0),
  /*   46 E> */ B(LoadIC), R(0), U8(0), U8(5),
  /*   55 S> */ B(Ldar), R(arg0),
                B(Star), R(0),
  /*   56 E> */ B(LoadIC), R(0), U8(0), U8(7),
  /*   65 S> */ B(Ldar), R(arg0),
                B(Star), R(0),
  /*   66 E> */ B(LoadIC), R(0), U8(0), U8(9),
  /*   75 S> */ B(Ldar), R(arg0),
                B(Star), R(0),
  /*   76 E> */ B(LoadIC), R(0), U8(0), U8(11),
  /*   85 S> */ B(Ldar), R(arg0),
                B(Star), R(0),
  /*   86 E> */ B(LoadIC), R(0), U8(0), U8(13),
  /*   95 S> */ B(Ldar), R(arg0),
                B(Star), R(0),
  /*   96 E> */ B(LoadIC), R(0), U8(0), U8(15),
  /*  105 S> */ B(Ldar), R(arg0),
                B(Star), R(0),
  /*  106 E> */ B(LoadIC), R(0), U8(0), U8(17),
  /*  115 S> */ B(Ldar), R(arg0),
                B(Star), R(0),
  /*  116 E> */ B(LoadIC), R(0), U8(0), U8(19),
  /*  125 S> */ B(Ldar), R(arg0),
                B(Star), R(0),
  /*  126 E> */ B(LoadIC), R(0), U8(0), U8(21),
  /*  135 S> */ B(Ldar), R(arg0),
                B(Star), R(0),
  /*  136 E> */ B(LoadIC), R(0), U8(0), U8(23),
  /*  145 S> */ B(Ldar), R(arg0),
                B(Star), R(0),
  /*  146 E> */ B(LoadIC), R(0), U8(0), U8(25),
  /*  155 S> */ B(Ldar), R(arg0),
                B(Star), R(0),
  /*  156 E> */ B(LoadIC), R(0), U8(0), U8(27),
  /*  165 S> */ B(Ldar), R(arg0),
                B(Star), R(0),
  /*  166 E> */ B(LoadIC), R(0), U8(0), U8(29),
  /*  175 S> */ B(Ldar), R(arg0),
                B(Star), R(0),
  /*  176 E> */ B(LoadIC), R(0), U8(0), U8(31),
  /*  185 S> */ B(Ldar), R(arg0),
                B(Star), R(0),
  /*  186 E> */ B(LoadIC), R(0), U8(0), U8(33),
  /*  195 S> */ B(Ldar), R(arg0),
                B(Star), R(0),
  /*  196 E> */ B(LoadIC), R(0), U8(0), U8(35),
  /*  205 S> */ B(Ldar), R(arg0),
                B(Star), R(0),
  /*  206 E> */ B(LoadIC), R(0), U8(0), U8(37),
  /*  215 S> */ B(Ldar), R(arg0),
                B(Star), R(0),
  /*  216 E> */ B(LoadIC), R(0), U8(0), U8(39),
  /*  225 S> */ B(Ldar), R(arg0),
                B(Star), R(0),
  /*  226 E> */ B(LoadIC), R(0), U8(0), U8(41),
  /*  235 S> */ B(Ldar), R(arg0),
                B(Star), R(0),
  /*  236 E> */ B(LoadIC), R(0), U8(0), U8(43),
  /*  245 S> */ B(Ldar), R(arg0),
                B(Star), R(0),
  /*  246 E> */ B(LoadIC), R(0), U8(0), U8(45),
  /*  255 S> */ B(Ldar), R(arg0),
                B(Star), R(0),
  /*  256 E> */ B(LoadIC), R(0), U8(0), U8(47),
  /*  265 S> */ B(Ldar), R(arg0),
                B(Star), R(0),
  /*  266 E> */ B(LoadIC), R(0), U8(0), U8(49),
  /*  275 S> */ B(Ldar), R(arg0),
                B(Star), R(0),
  /*  276 E> */ B(LoadIC), R(0), U8(0), U8(51),
  /*  285 S> */ B(Ldar), R(arg0),
                B(Star), R(0),
  /*  286 E> */ B(LoadIC), R(0), U8(0), U8(53),
  /*  295 S> */ B(Ldar), R(arg0),
                B(Star), R(0),
  /*  296 E> */ B(LoadIC), R(0), U8(0), U8(55),
  /*  305 S> */ B(Ldar), R(arg0),
                B(Star), R(0),
  /*  306 E> */ B(LoadIC), R(0), U8(0), U8(57),
  /*  315 S> */ B(Ldar), R(arg0),
                B(Star), R(0),
  /*  316 E> */ B(LoadIC), R(0), U8(0), U8(59),
  /*  325 S> */ B(Ldar), R(arg0),
                B(Star), R(0),
  /*  326 E> */ B(LoadIC), R(0), U8(0), U8(61),
  /*  335 S> */ B(Ldar), R(arg0),
                B(Star), R(0),
  /*  336 E> */ B(LoadIC), R(0), U8(0), U8(63),
  /*  345 S> */ B(Ldar), R(arg0),
                B(Star), R(0),
  /*  346 E> */ B(LoadIC), R(0), U8(0), U8(65),
  /*  355 S> */ B(Ldar), R(arg0),
                B(Star), R(0),
  /*  356 E> */ B(LoadIC), R(0), U8(0), U8(67),
  /*  365 S> */ B(Ldar), R(arg0),
                B(Star), R(0),
  /*  366 E> */ B(LoadIC), R(0), U8(0), U8(69),
  /*  375 S> */ B(Ldar), R(arg0),
                B(Star), R(0),
  /*  376 E> */ B(LoadIC), R(0), U8(0), U8(71),
  /*  385 S> */ B(Ldar), R(arg0),
                B(Star), R(0),
  /*  386 E> */ B(LoadIC), R(0), U8(0), U8(73),
  /*  395 S> */ B(Ldar), R(arg0),
                B(Star), R(0),
  /*  396 E> */ B(LoadIC), R(0), U8(0), U8(75),
  /*  405 S> */ B(Ldar), R(arg0),
                B(Star), R(0),
  /*  406 E> */ B(LoadIC), R(0), U8(0), U8(77),
  /*  415 S> */ B(Ldar), R(arg0),
                B(Star), R(0),
  /*  416 E> */ B(LoadIC), R(0), U8(0), U8(79),
  /*  425 S> */ B(Ldar), R(arg0),
                B(Star), R(0),
  /*  426 E> */ B(LoadIC), R(0), U8(0), U8(81),
  /*  435 S> */ B(Ldar), R(arg0),
                B(Star), R(0),
  /*  436 E> */ B(LoadIC), R(0), U8(0), U8(83),
  /*  445 S> */ B(Ldar), R(arg0),
                B(Star), R(0),
  /*  446 E> */ B(LoadIC), R(0), U8(0), U8(85),
  /*  455 S> */ B(Ldar), R(arg0),
                B(Star), R(0),
  /*  456 E> */ B(LoadIC), R(0), U8(0), U8(87),
  /*  465 S> */ B(Ldar), R(arg0),
                B(Star), R(0),
  /*  466 E> */ B(LoadIC), R(0), U8(0), U8(89),
  /*  475 S> */ B(Ldar), R(arg0),
                B(Star), R(0),
  /*  476 E> */ B(LoadIC), R(0), U8(0), U8(91),
  /*  485 S> */ B(Ldar), R(arg0),
                B(Star), R(0),
  /*  486 E> */ B(LoadIC), R(0), U8(0), U8(93),
  /*  495 S> */ B(Ldar), R(arg0),
                B(Star), R(0),
  /*  496 E> */ B(LoadIC), R(0), U8(0), U8(95),
  /*  505 S> */ B(Ldar), R(arg0),
                B(Star), R(0),
  /*  506 E> */ B(LoadIC), R(0), U8(0), U8(97),
  /*  515 S> */ B(Ldar), R(arg0),
                B(Star), R(0),
  /*  516 E> */ B(LoadIC), R(0), U8(0), U8(99),
  /*  525 S> */ B(Ldar), R(arg0),
                B(Star), R(0),
  /*  526 E> */ B(LoadIC), R(0), U8(0), U8(101),
  /*  535 S> */ B(Ldar), R(arg0),
                B(Star), R(0),
  /*  536 E> */ B(LoadIC), R(0), U8(0), U8(103),
  /*  545 S> */ B(Ldar), R(arg0),
                B(Star), R(0),
  /*  546 E> */ B(LoadIC), R(0), U8(0), U8(105),
  /*  555 S> */ B(Ldar), R(arg0),
                B(Star), R(0),
  /*  556 E> */ B(LoadIC), R(0), U8(0), U8(107),
  /*  565 S> */ B(Ldar), R(arg0),
                B(Star), R(0),
  /*  566 E> */ B(LoadIC), R(0), U8(0), U8(109),
  /*  575 S> */ B(Ldar), R(arg0),
                B(Star), R(0),
  /*  576 E> */ B(LoadIC), R(0), U8(0), U8(111),
  /*  585 S> */ B(Ldar), R(arg0),
                B(Star), R(0),
  /*  586 E> */ B(LoadIC), R(0), U8(0), U8(113),
  /*  595 S> */ B(Ldar), R(arg0),
                B(Star), R(0),
  /*  596 E> */ B(LoadIC), R(0), U8(0), U8(115),
  /*  605 S> */ B(Ldar), R(arg0),
                B(Star), R(0),
  /*  606 E> */ B(LoadIC), R(0), U8(0), U8(117),
  /*  615 S> */ B(Ldar), R(arg0),
                B(Star), R(0),
  /*  616 E> */ B(LoadIC), R(0), U8(0), U8(119),
  /*  625 S> */ B(Ldar), R(arg0),
                B(Star), R(0),
  /*  626 E> */ B(LoadIC), R(0), U8(0), U8(121),
  /*  635 S> */ B(Ldar), R(arg0),
                B(Star), R(0),
  /*  636 E> */ B(LoadIC), R(0), U8(0), U8(123),
  /*  645 S> */ B(Ldar), R(arg0),
                B(Star), R(0),
  /*  646 E> */ B(LoadIC), R(0), U8(0), U8(125),
  /*  655 S> */ B(Ldar), R(arg0),
                B(Star), R(0),
  /*  656 E> */ B(LoadIC), R(0), U8(0), U8(127),
  /*  665 S> */ B(Ldar), R(arg0),
                B(Star), R(0),
  /*  666 E> */ B(LoadIC), R(0), U8(0), U8(129),
  /*  675 S> */ B(Ldar), R(arg0),
                B(Star), R(0),
  /*  676 E> */ B(LoadIC), R(0), U8(0), U8(131),
  /*  685 S> */ B(Ldar), R(arg0),
                B(Star), R(0),
  /*  686 E> */ B(LoadIC), R(0), U8(0), U8(133),
  /*  695 S> */ B(Ldar), R(arg0),
                B(Star), R(0),
  /*  696 E> */ B(LoadIC), R(0), U8(0), U8(135),
  /*  705 S> */ B(Ldar), R(arg0),
                B(Star), R(0),
  /*  706 E> */ B(LoadIC), R(0), U8(0), U8(137),
  /*  715 S> */ B(Ldar), R(arg0),
                B(Star), R(0),
  /*  716 E> */ B(LoadIC), R(0), U8(0), U8(139),
  /*  725 S> */ B(Ldar), R(arg0),
                B(Star), R(0),
  /*  726 E> */ B(LoadIC), R(0), U8(0), U8(141),
  /*  735 S> */ B(Ldar), R(arg0),
                B(Star), R(0),
  /*  736 E> */ B(LoadIC), R(0), U8(0), U8(143),
  /*  745 S> */ B(Ldar), R(arg0),
                B(Star), R(0),
  /*  746 E> */ B(LoadIC), R(0), U8(0), U8(145),
  /*  755 S> */ B(Ldar), R(arg0),
                B(Star), R(0),
  /*  756 E> */ B(LoadIC), R(0), U8(0), U8(147),
  /*  765 S> */ B(Ldar), R(arg0),
                B(Star), R(0),
  /*  766 E> */ B(LoadIC), R(0), U8(0), U8(149),
  /*  775 S> */ B(Ldar), R(arg0),
                B(Star), R(0),
  /*  776 E> */ B(LoadIC), R(0), U8(0), U8(151),
  /*  785 S> */ B(Ldar), R(arg0),
                B(Star), R(0),
  /*  786 E> */ B(LoadIC), R(0), U8(0), U8(153),
  /*  795 S> */ B(Ldar), R(arg0),
                B(Star), R(0),
  /*  796 E> */ B(LoadIC), R(0), U8(0), U8(155),
  /*  805 S> */ B(Ldar), R(arg0),
                B(Star), R(0),
  /*  806 E> */ B(LoadIC), R(0), U8(0), U8(157),
  /*  815 S> */ B(Ldar), R(arg0),
                B(Star), R(0),
  /*  816 E> */ B(LoadIC), R(0), U8(0), U8(159),
  /*  825 S> */ B(Ldar), R(arg0),
                B(Star), R(0),
  /*  826 E> */ B(LoadIC), R(0), U8(0), U8(161),
  /*  835 S> */ B(Ldar), R(arg0),
                B(Star), R(0),
  /*  836 E> */ B(LoadIC), R(0), U8(0), U8(163),
  /*  845 S> */ B(Ldar), R(arg0),
                B(Star), R(0),
  /*  846 E> */ B(LoadIC), R(0), U8(0), U8(165),
  /*  855 S> */ B(Ldar), R(arg0),
                B(Star), R(0),
  /*  856 E> */ B(LoadIC), R(0), U8(0), U8(167),
  /*  865 S> */ B(Ldar), R(arg0),
                B(Star), R(0),
  /*  866 E> */ B(LoadIC), R(0), U8(0), U8(169),
  /*  875 S> */ B(Ldar), R(arg0),
                B(Star), R(0),
  /*  876 E> */ B(LoadIC), R(0), U8(0), U8(171),
  /*  885 S> */ B(Ldar), R(arg0),
                B(Star), R(0),
  /*  886 E> */ B(LoadIC), R(0), U8(0), U8(173),
  /*  895 S> */ B(Ldar), R(arg0),
                B(Star), R(0),
  /*  896 E> */ B(LoadIC), R(0), U8(0), U8(175),
  /*  905 S> */ B(Ldar), R(arg0),
                B(Star), R(0),
  /*  906 E> */ B(LoadIC), R(0), U8(0), U8(177),
  /*  915 S> */ B(Ldar), R(arg0),
                B(Star), R(0),
  /*  916 E> */ B(LoadIC), R(0), U8(0), U8(179),
  /*  925 S> */ B(Ldar), R(arg0),
                B(Star), R(0),
  /*  926 E> */ B(LoadIC), R(0), U8(0), U8(181),
  /*  935 S> */ B(Ldar), R(arg0),
                B(Star), R(0),
  /*  936 E> */ B(LoadIC), R(0), U8(0), U8(183),
  /*  945 S> */ B(Ldar), R(arg0),
                B(Star), R(0),
  /*  946 E> */ B(LoadIC), R(0), U8(0), U8(185),
  /*  955 S> */ B(Ldar), R(arg0),
                B(Star), R(0),
  /*  956 E> */ B(LoadIC), R(0), U8(0), U8(187),
  /*  965 S> */ B(Ldar), R(arg0),
                B(Star), R(0),
  /*  966 E> */ B(LoadIC), R(0), U8(0), U8(189),
  /*  975 S> */ B(Ldar), R(arg0),
                B(Star), R(0),
  /*  976 E> */ B(LoadIC), R(0), U8(0), U8(191),
  /*  985 S> */ B(Ldar), R(arg0),
                B(Star), R(0),
  /*  986 E> */ B(LoadIC), R(0), U8(0), U8(193),
  /*  995 S> */ B(Ldar), R(arg0),
                B(Star), R(0),
  /*  996 E> */ B(LoadIC), R(0), U8(0), U8(195),
  /* 1005 S> */ B(Ldar), R(arg0),
                B(Star), R(0),
  /* 1006 E> */ B(LoadIC), R(0), U8(0), U8(197),
  /* 1015 S> */ B(Ldar), R(arg0),
                B(Star), R(0),
  /* 1016 E> */ B(LoadIC), R(0), U8(0), U8(199),
  /* 1025 S> */ B(Ldar), R(arg0),
                B(Star), R(0),
  /* 1026 E> */ B(LoadIC), R(0), U8(0), U8(201),
  /* 1035 S> */ B(Ldar), R(arg0),
                B(Star), R(0),
  /* 1036 E> */ B(LoadIC), R(0), U8(0), U8(203),
  /* 1045 S> */ B(Ldar), R(arg0),
                B(Star), R(0),
  /* 1046 E> */ B(LoadIC), R(0), U8(0), U8(205),
  /* 1055 S> */ B(Ldar), R(arg0),
                B(Star), R(0),
  /* 1056 E> */ B(LoadIC), R(0), U8(0), U8(207),
  /* 1065 S> */ B(Ldar), R(arg0),
                B(Star), R(0),
  /* 1066 E> */ B(LoadIC), R(0), U8(0), U8(209),
  /* 1075 S> */ B(Ldar), R(arg0),
                B(Star), R(0),
  /* 1076 E> */ B(LoadIC), R(0), U8(0), U8(211),
  /* 1085 S> */ B(Ldar), R(arg0),
                B(Star), R(0),
  /* 1086 E> */ B(LoadIC), R(0), U8(0), U8(213),
  /* 1095 S> */ B(Ldar), R(arg0),
                B(Star), R(0),
  /* 1096 E> */ B(LoadIC), R(0), U8(0), U8(215),
  /* 1105 S> */ B(Ldar), R(arg0),
                B(Star), R(0),
  /* 1106 E> */ B(LoadIC), R(0), U8(0), U8(217),
  /* 1115 S> */ B(Ldar), R(arg0),
                B(Star), R(0),
  /* 1116 E> */ B(LoadIC), R(0), U8(0), U8(219),
  /* 1125 S> */ B(Ldar), R(arg0),
                B(Star), R(0),
  /* 1126 E> */ B(LoadIC), R(0), U8(0), U8(221),
  /* 1135 S> */ B(Ldar), R(arg0),
                B(Star), R(0),
  /* 1136 E> */ B(LoadIC), R(0), U8(0), U8(223),
  /* 1145 S> */ B(Ldar), R(arg0),
                B(Star), R(0),
  /* 1146 E> */ B(LoadIC), R(0), U8(0), U8(225),
  /* 1155 S> */ B(Ldar), R(arg0),
                B(Star), R(0),
  /* 1156 E> */ B(LoadIC), R(0), U8(0), U8(227),
  /* 1165 S> */ B(Ldar), R(arg0),
                B(Star), R(0),
  /* 1166 E> */ B(LoadIC), R(0), U8(0), U8(229),
  /* 1175 S> */ B(Ldar), R(arg0),
                B(Star), R(0),
  /* 1176 E> */ B(LoadIC), R(0), U8(0), U8(231),
  /* 1185 S> */ B(Ldar), R(arg0),
                B(Star), R(0),
  /* 1186 E> */ B(LoadIC), R(0), U8(0), U8(233),
  /* 1195 S> */ B(Ldar), R(arg0),
                B(Star), R(0),
  /* 1196 E> */ B(LoadIC), R(0), U8(0), U8(235),
  /* 1205 S> */ B(Ldar), R(arg0),
                B(Star), R(0),
  /* 1206 E> */ B(LoadIC), R(0), U8(0), U8(237),
  /* 1215 S> */ B(Ldar), R(arg0),
                B(Star), R(0),
  /* 1216 E> */ B(LoadIC), R(0), U8(0), U8(239),
  /* 1225 S> */ B(Ldar), R(arg0),
                B(Star), R(0),
  /* 1226 E> */ B(LoadIC), R(0), U8(0), U8(241),
  /* 1235 S> */ B(Ldar), R(arg0),
                B(Star), R(0),
  /* 1236 E> */ B(LoadIC), R(0), U8(0), U8(243),
  /* 1245 S> */ B(Ldar), R(arg0),
                B(Star), R(0),
  /* 1246 E> */ B(LoadIC), R(0), U8(0), U8(245),
  /* 1255 S> */ B(Ldar), R(arg0),
                B(Star), R(0),
  /* 1256 E> */ B(LoadIC), R(0), U8(0), U8(247),
  /* 1265 S> */ B(Ldar), R(arg0),
                B(Star), R(0),
  /* 1266 E> */ B(LoadIC), R(0), U8(0), U8(249),
  /* 1275 S> */ B(Ldar), R(arg0),
                B(Star), R(0),
  /* 1276 E> */ B(LoadIC), R(0), U8(0), U8(251),
  /* 1285 S> */ B(Ldar), R(arg0),
                B(Star), R(0),
  /* 1286 E> */ B(LoadIC), R(0), U8(0), U8(253),
  /* 1295 S> */ B(Ldar), R(arg0),
                B(Star), R(0),
  /* 1296 E> */ B(LoadIC), R(0), U8(0), U8(255),
  /* 1305 S> */ B(LdaSmi), U8(2),
  /* 1307 E> */ B(Wide), B(StaGlobalSloppy), U16(1), U16(257),
                B(LdaUndefined),
  /* 1312 S> */ B(Return),
]
constant pool: [
  "name",
  "a",
]
handlers: [
]

---
snippet: "
  a = 1;
  function f(b) {
    'use strict';
    b.name;
    b.name;
    b.name;
    b.name;
    b.name;
    b.name;
    b.name;
    b.name;
    b.name;
    b.name;
    b.name;
    b.name;
    b.name;
    b.name;
    b.name;
    b.name;
    b.name;
    b.name;
    b.name;
    b.name;
    b.name;
    b.name;
    b.name;
    b.name;
    b.name;
    b.name;
    b.name;
    b.name;
    b.name;
    b.name;
    b.name;
    b.name;
    b.name;
    b.name;
    b.name;
    b.name;
    b.name;
    b.name;
    b.name;
    b.name;
    b.name;
    b.name;
    b.name;
    b.name;
    b.name;
    b.name;
    b.name;
    b.name;
    b.name;
    b.name;
    b.name;
    b.name;
    b.name;
    b.name;
    b.name;
    b.name;
    b.name;
    b.name;
    b.name;
    b.name;
    b.name;
    b.name;
    b.name;
    b.name;
    b.name;
    b.name;
    b.name;
    b.name;
    b.name;
    b.name;
    b.name;
    b.name;
    b.name;
    b.name;
    b.name;
    b.name;
    b.name;
    b.name;
    b.name;
    b.name;
    b.name;
    b.name;
    b.name;
    b.name;
    b.name;
    b.name;
    b.name;
    b.name;
    b.name;
    b.name;
    b.name;
    b.name;
    b.name;
    b.name;
    b.name;
    b.name;
    b.name;
    b.name;
    b.name;
    b.name;
    b.name;
    b.name;
    b.name;
    b.name;
    b.name;
    b.name;
    b.name;
    b.name;
    b.name;
    b.name;
    b.name;
    b.name;
    b.name;
    b.name;
    b.name;
    b.name;
    b.name;
    b.name;
    b.name;
    b.name;
    b.name;
    b.name;
    b.name;
    b.name;
    b.name;
    b.name;
    b.name;
    b.name;
    a = 2;
  }
  f({name: 1});
"
frame size: 1
parameter count: 2
bytecode array length: 1035
bytecodes: [
  /*   17 E> */ B(StackCheck),
  /*   41 S> */ B(Ldar), R(arg0),
                B(Star), R(0),
  /*   42 E> */ B(LoadIC), R(0), U8(0), U8(1),
  /*   51 S> */ B(Ldar), R(arg0),
                B(Star), R(0),
  /*   52 E> */ B(LoadIC), R(0), U8(0), U8(3),
  /*   61 S> */ B(Ldar), R(arg0),
                B(Star), R(0),
  /*   62 E> */ B(LoadIC), R(0), U8(0), U8(5),
  /*   71 S> */ B(Ldar), R(arg0),
                B(Star), R(0),
  /*   72 E> */ B(LoadIC), R(0), U8(0), U8(7),
  /*   81 S> */ B(Ldar), R(arg0),
                B(Star), R(0),
  /*   82 E> */ B(LoadIC), R(0), U8(0), U8(9),
  /*   91 S> */ B(Ldar), R(arg0),
                B(Star), R(0),
  /*   92 E> */ B(LoadIC), R(0), U8(0), U8(11),
  /*  101 S> */ B(Ldar), R(arg0),
                B(Star), R(0),
  /*  102 E> */ B(LoadIC), R(0), U8(0), U8(13),
  /*  111 S> */ B(Ldar), R(arg0),
                B(Star), R(0),
  /*  112 E> */ B(LoadIC), R(0), U8(0), U8(15),
  /*  121 S> */ B(Ldar), R(arg0),
                B(Star), R(0),
  /*  122 E> */ B(LoadIC), R(0), U8(0), U8(17),
  /*  131 S> */ B(Ldar), R(arg0),
                B(Star), R(0),
  /*  132 E> */ B(LoadIC), R(0), U8(0), U8(19),
  /*  141 S> */ B(Ldar), R(arg0),
                B(Star), R(0),
  /*  142 E> */ B(LoadIC), R(0), U8(0), U8(21),
  /*  151 S> */ B(Ldar), R(arg0),
                B(Star), R(0),
  /*  152 E> */ B(LoadIC), R(0), U8(0), U8(23),
  /*  161 S> */ B(Ldar), R(arg0),
                B(Star), R(0),
  /*  162 E> */ B(LoadIC), R(0), U8(0), U8(25),
  /*  171 S> */ B(Ldar), R(arg0),
                B(Star), R(0),
  /*  172 E> */ B(LoadIC), R(0), U8(0), U8(27),
  /*  181 S> */ B(Ldar), R(arg0),
                B(Star), R(0),
  /*  182 E> */ B(LoadIC), R(0), U8(0), U8(29),
  /*  191 S> */ B(Ldar), R(arg0),
                B(Star), R(0),
  /*  192 E> */ B(LoadIC), R(0), U8(0), U8(31),
  /*  201 S> */ B(Ldar), R(arg0),
                B(Star), R(0),
  /*  202 E> */ B(LoadIC), R(0), U8(0), U8(33),
  /*  211 S> */ B(Ldar), R(arg0),
                B(Star), R(0),
  /*  212 E> */ B(LoadIC), R(0), U8(0), U8(35),
  /*  221 S> */ B(Ldar), R(arg0),
                B(Star), R(0),
  /*  222 E> */ B(LoadIC), R(0), U8(0), U8(37),
  /*  231 S> */ B(Ldar), R(arg0),
                B(Star), R(0),
  /*  232 E> */ B(LoadIC), R(0), U8(0), U8(39),
  /*  241 S> */ B(Ldar), R(arg0),
                B(Star), R(0),
  /*  242 E> */ B(LoadIC), R(0), U8(0), U8(41),
  /*  251 S> */ B(Ldar), R(arg0),
                B(Star), R(0),
  /*  252 E> */ B(LoadIC), R(0), U8(0), U8(43),
  /*  261 S> */ B(Ldar), R(arg0),
                B(Star), R(0),
  /*  262 E> */ B(LoadIC), R(0), U8(0), U8(45),
  /*  271 S> */ B(Ldar), R(arg0),
                B(Star), R(0),
  /*  272 E> */ B(LoadIC), R(0), U8(0), U8(47),
  /*  281 S> */ B(Ldar), R(arg0),
                B(Star), R(0),
  /*  282 E> */ B(LoadIC), R(0), U8(0), U8(49),
  /*  291 S> */ B(Ldar), R(arg0),
                B(Star), R(0),
  /*  292 E> */ B(LoadIC), R(0), U8(0), U8(51),
  /*  301 S> */ B(Ldar), R(arg0),
                B(Star), R(0),
  /*  302 E> */ B(LoadIC), R(0), U8(0), U8(53),
  /*  311 S> */ B(Ldar), R(arg0),
                B(Star), R(0),
  /*  312 E> */ B(LoadIC), R(0), U8(0), U8(55),
  /*  321 S> */ B(Ldar), R(arg0),
                B(Star), R(0),
  /*  322 E> */ B(LoadIC), R(0), U8(0), U8(57),
  /*  331 S> */ B(Ldar), R(arg0),
                B(Star), R(0),
  /*  332 E> */ B(LoadIC), R(0), U8(0), U8(59),
  /*  341 S> */ B(Ldar), R(arg0),
                B(Star), R(0),
  /*  342 E> */ B(LoadIC), R(0), U8(0), U8(61),
  /*  351 S> */ B(Ldar), R(arg0),
                B(Star), R(0),
  /*  352 E> */ B(LoadIC), R(0), U8(0), U8(63),
  /*  361 S> */ B(Ldar), R(arg0),
                B(Star), R(0),
  /*  362 E> */ B(LoadIC), R(0), U8(0), U8(65),
  /*  371 S> */ B(Ldar), R(arg0),
                B(Star), R(0),
  /*  372 E> */ B(LoadIC), R(0), U8(0), U8(67),
  /*  381 S> */ B(Ldar), R(arg0),
                B(Star), R(0),
  /*  382 E> */ B(LoadIC), R(0), U8(0), U8(69),
  /*  391 S> */ B(Ldar), R(arg0),
                B(Star), R(0),
  /*  392 E> */ B(LoadIC), R(0), U8(0), U8(71),
  /*  401 S> */ B(Ldar), R(arg0),
                B(Star), R(0),
  /*  402 E> */ B(LoadIC), R(0), U8(0), U8(73),
  /*  411 S> */ B(Ldar), R(arg0),
                B(Star), R(0),
  /*  412 E> */ B(LoadIC), R(0), U8(0), U8(75),
  /*  421 S> */ B(Ldar), R(arg0),
                B(Star), R(0),
  /*  422 E> */ B(LoadIC), R(0), U8(0), U8(77),
  /*  431 S> */ B(Ldar), R(arg0),
                B(Star), R(0),
  /*  432 E> */ B(LoadIC), R(0), U8(0), U8(79),
  /*  441 S> */ B(Ldar), R(arg0),
                B(Star), R(0),
  /*  442 E> */ B(LoadIC), R(0), U8(0), U8(81),
  /*  451 S> */ B(Ldar), R(arg0),
                B(Star), R(0),
  /*  452 E> */ B(LoadIC), R(0), U8(0), U8(83),
  /*  461 S> */ B(Ldar), R(arg0),
                B(Star), R(0),
  /*  462 E> */ B(LoadIC), R(0), U8(0), U8(85),
  /*  471 S> */ B(Ldar), R(arg0),
                B(Star), R(0),
  /*  472 E> */ B(LoadIC), R(0), U8(0), U8(87),
  /*  481 S> */ B(Ldar), R(arg0),
                B(Star), R(0),
  /*  482 E> */ B(LoadIC), R(0), U8(0), U8(89),
  /*  491 S> */ B(Ldar), R(arg0),
                B(Star), R(0),
  /*  492 E> */ B(LoadIC), R(0), U8(0), U8(91),
  /*  501 S> */ B(Ldar), R(arg0),
                B(Star), R(0),
  /*  502 E> */ B(LoadIC), R(0), U8(0), U8(93),
  /*  511 S> */ B(Ldar), R(arg0),
                B(Star), R(0),
  /*  512 E> */ B(LoadIC), R(0), U8(0), U8(95),
  /*  521 S> */ B(Ldar), R(arg0),
                B(Star), R(0),
  /*  522 E> */ B(LoadIC), R(0), U8(0), U8(97),
  /*  531 S> */ B(Ldar), R(arg0),
                B(Star), R(0),
  /*  532 E> */ B(LoadIC), R(0), U8(0), U8(99),
  /*  541 S> */ B(Ldar), R(arg0),
                B(Star), R(0),
  /*  542 E> */ B(LoadIC), R(0), U8(0), U8(101),
  /*  551 S> */ B(Ldar), R(arg0),
                B(Star), R(0),
  /*  552 E> */ B(LoadIC), R(0), U8(0), U8(103),
  /*  561 S> */ B(Ldar), R(arg0),
                B(Star), R(0),
  /*  562 E> */ B(LoadIC), R(0), U8(0), U8(105),
  /*  571 S> */ B(Ldar), R(arg0),
                B(Star), R(0),
  /*  572 E> */ B(LoadIC), R(0), U8(0), U8(107),
  /*  581 S> */ B(Ldar), R(arg0),
                B(Star), R(0),
  /*  582 E> */ B(LoadIC), R(0), U8(0), U8(109),
  /*  591 S> */ B(Ldar), R(arg0),
                B(Star), R(0),
  /*  592 E> */ B(LoadIC), R(0), U8(0), U8(111),
  /*  601 S> */ B(Ldar), R(arg0),
                B(Star), R(0),
  /*  602 E> */ B(LoadIC), R(0), U8(0), U8(113),
  /*  611 S> */ B(Ldar), R(arg0),
                B(Star), R(0),
  /*  612 E> */ B(LoadIC), R(0), U8(0), U8(115),
  /*  621 S> */ B(Ldar), R(arg0),
                B(Star), R(0),
  /*  622 E> */ B(LoadIC), R(0), U8(0), U8(117),
  /*  631 S> */ B(Ldar), R(arg0),
                B(Star), R(0),
  /*  632 E> */ B(LoadIC), R(0), U8(0), U8(119),
  /*  641 S> */ B(Ldar), R(arg0),
                B(Star), R(0),
  /*  642 E> */ B(LoadIC), R(0), U8(0), U8(121),
  /*  651 S> */ B(Ldar), R(arg0),
                B(Star), R(0),
  /*  652 E> */ B(LoadIC), R(0), U8(0), U8(123),
  /*  661 S> */ B(Ldar), R(arg0),
                B(Star), R(0),
  /*  662 E> */ B(LoadIC), R(0), U8(0), U8(125),
  /*  671 S> */ B(Ldar), R(arg0),
                B(Star), R(0),
  /*  672 E> */ B(LoadIC), R(0), U8(0), U8(127),
  /*  681 S> */ B(Ldar), R(arg0),
                B(Star), R(0),
  /*  682 E> */ B(LoadIC), R(0), U8(0), U8(129),
  /*  691 S> */ B(Ldar), R(arg0),
                B(Star), R(0),
  /*  692 E> */ B(LoadIC), R(0), U8(0), U8(131),
  /*  701 S> */ B(Ldar), R(arg0),
                B(Star), R(0),
  /*  702 E> */ B(LoadIC), R(0), U8(0), U8(133),
  /*  711 S> */ B(Ldar), R(arg0),
                B(Star), R(0),
  /*  712 E> */ B(LoadIC), R(0), U8(0), U8(135),
  /*  721 S> */ B(Ldar), R(arg0),
                B(Star), R(0),
  /*  722 E> */ B(LoadIC), R(0), U8(0), U8(137),
  /*  731 S> */ B(Ldar), R(arg0),
                B(Star), R(0),
  /*  732 E> */ B(LoadIC), R(0), U8(0), U8(139),
  /*  741 S> */ B(Ldar), R(arg0),
                B(Star), R(0),
  /*  742 E> */ B(LoadIC), R(0), U8(0), U8(141),
  /*  751 S> */ B(Ldar), R(arg0),
                B(Star), R(0),
  /*  752 E> */ B(LoadIC), R(0), U8(0), U8(143),
  /*  761 S> */ B(Ldar), R(arg0),
                B(Star), R(0),
  /*  762 E> */ B(LoadIC), R(0), U8(0), U8(145),
  /*  771 S> */ B(Ldar), R(arg0),
                B(Star), R(0),
  /*  772 E> */ B(LoadIC), R(0), U8(0), U8(147),
  /*  781 S> */ B(Ldar), R(arg0),
                B(Star), R(0),
  /*  782 E> */ B(LoadIC), R(0), U8(0), U8(149),
  /*  791 S> */ B(Ldar), R(arg0),
                B(Star), R(0),
  /*  792 E> */ B(LoadIC), R(0), U8(0), U8(151),
  /*  801 S> */ B(Ldar), R(arg0),
                B(Star), R(0),
  /*  802 E> */ B(LoadIC), R(0), U8(0), U8(153),
  /*  811 S> */ B(Ldar), R(arg0),
                B(Star), R(0),
  /*  812 E> */ B(LoadIC), R(0), U8(0), U8(155),
  /*  821 S> */ B(Ldar), R(arg0),
                B(Star), R(0),
  /*  822 E> */ B(LoadIC), R(0), U8(0), U8(157),
  /*  831 S> */ B(Ldar), R(arg0),
                B(Star), R(0),
  /*  832 E> */ B(LoadIC), R(0), U8(0), U8(159),
  /*  841 S> */ B(Ldar), R(arg0),
                B(Star), R(0),
  /*  842 E> */ B(LoadIC), R(0), U8(0), U8(161),
  /*  851 S> */ B(Ldar), R(arg0),
                B(Star), R(0),
  /*  852 E> */ B(LoadIC), R(0), U8(0), U8(163),
  /*  861 S> */ B(Ldar), R(arg0),
                B(Star), R(0),
  /*  862 E> */ B(LoadIC), R(0), U8(0), U8(165),
  /*  871 S> */ B(Ldar), R(arg0),
                B(Star), R(0),
  /*  872 E> */ B(LoadIC), R(0), U8(0), U8(167),
  /*  881 S> */ B(Ldar), R(arg0),
                B(Star), R(0),
  /*  882 E> */ B(LoadIC), R(0), U8(0), U8(169),
  /*  891 S> */ B(Ldar), R(arg0),
                B(Star), R(0),
  /*  892 E> */ B(LoadIC), R(0), U8(0), U8(171),
  /*  901 S> */ B(Ldar), R(arg0),
                B(Star), R(0),
  /*  902 E> */ B(LoadIC), R(0), U8(0), U8(173),
  /*  911 S> */ B(Ldar), R(arg0),
                B(Star), R(0),
  /*  912 E> */ B(LoadIC), R(0), U8(0), U8(175),
  /*  921 S> */ B(Ldar), R(arg0),
                B(Star), R(0),
  /*  922 E> */ B(LoadIC), R(0), U8(0), U8(177),
  /*  931 S> */ B(Ldar), R(arg0),
                B(Star), R(0),
  /*  932 E> */ B(LoadIC), R(0), U8(0), U8(179),
  /*  941 S> */ B(Ldar), R(arg0),
                B(Star), R(0),
  /*  942 E> */ B(LoadIC), R(0), U8(0), U8(181),
  /*  951 S> */ B(Ldar), R(arg0),
                B(Star), R(0),
  /*  952 E> */ B(LoadIC), R(0), U8(0), U8(183),
  /*  961 S> */ B(Ldar), R(arg0),
                B(Star), R(0),
  /*  962 E> */ B(LoadIC), R(0), U8(0), U8(185),
  /*  971 S> */ B(Ldar), R(arg0),
                B(Star), R(0),
  /*  972 E> */ B(LoadIC), R(0), U8(0), U8(187),
  /*  981 S> */ B(Ldar), R(arg0),
                B(Star), R(0),
  /*  982 E> */ B(LoadIC), R(0), U8(0), U8(189),
  /*  991 S> */ B(Ldar), R(arg0),
                B(Star), R(0),
  /*  992 E> */ B(LoadIC), R(0), U8(0), U8(191),
  /* 1001 S> */ B(Ldar), R(arg0),
                B(Star), R(0),
  /* 1002 E> */ B(LoadIC), R(0), U8(0), U8(193),
  /* 1011 S> */ B(Ldar), R(arg0),
                B(Star), R(0),
  /* 1012 E> */ B(LoadIC), R(0), U8(0), U8(195),
  /* 1021 S> */ B(Ldar), R(arg0),
                B(Star), R(0),
  /* 1022 E> */ B(LoadIC), R(0), U8(0), U8(197),
  /* 1031 S> */ B(Ldar), R(arg0),
                B(Star), R(0),
  /* 1032 E> */ B(LoadIC), R(0), U8(0), U8(199),
  /* 1041 S> */ B(Ldar), R(arg0),
                B(Star), R(0),
  /* 1042 E> */ B(LoadIC), R(0), U8(0), U8(201),
  /* 1051 S> */ B(Ldar), R(arg0),
                B(Star), R(0),
  /* 1052 E> */ B(LoadIC), R(0), U8(0), U8(203),
  /* 1061 S> */ B(Ldar), R(arg0),
                B(Star), R(0),
  /* 1062 E> */ B(LoadIC), R(0), U8(0), U8(205),
  /* 1071 S> */ B(Ldar), R(arg0),
                B(Star), R(0),
  /* 1072 E> */ B(LoadIC), R(0), U8(0), U8(207),
  /* 1081 S> */ B(Ldar), R(arg0),
                B(Star), R(0),
  /* 1082 E> */ B(LoadIC), R(0), U8(0), U8(209),
  /* 1091 S> */ B(Ldar), R(arg0),
                B(Star), R(0),
  /* 1092 E> */ B(LoadIC), R(0), U8(0), U8(211),
  /* 1101 S> */ B(Ldar), R(arg0),
                B(Star), R(0),
  /* 1102 E> */ B(LoadIC), R(0), U8(0), U8(213),
  /* 1111 S> */ B(Ldar), R(arg0),
                B(Star), R(0),
  /* 1112 E> */ B(LoadIC), R(0), U8(0), U8(215),
  /* 1121 S> */ B(Ldar), R(arg0),
                B(Star), R(0),
  /* 1122 E> */ B(LoadIC), R(0), U8(0), U8(217),
  /* 1131 S> */ B(Ldar), R(arg0),
                B(Star), R(0),
  /* 1132 E> */ B(LoadIC), R(0), U8(0), U8(219),
  /* 1141 S> */ B(Ldar), R(arg0),
                B(Star), R(0),
  /* 1142 E> */ B(LoadIC), R(0), U8(0), U8(221),
  /* 1151 S> */ B(Ldar), R(arg0),
                B(Star), R(0),
  /* 1152 E> */ B(LoadIC), R(0), U8(0), U8(223),
  /* 1161 S> */ B(Ldar), R(arg0),
                B(Star), R(0),
  /* 1162 E> */ B(LoadIC), R(0), U8(0), U8(225),
  /* 1171 S> */ B(Ldar), R(arg0),
                B(Star), R(0),
  /* 1172 E> */ B(LoadIC), R(0), U8(0), U8(227),
  /* 1181 S> */ B(Ldar), R(arg0),
                B(Star), R(0),
  /* 1182 E> */ B(LoadIC), R(0), U8(0), U8(229),
  /* 1191 S> */ B(Ldar), R(arg0),
                B(Star), R(0),
  /* 1192 E> */ B(LoadIC), R(0), U8(0), U8(231),
  /* 1201 S> */ B(Ldar), R(arg0),
                B(Star), R(0),
  /* 1202 E> */ B(LoadIC), R(0), U8(0), U8(233),
  /* 1211 S> */ B(Ldar), R(arg0),
                B(Star), R(0),
  /* 1212 E> */ B(LoadIC), R(0), U8(0), U8(235),
  /* 1221 S> */ B(Ldar), R(arg0),
                B(Star), R(0),
  /* 1222 E> */ B(LoadIC), R(0), U8(0), U8(237),
  /* 1231 S> */ B(Ldar), R(arg0),
                B(Star), R(0),
  /* 1232 E> */ B(LoadIC), R(0), U8(0), U8(239),
  /* 1241 S> */ B(Ldar), R(arg0),
                B(Star), R(0),
  /* 1242 E> */ B(LoadIC), R(0), U8(0), U8(241),
  /* 1251 S> */ B(Ldar), R(arg0),
                B(Star), R(0),
  /* 1252 E> */ B(LoadIC), R(0), U8(0), U8(243),
  /* 1261 S> */ B(Ldar), R(arg0),
                B(Star), R(0),
  /* 1262 E> */ B(LoadIC), R(0), U8(0), U8(245),
  /* 1271 S> */ B(Ldar), R(arg0),
                B(Star), R(0),
  /* 1272 E> */ B(LoadIC), R(0), U8(0), U8(247),
  /* 1281 S> */ B(Ldar), R(arg0),
                B(Star), R(0),
  /* 1282 E> */ B(LoadIC), R(0), U8(0), U8(249),
  /* 1291 S> */ B(Ldar), R(arg0),
                B(Star), R(0),
  /* 1292 E> */ B(LoadIC), R(0), U8(0), U8(251),
  /* 1301 S> */ B(Ldar), R(arg0),
                B(Star), R(0),
  /* 1302 E> */ B(LoadIC), R(0), U8(0), U8(253),
  /* 1311 S> */ B(Ldar), R(arg0),
                B(Star), R(0),
  /* 1312 E> */ B(LoadIC), R(0), U8(0), U8(255),
  /* 1321 S> */ B(LdaSmi), U8(2),
  /* 1323 E> */ B(Wide), B(StaGlobalStrict), U16(1), U16(257),
                B(LdaUndefined),
  /* 1328 S> */ B(Return),
]
constant pool: [
  "name",
  "a",
]
handlers: [
]

